border_size=1
usage=map

Ms^Xm       , Ms^Xm       , Ms^Xm       , Ms^Xm       , Ms^Xm       , Ms^Xm       , Ms^Xm       , Ms^Xm       , Ms^Xm       , Ms^Xm       , Ms^Xm       , Ms^Xm       , Ms^Xm       , Ms^Xm       , Ms^Xm       , Ms^Xm       , Ai          , Ms^Xm       , Ms^Xm       , Ms^Xm       , Ms          , Ai          , Ms^Xm       , Ms          , Ms^Xm       , Ms^Xm       , Ms^Xm       , Ms^Xm       , Ms^Xm       , Ms^Xm       , Ms^Xm       , Ms          , Ms^Xm       , Ms^Xm       , Ai          , Ms^Xm       , Ms^Xm       , Ms^Xm       , Ms^Xm       , Ms^Xm       , Ms^Xm       , Ms^Xm       , Ms^Xm       , Ms^Xm       , Ms^Xm       , Ms^Xm       , Ms^Xm       , Ms^Xm       , Ms^Xm       , Ms^Xm       , Ms^Xm       , Ms^Xm       , Ms^Xm       , Ms^Xm       , Ms^Xm       , Ms^Xm       , Ms^Xm       , Ms^Xm       , Ms^Xm       , Ms^Xm       , Ms^Xm       , Ms^Xm       
Ms^Xm       , Ms^Xm       , Ms^Xm       , Ms^Xm       , Ms          , Ms^Xm       , Ms^Xm       , Ms^Xm       , Ms          , Ms^Xm       , Ms^Xm       , Ms^Xm       , Ms^Xm       , Ms^Xm       , Ms          , Ms^Xm       , Ai          , Ms          , Ms          , Ms          , Ai          , Ai          , Ms          , Ms          , Ms          , Ms^Xm       , Ms          , Ms^Xm       , Ms          , Ms^Xm       , Ms          , Ms^Xm       , Ms          , Ai          , Ai          , Ms          , Ms          , Ms^Xm       , Ms^Xm       , Ms^Xm       , Ms          , Ms          , Ms          , Ms          , Ms^Xm       , Ms^Xm       , Ms          , Ms^Xm       , Ms          , Ms^Xm       , Ms^Xm       , Ms^Xm       , Ms^Xm       , Ms^Xm       , Ms^Xm       , Ms^Xm       , Ms          , Ms^Xm       , Ms^Xm       , Ms^Xm       , Ms          , Ms^Xm       
Ms^Xm       , Ms^Xm       , Ms^Xm       , Ms          , Ms          , Ms          , Ms          , Ms^Xm       , Ms          , Ms          , Ms          , Ms          , Ms^Xm       , Ms          , Ms          , Ha          , Ha^Fda      , Wog         , Wog         , Wog         , Ms          , Ms          , Ms          , Ms          , Ms          , Ms          , Wog         , Ms          , Wog         , Wog         , Ms          , Ms          , Ms          , Ms          , Wog         , Ai          , Ms          , Ms          , Ms          , Ms          , Ms          , Ms          , Ms          , Ms          , Ms          , Ms          , Ms          , Ms          , Ms          , Ms          , Ms          , Ms          , Ms          , Ms          , Ms^Xm       , Ms^Xm       , Ms^Xm       , Ms^Xm       , Ms          , Ms          , Ha^Fma      , Ms          
Ms^Xm       , Ms^Xm       , Ms^Xm       , Ms^Xm       , Ms^Xm       , Ms^Xm       , Ms          , Ms          , Ms          , Ms          , Ms          , Ms          , Ms          , Ms          , Ms          , Ms          , Ms          , Ms          , Ha^Fda      , Wog         , Wog         , Ms          , Ha          , Ms          , Ms          , Ms          , Ms          , Wog         , Ms          , Ms          , Ha          , Ms          , Ms          , Ms          , Wog         , Ms          , Ha^Fda      , Ms          , Ms          , Ms          , Ms          , Ms          , Ms          , Ms          , Ms          , Ms          , Ms          , Ms          , Ms          , Ms          , Ms          , Ms          , Ms          , Ms          , Ms          , Ms          , Ha^Fma      , Ms          , Ms          , Ms          , Ha^Fda      , Aa          
Ms^Xm       , Ms^Xm       , Ms^Xm       , Ms^Xm       , Ms^Xm       , Ms^Xm       , Ms          , Ms          , Ms          , Ms          , Ms          , Ms          , Ms          , Ms          , Ms          , Ms          , Ms          , Ms          , Ha^Fda      , Aa          , Aa^Fpa      , Wog         , Ha^Fpa      , Ms          , Ha^Fda      , Ha          , Ha          , Wwrg        , Ha^Fda      , Ha^Fda      , Aa          , Ha^Fpa      , Ha^Fpa      , Ha^Fpa      , Wog         , Ha^Fpa      , Ha^Fda      , Ms          , Ms          , Ms          , Ha^Fpa      , Ha^Fpa      , Wog         , Ha^Fpa      , Aa^Fma      , Ms          , Ms          , Ms          , Ms          , Ms          , Ms          , Ms          , Ms          , Ms          , Ha^Fda      , Ha^Fma      , Ms          , Ms          , Ms          , Ms          , Ha^Fda      , Aa          
Ms^Xm       , Ms^Xm       , Ms^Xm       , Ms^Xm       , Ms^Xm       , Ms          , Ms          , Ms          , Ms          , Ms          , Ms          , Ms          , Ha^Fda      , Ha          , Ms          , Ms          , Ms          , Ms          , Ha          , Aa          , Ai          , Wwrg        , Aa^Es       , Ha^Fda      , Aa          , Aa^Fda      , Wwrg        , Wwrg        , Aa          , Aa^Fda      , Ai          , Aa^Fpa      , Aa          , Wog         , Ai          , Aa^Fda      , Ha          , Ms          , Ha^Fda      , Ms          , Ms          , Ha^Fpa      , Aa^Fma      , Wog         , Ha^Fpa      , Ha^Fpa      , Ha^Fda      , Ha^Fda      , Ms          , Ms          , Ms          , Ms          , Ms          , Ha^Fma      , Ha          , Ha^Fda      , Ha^Fma      , Ms          , Ha^Fda      , Ha^Fda      , Aa          , Aa          
Ms^Xm       , Ms^Xm       , Ms^Xm       , Ms^Xm       , Ms          , Ms          , Ms          , Ms          , Ms          , Ms          , Ms          , Ms          , Ha          , Ha          , Ha^Fda      , Ms          , Ms          , Ms          , Ha^Fda      , Aa          , Ai          , Wwg         , Aa          , Aa^Fda      , Ai          , Ai          , Wwg         , Ai          , Aa^Fpa      , Aa^Fda      , Ai          , Ai          , Wog         , Wog         , Aa^Es       , Aa^Fda      , Ha^Vhha     , Ms          , Ha          , Ms          , Ms          , Ha^Fpa      , Ha          , Wwrg        , Wwrg        , Ha^Fpa      , Aa^Fma      , Ha          , Ms          , Ms          , Ms          , Ms          , Ha^Fma      , Ha^Fma      , Aa^Fma      , Aa          , Aa          , Aa          , Ms          , Aa          , Ms          , Ms          
Ms^Xm       , Ms^Xm       , Ms^Xm       , Ms^Xm       , Ms^Xm       , Ms          , Ms          , Ms          , Ms          , Ms          , Ha^Fpa      , Ha^Fda      , Aa^Fda      , Aa          , Aa^Fda      , Ha          , Ha          , Ha^Fda      , Aa^Fda      , Aa          , Gs^Fdw      , Wwg         , Wwg         , Wwg         , Wwg         , Wwg         , Ai          , Ai          , Gll^Fp      , Aa^Fda      , Aa^Fpa      , Wog         , Ai          , Aa          , Gd          , Aa          , Aa^Fda      , Ha^Fpa      , Ha          , Ha^Fda      , Ha^Fda      , Ha^Fda      , Ai          , Aa^Fda      , Wog         , Aa^Es       , Aa^Fma      , Ha^Fda      , Ha^Fda      , Ms          , Ms          , Ha^Fma      , Aa^Fda      , Aa^Es       , Ha          , Ha          , Ms          , Ms          , Ms          , Ms          , Ms          , Ms          
Ms^Xm       , Ms^Xm       , Ms^Xm       , Ms^Xm       , Ms^Xm       , Ms          , Ms          , Ms          , Ha^Fda      , Ha^Fpa      , Aa          , Aa^Fda      , Gs^Fdw      , Gs          , Aa^Fpa      , Aa^Fda      , Aa          , Aa          , Gs^Fdw      , Aa^Fda      , Wwg         , Wwg         , Aa          , Aa^Fda      , Aa          , Wwg         , Gll^Fp      , Gll^Fp      , Gs          , Gs^Fdw      , Wwg         , Wwg         , Gs          , Gd          , Gs^Fdw      , Aa^Fda      , Aa^Fda      , Aa          , Aa^Fda      , Ha          , Aa^Fda      , Ai          , Aa^Fda      , Aa^Es       , Wog         , Aa^Fma      , Aa^Fma      , Ha          , Aa^Fma      , Ha^Fda      , Ha          , Aa          , Aa^Fda      , Aa          , Aa^Fma      , Ha          , Ha^Fda      , Ha^Fda      , Ms          , Ms          , Ms          , Ms          
Ms^Xm       , Ms^Xm       , Ms^Xm       , Ms          , Ms          , Ms          , Ms          , Ms          , Ha          , Aa          , Gs          , Gs^Fdw      , Aa^Fpa      , Gs          , Gs^Fdw      , Gs^Fdw      , Wwf         , Aa          , Wwg         , Wwg         , Wwg         , Gs^Fdw      , Gll^Fp      , Gll^Fp      , Gll^Fp      , Wwg         , Wwf         , Gll^Fp      , Gs          , Gll^Fp      , Wwg         , Gs          , Aa          , Aa^Fda      , Gs^Fdw      , Aa          , Gs^Es       , Gs^Fdw      , Aa          , Aa^Fda      , Aa          , Ai          , Aa          , Aa^Fda      , Wwg         , Aa          , Aa          , Aa^Fda      , Gs^Fdw      , Gs          , Gd          , Aa          , Gs^Fdw      , Aa          , Aa^Es       , Ha^Fda      , Ms          , Ms          , Ms          , Ms          , Ms^Xm       , Ms^Xm       
Ms^Xm       , Ms^Xm       , Ms^Xm       , Ms          , Ms          , Ms          , Ms          , Ms          , Ha^Fpa      , Aa          , Aa^Fpa      , Gs          , Gll^Fp      , Aa^Fpa      , Gll^Fp      , Wwf         , Wwf         , Gs          , Wwg         , Gs          , Wwg         , Gs          , Gs          , Gs          , Gll^Fp      , Wwf         , Gll^Fp      , Gll^Fp      , Wwg         , Wwg         , Gs          , Gs          , Aa          , Aa^Fda      , Gs          , Gs          , Gs^Fdw      , Gs          , Gs          , Gs^Fdw      , Gd^Fmw      , Gs^Fdw      , Wwg         , Wwg         , Gs          , Gd          , Gs          , Gs^Fdw      , Aa          , Aa          , Aa          , Gs          , Aa          , Aa^Es       , Ha          , Ha^Fda      , Ms          , Ms          , Ms          , Ms          , Ms^Xm       , Ms^Xm       
Ms^Xm       , Ms          , Ha^Fda      , Ms          , Ms          , Ha^Fda      , Ms          , Ms          , Ha          , Aa^Fpa      , Aa          , Aa^Fma      , Gll^Fp      , Gll^Fp      , Ss          , Gg          , Gg          , Wwg         , Wwg         , Gs          , Wwf         , Wwg         , Wwf         , Gg          , Gs          , Gs          , Gs          , Gs          , Wwg         , Gs          , Gg          , Gll^Fp      , Gll^Fp      , Gll^Fp      , Gs          , Aa^Fda      , Aa^Fda      , Gs^Fdw      , Aa^Fda      , Aa^Fda      , Wwg         , Wwg^Bw\r    , Gg          , Ai          , Aa          , Aa          , Gs          , Gs          , Gll^Fp      , Aa^Fpa      , Gs^Fdw      , Aa          , Aa^Fda      , Ha^Fda      , Ms          , Ms          , Ms          , Ms          , Ms          , Ms          , Ms^Xm       , Ms^Xm       
Ms^Xm       , Ms          , Ha^Fda      , Ms          , Ha          , Ha^Fpa      , Ha          , Ha^Fpa      , Aa          , Aa^Fpa      , Gs          , Gll^Fp      , Gg          , Gg          , Ss          , Ss          , Wwf         , Wwf         , Gs          , Gs          , Gs          , Wwf         , Gg          , Gs          , Wwg         , Wwf         , Wwg         , Wwg         , Wwg^Bw/r    , Gs          , Gs          , Gg          , Gs          , Gs          , Gll^Fp      , Aa          , Gll^Fp      , Gs          , Ai          , Aa          , Wwg         , 1 Chr^Dr    , Re          , Re          , Aa^Es       , Aa^Fpa      , Gll^Fp      , Gs          , Aa          , Gd          , Gs^Fdw      , Aa^Fda      , Ha          , Ha^Fda      , Ms          , Ms          , Ms          , Ms          , Ms^Xm       , Ms^Xm       , Ms^Xm       , Ms^Xm       
Ms          , Ms          , Ms          , Ha^Fda      , Aa^Fda      , Aa          , Aa          , Aa          , Gll^Fp      , Aa          , Gll^Fp      , Ss          , Ss          , Gll^Fp      , Ss          , Wwf         , Ss          , Wwf         , Gll^Fp      , Gg          , Wwg         , Wwg         , Wwg         , Wwg         , Gs          , Wwg         , Gs          , Gs          , Gs          , Wwg         , Wwg         , Gs          , Wwf         , Gs          , Gs          , Gll^Fp      , Gs          , Gd          , Gll^Fp      , Ai          , Wwg         , Gs          , Rp^Vhcr     , Rrc^Vhca    , Rb^Es       , Aa^Fpa      , Gll^Fp      , Aa          , Aa          , Gd          , Gs          , Aa          , Aa^Fma      , Ha          , Ms          , Ms          , Ms          , Ms          , Ha^Fda      , Ms          , Ms          , Ms^Xm       
Ms          , Ms          , Ms          , Ha          , Aa^Fda      , Gs^Fdw      , Gs          , Gll^Fp      , Gs          , Ss          , Ss          , Ss^Gvs      , Ss          , Gll^Fp      , Gg          , Ss          , Gll^Gvs     , Ss          , Gll^Fp      , Gg          , Wwg         , Ss          , Ss          , Gll^Fp      , Ss          , Gs          , Gg          , Gg          , Ss          , Gs          , Wwg         , Gs          , Gs          , Gs          , Wwf         , Gs          , Gs          , Gll^Fp      , Wwg         , Wwg^Bw\r    , Gs          , Gs          , Rb          , Rb^Dr       , Aa^Es       , Rp^Vhcr     , Rp^Vhcr     , Rd          , Rd          , Gs          , Gll^Fp      , Gs          , Aa          , Ha          , Ha^Fda      , Ms          , Ms          , Ms          , Ha^Fda      , Ms          , Ms          , Ms^Xm       
Ms          , Ms          , Ha^Fda      , Ha          , Aa          , Gs^Fdw      , Gd^Fmw      , Gg          , Ss          , Gg          , Ss          , Gg          , Ss          , Gll^Fp      , Gs          , Ss          , Gs          , Gll^Fp      , Gg          , Ss          , Ss          , Ss^Gvs      , Ss          , Gll^Fp      , Gg          , Ss^Vhs      , Ss          , Ss          , Gg          , Ss          , Wwf         , Wwg         , Wwf         , Gs          , Gs          , Gs          , Gd          , Gs          , Gs          , Wwg         , Wwg         , Re          , Re          , Rrc^Vhca    , Rp^Vhcr     , Rb^Dr       , Rb          , Aa          , Aa^Es       , Aa          , Aa          , Aa^Fma      , Aa          , Aa^Es       , Aa^Fda      , Ha^Fda      , Ha^Fda      , Ha          , Ha          , Ms          , Ms          , Ms          
Ha          , Ha          , Aa          , Aa          , Gs          , Gd^Fmw      , Gs          , Ss          , Gll^Fp      , Ss^Vhs      , Gg          , Ss          , Ss^Gvs      , Ss          , Gll^Fp      , Ss^Bw/r     , Ss          , Gs          , Gg          , Gg          , Ss          , Gs          , Gs          , Gs          , Gg          , Ss^Gvs      , Ss          , Gs          , Ss          , Ss          , Wwf         , Wwf         , Ss          , Gs          , Ss          , Gs          , Ss          , Gd          , Gs          , Wwf         , Wwg         , Gs          , Gs          , Gll^Fp      , Gg          , Rb          , Aa^Fpa      , Re          , Gd^Fmw      , Aa^Fma      , Aa^Fma      , Aa^Es       , Aa^Es       , Gs^Fdw      , Aa          , Aa          , Aa          , Aa^Es       , Aa^Fda      , Ha^Fda      , Ha^Fda      , Ha          
Aa^Fma      , Aa^Fma      , Aa^Fma      , Aa          , Gll^Fp      , Gg          , Gll^Fp      , Gll^Fp      , Gg          , Gll^Fp      , Gg          , Ss          , Ss          , Gg          , Ss          , Ss          , Gg          , Gll^Fp      , Ss^Gvs      , Ss          , Gs          , Ss^Bw/r     , Ss          , Gs          , Ss          , Ss          , Gg          , Gs          , Ss          , Gs          , Gs          , Ss          , Gg          , Ss          , Ss          , Gs          , Ss          , Ss          , Wwf         , Wwf         , Gs          , Wwg         , Wwg         , Wwf         , Wwf         , Re          , Gs          , Gs          , Gs          , Gd^Fmw      , Gd^Fmw      , Gd^Fmw      , Gs          , Gs          , Gs          , Gs          , Gs          , Aa          , Gs^Fdw      , Aa          , Aa^Fda      , Aa^Fpa      
Aa^Fma      , Aa^Fma      , Gll^Fp      , Aa^Fma      , Gll^Fp      , Gd          , Gs          , Gs          , Gg          , Gs          , Ss          , Ss          , Gg          , Gg          , Gg          , Gs          , Gll^Fp      , Gg          , Ss^Vhs      , Gs          , Gg          , Ss          , Gs          , Gs          , Ss          , Gg          , Ss          , Gs          , Ss          , Gs          , Ss          , Ss          , Ss          , Ss          , Ss          , Ss          , Ss          , Wwf         , Ss          , Wwf         , Wwf         , Gs          , Gs          , Wwg         , Gs          , Gg          , Gs          , Gs          , Wwg         , Gs          , Gs          , Gs          , Gd          , Aa          , Aa          , Gd^Fmw      , Aa          , Aa          , Gs          , Aa          , Gs^Fdw      , Gll^Fp      
Gll^Fp      , Gs          , Gs          , Gll^Fp      , Gg          , Gll^Fp      , Gs          , Gs          , Gg          , Gs          , Gs          , Gs          , Gg          , Ss          , Ss          , Ss          , Ss          , Gs          , Gs          , Gg          , Ss          , Ss          , Ss          , Gll^Fp      , Ss          , Gg          , Ss          , Ss          , Ss          , Ss          , Ss          , Ss          , Ss          , Ss          , Ss          , Ss          , Gs          , Ss          , Gs          , Gs          , Wwf         , Gg          , Gg          , Wwg         , Wwg         , Wwg         , Wwg         , Wwg         , Wwf         , Gs          , Gll^Fp      , Gll^Fp      , Aa^Fma      , Gs          , Aa          , Aa^Fma      , Gll^Fp      , Aa^Fma      , 2 Aa        , Gs          , Gs          , Gs          
Gll^Fp      , Gll^Fp      , Gs          , Gd          , Gg          , Gg          , Gll^Fp      , Gg          , Gs          , Gs          , Gg          , Gg          , Gg          , Gs          , Gs          , Ss^Gvs      , Ss          , Ss          , Gs          , Ss          , Ss^Gvs      , Ss          , Gg          , Ss          , Ss          , Ss^Gvs      , Ss          , Ss          , Ss          , Ss          , Gg          , Ss          , Gg          , Ss          , Ss          , Ss          , Ss          , Ss          , Ss          , Gs          , Gs          , Ss          , Gg          , Gs          , Wwg         , Ss          , Ss          , Ss          , Wwg         , Gs          , Gg          , Aa^Fma      , Gd          , Gd^Fmw      , Gs          , Gll^Fp      , Gs          , Aa          , Gll^Fp      , Aa          , Gs^Fdw      , Gll^Fp      
Gll^Fp      , Gll^Fp      , Gll^Fp      , Gll^Fp      , Gs          , Gll^Fp      , Gll^Fp      , Gll^Fp      , Gs          , Gs          , Gs          , Gg          , Gs          , Gs          , Ss          , Ss          , Gll^Fp      , Ss          , Ss          , Ss          , Ss          , Ss          , Gg          , Ss          , Gll^Fp      , Ss          , Ss          , Ss          , Ss          , Gll^Fp      , Gll^Fp      , Gll^Fp      , Ss          , Gs          , Ss          , Ss          , Gs          , Gg          , Ss          , Ss          , Ss          , Ss          , Ss          , Wwg         , Wwf         , Wwg         , Gs          , Wwf         , Ss          , Ss          , Gs          , Gg          , Gd^Fmw      , Gd^Fmw      , Gs          , Gd          , Gd          , Gs          , Gd          , Gll^Fp      , Gll^Fp      , Gll^Fp      
Gll^Fp      , Gll^Fp      , Gll^Fp      , Gll^Fp      , Gll^Fp      , Gll^Fp      , Gs          , Gll^Fp      , Gs          , Gs          , Gll^Fp      , 4 Gs        , Gg          , Gs          , Gs          , Gs          , Gg          , Ss          , Gs          , Ss          , Rp          , Gg          , Ss          , Ss          , Ss          , Ss          , Gll^Fp      , Ss          , Ss          , Ss          , Ss          , Ss          , Ss          , Ss          , Rb          , Ss          , Ss          , Gs          , Ss          , Gg          , Ss          , Wwf         , Wwf         , Wwf         , Wwf         , Gs          , Ss          , Wwf         , Gs          , Ss          , Ss          , Gs          , Gg          , Gg          , Gg          , Gs          , Gs          , Gll^Fp      , Gll^Fp      , Gs^Fdw      , Gs^Fdw      , Gll^Fp      
Gll^Fp      , Gll^Fp      , Gll^Fp      , Gll^Fp      , Gll^Fp      , Gll^Fp      , Gll^Fp      , Gll^Fp      , Gs          , Gll^Fp      , Gll^Fp      , Gs          , Gg          , Gg          , Gg          , Gg          , Gs          , Gg          , Gs          , Chs         , Rp          , Chs         , Ss          , Ss          , Ss          , Gll^Fp      , Hh^Fp       , Hh^Fp       , Hh          , Hh          , Gll^Fmf     , Ss          , Ss          , Ss          , Re          , Gll^Fp      , Gll^Fp      , Ss          , Ss          , Gg          , Ss          , Ss          , Gs          , Ss          , Ss          , Gs          , Ss          , Gg          , Ss          , Gs          , Ss          , Gs          , Gs          , Ss          , Ss          , Gg          , Gs          , Gg          , Gll^Fp      , Gll^Fp      , Gll^Fp      , Gs^Fdw      
Gll^Fp      , Gll^Fp      , Gll^Fp      , Gll^Fp      , Gs          , Gll^Fp      , Gll^Fp      , Gll^Fp      , Gll^Fp      , Gs          , Gg          , Gg          , Gd          , Gs          , Gs          , Gs          , Hh          , Hhd^Fmf     , Hh^Fp       , Rp          , Gg          , Gs          , Gs          , Ss          , Ss          , Ss          , Hh^Fp       , Mm          , Mm          , Hhd^Fmf     , Hh^Fp       , Ss          , Ss          , Ss          , Ss          , Rb          , Re          , Rb          , Ss          , Ss          , Ss          , Ss          , Ss          , Ss          , Ss          , Ss          , Ss          , Ss          , Ss          , Ss          , Ss          , Ss          , Ss          , Ss          , Ss          , Gs          , Ss          , Gll^Fp      , Gll^Fp      , Gll^Fp      , Mm          , Ms^Xm       
Gll^Fp      , Gll^Fp      , Gs          , Gll^Fp      , Gs          , Gll^Fp      , Gll^Fp      , Gs          , Gs          , Gs          , Gg          , Gd          , Gs          , Gll^Fp      , Hh          , Gs          , Rp          , Hh^Fp       , Hh          , Rp^Vhcr     , Gg          , Gg          , Gs          , Ss          , Gs          , Gs          , Ha^Fpa      , Mm          , Mm          , Mm          , Mm          , Hhd^Fmf     , Hh^Fp       , Ss          , Hh          , Ss          , Ss          , Ss          , Ss          , Ss          , Gll^Fp      , Gll^Fp      , Hh          , Ss          , Hh^Fp       , Re          , Mm          , Re          , Hh          , Ss          , Ss          , Ss          , Ss          , Ss          , Ss          , Ss          , Mm          , Mm          , Mm          , Mm          , Mm          , Mm          
Gll^Fp      , Gll^Fp      , Gs          , Gs          , Gg          , Gg          , Gs          , Gs          , Gg          , Gg          , Gs          , Gs          , Gs          , Hh^Fp       , Hh          , Rp          , Gg          , Gg          , Gll^Fp      , Gll^Fp      , Hh^Fp       , Hh          , Hh^Fp       , Gs          , Gll^Fp      , Gll^Fp      , Hh^Fp       , Ms^Xm       , Ms^Xm       , Mm          , Mm          , Mm          , Ms^Xm       , Hh^Fp       , Mm          , Hh^Fp       , Gll^Fp      , Ss          , Ss          , Gll^Fp      , Hh^Fp       , Hh          , Mm          , Hh^Fp       , Mm          , Mm          , Mm^Xm       , Mm          , Hh^Fp       , Ss          , Gg          , Ss          , Ss          , Ss          , Gll^Fp      , Hh^Fp       , Mm^Xm       , Mm          , Mm          , Mm          , Mm          , Ms^Xm       
Md^Xm       , Mm          , Mm          , Hh          , Hh          , Hh          , Hh          , Gs          , Gg          , Gg          , Gg          , Hh^Fp       , Hh^Fms      , Gs          , Gg          , Rp          , Rb          , Gs          , Hh          , Hh          , Hh^Fp       , Hhd^Fmf     , Hh          , Gs          , Gll^Fp      , Hh          , Hh          , Hhd^Fmf     , Ha          , Ms^Xm       , Ms^Xm       , Ms^Xm       , Mm          , Ms^Xm       , Ms^Xm       , Hh^Fp       , Gll^Fp      , Ss          , Ss          , Gg          , Hh^Fp       , Mm          , Mm^Xm       , Mm          , Mm          , Mm          , Mm          , Mm^Xm       , Mm          , Hhd^Fmf     , Gll^Fp      , Hh^Fp       , Hh          , Gll         , Gll^Fmf     , Mm^Xm       , Mm          , Ms^Xm       , Ms^Xm       , Mm          , Mm          , Mm          
Md^Xm       , Md^Xm       , Md^Xm       , Mm          , Mm          , Mm          , Mm          , Hh          , Gs          , Gg          , Gg          , Gll^Fp      , Hh^Fms      , Hh          , Gg          , Gg          , Gg          , Rp          , Rp          , Gs          , Hh          , Gg          , Gg          , Gs          , Gg          , Gll^Fmf     , Gll^Fmf     , Gll^Fmf     , Hh^Fp       , Mm          , Mm          , Mm          , Mm          , Mm          , Mm          , Ms^Xm       , Ha          , Ss          , Ss          , Gll^Fp      , Hh          , Mm          , Mm^Xm       , Mm^Xm       , Mm^Xm       , Mm          , Mm          , Mm          , Mm^Xm       , Hh^Fp       , Hhd^Fmf     , Hhd^Fmf     , Mm^Xm       , Gll^Fmf     , Mm          , Mm^Xm       , Mm          , Mm          , Mm          , Ms^Xm       , Ms^Xm       , Ms^Xm       
Hhd         , Mm          , Hh          , Mm          , Mm          , Mm          , Mm          , Hh          , Hh          , Gs          , Gs          , Gg          , Gg          , Gg          , Gs          , Gg          , Gg          , Gll^Fmf     , Rb          , Gll^Fmf     , Gll^Fmf     , Gg          , Gll^Fp      , Gs          , Gd          , Gd          , Gll^Fp      , Gll^Fp      , Gs          , Hh          , Hh^Fp       , Mm          , Mm          , Mm          , Mm          , Wog         , Wog         , Ss          , Wog         , Ss          , Wog         , Mm^Xm       , Hh^Fp       , Mm          , Mm          , Ms^Xm       , Ms^Xm       , Ms^Xm       , Mm          , Mm^Xm       , Mm^Xm       , Mm^Xm       , Hh^Fp       , Mm          , Mm^Xm       , Mm^Xm       , Mm^Xm       , Mm          , Hhd^Fmf     , Ha          , Hh^Fp       , Hh^Fp       
Md^Xm       , Hhd         , Mm          , Hh          , Hh          , Mm          , Mm          , Mm          , Mm          , Hhd^Fdw     , Hhd^Fdw     , Gs          , Gs          , Gg          , Gg          , Gll^Fp      , Gg          , Gll^Fp      , Gll^Fp      , Rp          , Rp          , Gg          , Rp^Vhcr     , Gll^Fp      , Gs          , Gll^Fp      , Gll^Fmf     , Gll^Fmf     , Gll^Fp      , Gs          , Gll^Fp      , Hh^Fp       , Hh^Fp       , Hh^Fp       , Hh          , Hh          , Wog         , Gs          , Wog         , Wog         , Wog         , Hh          , Wog         , Hh^Fp       , Hh^Fp       , Mm          , Ha          , Mm          , Mm          , Hh^Fp       , Hhd^Fmf     , Mm^Xm       , Mm^Xm       , Mm^Xm       , Hhd^Fmw     , Mm          , Hh^Fp       , Hh^Fp       , Hh^Fp       , Hh          , Hhd^Fmf     , Hh^Fp       
Md^Xm       , Md^Xm       , Md^Xm       , Mm          , Hhd         , Hhd         , Mm          , Mm          , Mm          , Mm          , Mm          , Hhd^Fdw     , Gg          , Gg          , Gll^Fp      , Gll^Fmf     , Gs          , Gll^Fp      , Khr         , Rp          , Gd^Fmw      , Rp          , Rp          , Gll^Fp      , Gs          , Gs          , Gll^Fp      , Gll^Fmf     , Gs          , Gg          , Gs          , Gll^Fp      , Gll^Fp      , Gll^Fp      , Gs          , Wog         , Wwrg        , Wog         , Gg          , Gs          , Hh^Fp       , Wog         , Hh^Fp       , Gll^Fp      , Gll^Fp      , Hh          , Gll^Fmf     , Hhd^Fmf     , Hh^Fp       , Hh^Fp       , Gll^Fp      , Hhd         , Hh^Fp       , Gll^Fp      , Gll^Fp      , Hh          , Hh^Fp       , Gll^Fmf     , Gll^Fp      , Hh          , Hh^Fp       , Hh^Fp       
Md          , Md          , Hhd         , Md^Xm       , Md^Xm       , Hh          , Hh          , Mm          , Mm          , Mm          , Mm          , Gs          , Gs          , Gg          , Gs          , Gs          , Chr         , Chr^Dr      , Chr         , Gd^Fmw      , Hhd^Fmf     , Hhd^Fmf     , Rb          , Gg          , Re          , Gs          , Gs          , Gs          , Gd          , Gs          , Gll^Fp      , Gll^Fp      , Gd          , Gll^Fp      , Gll^Fp      , Gd          , Wwrg        , Hh^Fp       , Hh^Fp       , Md          , Md          , Hh          , Md          , Hh^Fp       , Gll^Fp      , Gg          , Gg          , Gll^Fp      , Gll^Fp      , Gll^Fp      , Hh          , Gll^Fp      , Gll^Fp      , Hh^Fp       , Hh          , Hhd^Fmw     , Mm          , Hh^Fp       , Hh          , Gg          , Gll^Fp      , Hhd^Fmf     
Hhd         , Md          , Hhd         , Md^Xm       , Md^Xm       , Md^Xm       , Md          , Mm          , Mm          , Mm          , Mm          , Gs          , Hhd         , Hhd^Fdw     , Hhd^Fdw     , Mm          , Mm          , Mm          , Chr         , Gd^Fmw      , Hhd^Fdw     , Rp^Vhcr     , Gs^Fdw      , Rb          , Re          , Gs          , Gg          , Gg          , Gg          , Gs          , Gs          , Gd          , Gs          , Gll^Fp      , Gs          , Gs          , Gg          , Wwrg        , Hhd^Vhhr    , Md          , Hh          , Md          , Hhd^Fdf     , Hhd^Fdf     , Gll^Fmf     , Gg          , Gg          , Gll^Fmf     , Gll^Fmf     , Gg          , Hh          , Hh          , Gg          , Gs          , Gs          , Hh          , Mm          , Mm          , Hh^Fp       , Gg          , Gll^Fp      , Hh^Fp       
Md^Xm       , Hhd         , Hhd         , Hhd         , Hhd         , Md^Xm       , Md^Xm       , Mm          , Hhd         , Mm          , Mm          , Mm          , Mm          , Mm          , Mm          , Mm          , Mm          , Mm          , Gs          , Gs          , Gs          , Gs^Fdw      , Gs          , Re          , Gd          , Gs          , Re          , Gs          , Gll^Fmf     , Gg          , Gg          , Gs          , Gg          , Gs          , Gg          , Gg          , Gg          , Wwg         , Wwrg        , Wwrg        , Gg          , Hh          , Gll^Fmf     , Hh^Fp       , Gll^Fp      , Gg          , Gg          , Gs          , Gg          , Gg          , Gs          , Gs          , Gll^Fp      , Gg          , Gg          , Hh          , Gs          , Hh^Fp       , Gs^Fdw      , Gll^Fp      , Gll^Fp      , Gll^Fp      
Md^Xm       , Md^Xm       , Md^Xm       , Hhd         , Hhd         , Md          , Md          , Md^Xm       , Md^Xm       , Hhd         , Hhd         , Mm          , Mm          , Mm          , Mm          , Mm          , Mm          , Hhd^Fdw     , Gs          , Gd          , Hhd^Fdw     , Gs          , Gs          , Gs          , Gs          , Gd          , Gll^Fp      , Re          , Re          , Gs          , Gll^Fp      , Gg          , Gs          , Gs          , Gg          , Gg          , Gs          , Gs          , Wwg         , Wwg         , Gg          , Gll^Fp      , Gll^Fp      , Gg          , Gg          , Gg          , Gs^Fdw      , Gs          , Gs          , Gg          , Gs^Fdw      , Gs^Fdw      , Gll^Fp      , Gll^Fp      , Gg          , Gs          , Gg          , Gg          , Gll^Fp      , Gll^Fp      , Gll^Fmf     , Gll^Fp      
Hh          , Md^Xm       , Md          , Md^Xm       , Md^Xm       , Hhd         , Hhd         , Md          , Md          , Md^Xm       , Md^Xm       , Hhd         , Hhd         , Mm          , Mm          , Hhd^Fdw     , Hhd^Fdw     , Hhd^Fdw     , Hh          , Hh          , Mm          , Hhd^Fdw     , Hh          , Hh          , Hh          , Gll^Fp      , Gll^Fp      , Gd          , Gs          , Gd          , Gll^Fmf     , Gg          , Gll^Fp      , Gg          , Gg          , Gg          , Gs          , Wwg         , Gg          , Gg          , Gg          , Gg          , Gg          , Gg          , Gg          , Gs^Fdw      , Gg          , Gs^Fdw      , Gg          , Gg          , Gs^Fdw      , Gll^Fp      , Gll^Fp      , Gll^Fp      , Gg          , Gg          , Gs^Fdw      , Gll^Fp      , Gs^Fdw      , Gll^Fp      , Gll^Fp      , Gll^Fmf     
Hh          , Hh          , Hh          , Hh          , Md^Xm       , Hhd         , Hhd         , Hhd         , Hhd         , Md^Xm       , Md^Xm       , Mm          , Hh          , Mm          , Mm          , Mm          , Hh          , Hh          , Mm          , Mm          , Mm          , Mm          , Mm          , Hhd^Fdw     , Hhd^Fdw     , Hh^Fp       , Gs          , Gg          , Gg          , Rb          , Rb          , Gg          , Gs          , Gg          , Gs          , Gg          , Gs          , Wwg         , Wwg         , Gg          , Wwg         , Gs          , Gs          , Gs          , Gs          , Gg          , Gg          , Gs^Fdw      , Gg          , Gg          , Gg          , Gs^Fdw      , Gs          , Gs^Fdw      , Gs          , Gs          , Gs          , Gs^Fdw      , Gg          , Gll^Fp      , Gll^Fp      , Gll^Fmf     
Mm          , Mm          , Mm          , Hh          , Md^Xm       , Md          , Md          , Hhd         , Hhd         , Md^Xm       , Md^Xm       , Hh          , Hh          , Mm          , Mm          , Mm          , Hh          , Mm          , Mm          , Mm          , Mm          , Mm          , Mm          , Mm          , Mm          , Hhd         , Gs          , Gg          , Gg          , Gs          , Gs          , Gd          , Rp          , Gs          , Chr         , Gs          , Gg          , Gs          , Gs          , Wwg         , Gg          , Wwg         , Wwg         , Wwg         , Wwg         , Gs          , Gg          , Gg          , Gg          , Gs          , Gs          , Gg          , Gg          , Gs          , Gg          , Gg          , Gg          , Gg          , Gll^Fp      , Gll^Fp      , Gll^Fp      , Gll^Fp      
Mm          , Mm          , Mm          , Md          , Md^Xm       , Md          , Md          , Md          , Hhd         , Hhd         , Md          , Md^Xm       , Mm          , Hh          , Hh          , Mm          , Hh          , Hh          , Mm          , Mm          , Mm          , Mm          , Mm          , Mm          , Mm          , Hhd         , Hh^Fp       , Gs          , Gg          , Gg          , Gll^Fp      , Gll^Fp      , Chr^Dr      , Rr          , Rp          , Gg          , Gg          , Gg          , Gg          , Gg          , Gg          , Gg          , Gg          , Gg          , Wwg         , Gs          , Gg          , Gg          , Gll^Fmf     , Gll^Fmf     , Gs^Fdw      , Gs^Fdw      , Gs^Fdw      , Gg          , Gs          , Gs          , Gs^Fdw      , Gg          , Gg          , Gs^Fdw      , Gg          , Gg          
Hh          , Mm          , Hh          , Md^Xm       , Md^Xm       , Md^Xm       , Md^Xm       , Md          , Hhd         , Hhd         , Hhd         , Md^Xm       , Md^Xm       , Mm          , Md^Xm       , Hh          , Md^Xm       , Hh          , Hh          , Mm          , Mm          , Mm          , Mm          , Mm          , Mm          , Hhd^Fdw     , Gs          , Gs          , Gg          , Gg          , Gg          , Gll^Fp      , Gs          , Gg          , Gs          , Rb          , Gs          , Gs          , Wwg         , Gs          , Wwg         , Wwg         , Wwg         , Wwg         , Gs          , Gs          , Gs^Fdw      , Gs^Fdw      , Gll^Fp      , Gll^Fp      , Gll^Fmf     , Gll^Fmf     , Gs^Fdw      , Gs          , Gg          , Gs^Fdw      , Gll^Fp      , Gll^Fp      , Gg          , Gs^Fdw      , Gll^Fmf     , Gg          
Mm          , Hh          , Mm          , Hh          , Hh          , Md^Xm       , Md^Xm       , Md^Xm       , Md^Xm       , Md^Xm       , Md^Xm       , Hhd         , Hhd         , Md^Xm       , Mm          , Md^Xm       , Md^Xm       , Md^Xm       , Mm^Xm       , Hh          , Mm^Xm       , Mm          , Mm          , Mm          , Hh          , Hh^Fp       , Gs          , Gg          , Gg          , Gg          , Gg          , Gg          , Gll^Fp      , Gg          , Gg          , Rp          , Wwg         , Gs          , Wwg         , Wwg         , Chr         , Gs          , Gs          , Gs          , Gg          , Gg          , Gs^Fdw      , Gll^Fp      , Gs^Fdw      , Gll^Fmf     , Gll^Fp      , Gll^Fp      , Gll^Fmf     , Gs          , Gs^Fdw      , Gs^Fdw      , Gll^Fp      , Gll^Fp      , Gll^Fmf     , Gll^Fmf     , Gg          , Gll^Fmf     
Mm          , Mm          , Md          , Mm          , Mm          , Md          , Md          , Md          , Md          , Md^Xm       , Mm          , Md^Xm       , Md^Xm       , Hhd         , Mm          , Mm          , Mm          , Mm          , Mm          , Mm^Xm       , Mm^Xm       , Mm^Xm       , Mm^Xm       , Hh          , Hh          , Gs          , Gs          , Gs          , Gg          , Gg          , Gs          , Gs          , Gd^Fmw      , Gd^Fmw      , Gg          , Gs          , Wwg         , Wwg         , Chw         , Wwg         , Chw         , Gg          , Gg          , Gg          , Gg          , Gs          , Gg          , Gs^Fdw      , Gll^Fp      , Gll^Fp      , Gll^Fmf     , Gll^Fmf     , Gs          , Gg          , Gs^Fdw      , Gll^Fp      , Gs^Fdw      , Gs^Fdw      , Gll^Fp      , Gs^Fdw      , Gll^Fp      , Gll^Fmf     
Mm          , Mm          , Md          , Md          , Md          , Md          , Md          , Md          , Md          , Md          , Hhd         , Mm          , Mm          , Mm          , Mm          , Mm          , Mm          , Hhd         , Hhd         , Mm          , Mm          , Mm          , Mm^Xm       , Hhd^Fdw     , Hhd^Fdw     , Hhd^Fdw     , Hh          , Hh          , Hh          , Gs          , Hh^Fp       , Gs          , Gd^Fmw      , Gll^Fp      , Gs          , Wwg         , Mm          , Chr^Dr      , Mm          , 3 Khr       , Wwg         , Chr         , Gs          , Gg          , Gs          , Gg          , Gg          , Gg          , Gg          , Gg          , Gg          , Gs          , Gg          , Gg          , Gs          , Gll^Fp      , Gll^Fp      , Gll^Fp      , Gll^Fp      , Gs^Fdw      , Hh^Fp       , Gll^Fp      
Hhd         , Mm          , Hhd         , Md          , Md          , Md          , Md          , Md          , Md          , Md          , Hhd         , Hhd         , Hhd         , Mm          , Mm          , Mm          , Hhd         , Mm          , Mm          , Hhd         , Md          , Mm          , Mm^Xm       , Hh          , Hh          , Hh          , Mm          , Mm          , Mm          , Hh          , Gs          , Gs          , Hhd^Fdf     , Gs          , Gs          , Mm          , Mm          , Mm          , Mm^Xm       , Chr^Dr      , Gs          , Wwrg        , Hhd^Vhhr    , Hh          , Hhd^Fdw     , Gs          , Hh          , Gs          , Hhd         , Gs          , Hhd^Fdw     , Gs          , Gs          , Gg          , Hhd^Fmw     , Gs          , Hh          , Hh^Fp       , Hh^Fp       , Hhd^Fmw     , Mm          , Hh          
Hhd         , Hhd         , Gs          , Hhd         , Hhd         , Hhd         , Hhd         , Md          , Hhd         , Hhd         , Gs          , Gs          , Gd          , Hhd         , Hhd         , Hhd         , Gs          , Hhd         , Hhd         , Hhd         , Hhd         , Md          , Md          , Mm^Xm       , Md^Xm       , Mm          , Md^Xm       , Mm          , Mm          , Mm          , Mm          , Hh^Fp       , Mm^Xm       , Hhd^Vhhr    , Mm          , Mm          , Mm          , Mm          , Mm^Xm       , Gs          , Wwrg        , Wwg         , Hhd^Fdw     , Mm          , Mm          , Hhd^Fdw     , Mm          , Hh          , Mm          , Hhd^Fdw     , Mm          , Hh          , Hh          , Hhd         , Md          , Hhd^Fmw     , Md          , Hh          , Mm          , Mm          , Mm          , Mm          
Gs          , Gs          , Gd          , Gs          , Gs          , Gs          , Gs          , Hhd         , Gs          , Gs          , Gs          , Gd          , Gd          , Gs          , Gs          , Gs          , Gs          , Gs          , Gs          , Gs          , Hhd         , Md          , Gs          , Md          , Mm          , Md^Xm       , Md^Xm       , Md^Xm       , Mm^Xm       , Mm          , Mm^Xm       , Mm^Xm       , Mm          , Mm          , Mm          , Mm          , Mm^Xm       , Mm^Xm       , Hhd^Fmf     , Gd          , Wwrg        , Hh          , Mm          , Mm          , Mm          , Mm          , Mm          , Mm          , Mm          , Mm          , Mm          , Mm          , Mm          , Md          , Md^Xm       , Md          , Md          , Mm          , Mm          , Mm          , Mm          , Mm          
Gg          , Gd          , Gd          , Gd          , Gs          , Gs          , Gd          , Gd          , Gd          , Gs          , Gd          , Gs          , Gd          , Gd          , Gd          , Gs          , Gd          , Gs          , Gd          , Gs          , Gs          , Hhd         , Gg          , Hhd         , Hhd         , Mm          , Md^Xm       , Md^Xm       , Mm^Xm       , Mm^Xm       , Mm          , Mm          , Mm          , Mm          , Mm          , Mm          , Mm^Xm       , Hhd^Fdw     , Gd          , Gs          , Wwg         , Hh          , Md          , Mm          , Md          , Mm          , Mm          , Mm          , Mm          , Mm          , Mm          , Mm          , Mm          , Md^Xm       , Md^Xm       , Md^Xm       , Md^Xm       , Mm          , Mm          , Mm          , Mm          , Mm          
Rd          , Gd          , Re          , Gd          , Gd          , Gd          , Gd          , Gd          , Gd          , Gd          , Gd^Edp      , Gd          , Gs          , Gs          , Gs          , Gd          , Gd          , Gd          , Gd          , Gg          , Gd          , Gs          , Gs          , Hhd         , Hhd         , Hhd         , Hhd         , Md          , Md          , Md^Xm       , Md^Xm       , Mm          , Mm          , Mm          , Mm          , Mm          , Mm^Xm       , Hhd^Fdw     , Gd          , Gs          , Wwrg        , Hhd^Vhhr    , Md          , Md^Xm       , Mm          , Md^Xm       , Md^Xm       , Md^Xm       , Md^Xm       , Mm          , Md^Xm       , Mm          , Md^Xm       , Md^Xm       , Mm          , Mm          , Mm          , Md^Xm       , Md^Xm       , Md^Xm       , Mm          , Mm          
Rd          , Rd          , Rd          , Re          , Gd          , Re          , Re          , Rd          , Re          , Gd          , Gd          , Gd          , Gd          , Gd          , Gd          , Gd          , Gd          , Gs          , Gs          , Gd          , Gd          , Gd          , Gd          , Gs          , Gs          , Gs          , Gd          , Hhd         , Hhd         , Md          , Md          , Md^Xm       , Md^Xm       , Mm          , Md^Xm       , Mm          , Mm^Xm       , Hhd^Fdw     , Wwg         , Wwg         , Gs          , Hhd^Fdw     , Hhd^Fdw     , Md^Xm       , Hhd         , Mm          , Mm          , Md^Xm       , Mm          , Md^Xm       , Md^Xm       , Md^Xm       , Mm          , Mm          , Mm          , Gs          , Hhd         , Mm          , Mm          , Md^Xm       , Mm          , Mm          
Dd          , Dd          , Dd          , Rd          , Rd          , Re          , Rd          , Rd          , Rd          , Re          , Re          , Re          , Re          , Gd          , Gd^Edp      , Gd          , Gs          , Gd          , Gd          , Gd          , Gd          , Gd          , Gd          , Gd          , Gs          , Gs          , Gs          , Gd          , Gs          , Hhd         , Hhd         , Md^Xm       , Hhd         , Md^Xm       , Md^Xm       , Md^Xm       , Hhd         , Hhd         , Wwrg        , Gg          , Gg          , Gs          , Gs          , Hhd         , Gs          , Hhd         , Hhd         , Mm          , Hhd         , Mm          , Mm          , Mm          , Hhd         , Mm          , Hhd         , Gg          , Gg          , Hhd         , Hhd         , Mm          , Hhd         , Hhd         
Dd          , Dd          , Dd          , Rd          , Rd          , Re          , Rd          , Rd          , Dd          , Rd          , Rd          , Rb          , Rb          , Re          , Re          , Gd          , Gd          , Gd          , Gd          , Re          , Gd          , Gd          , Gd          , Gd          , Gd          , Gs          , Gs          , Gs          , Gg          , Gs          , Gs          , Gs          , Gd          , Hhd         , Hhd         , Hhd         , Wwrg        , Wwrg        , Gs          , Gs          , Gg^Edp      , Gs          , Gd^Edp      , Gs          , Gd          , Gs^Edp      , Gs^Edp      , Hhd         , Gs          , Hhd         , Gs          , Hhd         , Gs          , Hhd         , Gs          , Gs          , Gs          , Gs          , Gs          , Hhd         , Gs          , Hhd         
Dd          , Dd          , Dd          , Dd          , Rd          , Rd          , Rd          , Dd^Esd      , Dd^Dc       , Dd          , Dd          , Rd          , Rd          , Rd          , Rd          , Gd          , Re          , Re          , Gd          , Gd          , Gd          , Gd          , Gd          , Gd          , Gd          , Gd          , Gd^Edp      , Gd          , Gd          , Gd^Edp      , Gll         , Gll         , Gs          , Gs          , Gs^Edp      , Gs^Edp      , Wwrg        , Gs          , Gs^Edpp     , Gg          , Gg^Edp      , Gg          , Gs          , Gd          , Gd^Edp      , Gd          , Gg          , Gs          , Gs          , Gs          , Gs          , Gs          , Gd          , Gs          , Gs          , Gd          , Gs          , Gd          , Gd          , Gs          , Gg          , Gs          
Dd          , Dd^Dc       , Dd          , Dd          , Rd          , Rd          , Dd          , Dd^Esd      , Ds          , Dd^Esd      , Rd          , Rd          , Rd          , Rd          , Rd          , Rd          , Re          , Re          , Rd          , Re          , Re          , Gd          , Gd          , Gd          , Gd          , Re          , Gd          , Gd          , Re          , Gll         , Gll^Edp     , Gd          , Gs^Edp      , Wwf         , Wwf         , Ww^Ewf      , Ww^Ewf      , Wwf         , Wwf         , Ww^Ewf      , Gs          , Gs          , Gs          , Gs          , Gs          , Gd          , Gd          , Gs          , Gd^Edp      , Gd^Edp      , Gd          , Gs          , Gd          , Gd          , Gd          , Gs          , Gd          , Gd          , Gd          , Gd          , Gd          , Gg          
Dd          , Dd          , Dd^Edp      , Dd          , Rd          , Dd^Esd      , Dd          , Dd          , Ds          , Rd          , Dd          , Rd          , Dd^Esd      , Dd^Esd      , Dd^Esd      , Rd          , Rd          , Rd          , Re          , Re          , Rd          , Re          , Re          , Re          , Rd          , Gd          , Rd          , Gd          , Re^Edp      , Re          , Re          , Gd          , Gs          , Wwf         , Ww^Ewf      , Wwg         , Gs^Edpp     , Wwf         , Wwf         , Wwf         , Gs^Edp      , Gd^Es       , Gd          , Gd          , Gd          , Gd          , Gd          , Gd          , Gd^Edp      , Gd          , Rd          , Gd          , Gd          , Gs          , Gd          , Gd          , Rd          , Rd          , Rd          , Rd          , Rd          , Rd          
Dd          , Dd          , Dd          , Dd          , Dd          , Dd          , Dd          , Dd^Esd      , Dd          , Ds          , Ds          , Dd          , Ds          , Ds          , Rd          , Rd          , Rd          , Rd          , Rd          , Rd          , Rd          , Re          , Rd          , Re          , Rd          , Rd          , Rd^Edp      , Rd          , Rd          , Rd          , Re          , Gd^Edp      , Wwf         , Wwf         , Wwf         , Gg^Edp      , Gg          , Ww^Ewf      , Gs          , Wwf         , Wwf         , Gs^Edp      , Gs^Edp      , Gd          , Gd          , Gg          , Gd          , Gd          , Re          , Gd          , Rd          , Gd          , Re          , Gd          , Re          , Rd          , Re          , Rb          , Dd          , Rd          , Rb          , Rd          
Dd          , Dd          , Dd^Edp      , Dd          , Dd          , Dd^Do       , Dd          , Dd          , Dd          , Dd          , Ds          , Dd          , Ds          , Dd          , Dd^Esd      , Dd          , Dd          , Rd          , Dd          , Rd          , Rd          , Rd          , Rd          , Rd          , Rd          , Dd          , Dd          , Rd          , Rd^Edp      , Rd^Edp      , Re          , Gd          , Gs          , Wwf         , Gs          , Wwf         , Gs^Edp      , Gg          , Wwf         , Wwf         , Gs^Edp      , Wwf         , Gs^Edp      , Gs          , Gd          , Gd^Edp      , Rd          , Re          , Rd          , Re          , Re          , Rd          , Rd          , Re          , Re          , Gd          , Re          , Rd          , Dd^Esd      , Dd^Esd      , Rd          , Rd          
Dd          , Dd          , Dd          , Dd          , Dd          , Dd          , Dd^Edp      , Dd          , Dd          , Ds          , Dd^Dc       , Dd          , Dd          , Ds          , Dd^Esd      , Dd^Esd      , Ds          , Rd          , Dd^Esd      , Dd^Esd      , Dd^Esd      , Dd          , Rd          , Rd          , Dd^Edp      , Rd          , Dd^Dc       , Dd^Esd      , Rd          , Rd          , Re          , Gd          , Gd          , Gs          , Gd          , Gg          , Gs          , Wwf         , Gs^Edp      , Wwf         , Gg          , Gs          , Rd          , Gd          , Re          , Re^Edp      , Rd          , Rd          , Rd          , Re          , Re          , Rd          , Rd^Esd      , Rd          , Rd          , Re          , Re          , Dd          , Rd          , Dd^Esd      , Dd          , Dd          
Dd          , Dd          , Dd          , Dd          , Dd          , Dd          , Dd          , Dd          , Dd          , Dd^Esd      , Dd^Esd      , Dd^Esd      , Dd          , Dd          , Dd          , Ds          , Ds          , Dd          , Rd          , Rd          , Dd          , Dd          , Dd          , Dd          , Rd          , Dd          , Dd          , Rd          , Rd          , Rb^Esd      , Rd          , Rd^Edp      , Re          , Gd          , Rd          , Gd          , Gd          , Gd          , Gd          , Gs          , Rd          , Gd          , Re          , Rd          , Rd          , Re          , Rd          , Rd^Edp      , Rd          , Rd          , Rd          , Rd          , Rd          , Rd          , Rd          , Rd          , Rd          , Rd          , Rd          , Rd          , Dd          , Dd          
Dd          , Dd          , Dd          , Dd          , Dd          , Dd          , Dd          , Dd          , Dd          , Dd          , Dd          , Dd          , Dd          , Dd          , Dd          , Ds          , Dd          , Rd          , Rd          , Ds          , Ds          , Ds          , Ds          , Rd          , Ds          , Ds          , Ds          , Ds          , Dd          , Dd^Esd      , Dd          , Rd          , Rd          , Rd          , Dd          , Rd          , Rd          , Gd          , Rd          , Rd          , Rd          , Rd          , Re          , Re          , Re          , Rd          , Re          , Rd          , Re          , Rd          , Re          , Re          , Re          , Rd          , Re          , Rd          , Rd          , Rd          , Rd          , Rd          , Dd          , Dd          
