border_size=1
usage=map

Gs          , Gs          , Gs          , Gs          , Gs          , Gs          , Gs          , Gs          , Gs          , Gs          , Gs          , Gs          , Gs          , Gs          , Gs          , Gs          , Gs          , Gs          , Gs          , Gs          , Gs          , Rrc         , Gs          , Gs          , Gs          , Gs          , Gs          , Gs          , Gs          , Gs          , Gs          , Gs          , Gs          , Gs          , Gs          , Gs          , Gs          , Gs          , Gs          , Rrc         , Gs          , Gs          , Gs          , Gs          , Gs          , Gs          , Gs          , Gs          , Gs          , Gs          , Gg          , Gg          , Gg          , Gg          
Gs          , Gs          , Gs          , Gs          , Gs          , Gs          , Gs          , Gs          , Gs          , Gs          , Gs          , Gs          , Gg          , Gs          , Gs          , Gs          , Gs          , Gs          , Gs^Vh       , Gs          , Gs          , Rrc         , Gs          , Gs          , Gs          , Gs          , Gs          , Gs          , Gs          , Gs          , Gs          , Gs          , Gs          , Gs          , Ww          , Gs          , Ww          , Gs          , Ww          , Rrc         , Ww          , Ww          , Ww          , Ww          , Ww          , Ww          , Ww          , Ww          , Ww          , Ww          , Ww          , Gg          , Gg          , Gg          
Gs          , Gs          , Gs          , Gs          , Gs          , Gs          , Gs          , Gs          , Gs          , Gg          , Gg          , Gg          , Gg          , Gg          , Ww          , Ww          , Ww          , Ww          , Ww          , Ww          , Ww          , Ww^Bsb|     , Ww          , Ww          , Ww          , Gs          , Ww          , Ww          , Ww          , Ww          , Ww          , Ww          , Ww          , Ww          , Ww          , Ww          , Ww          , Ww          , Ww          , Ww^Bsb|     , Ww          , Ww          , Ww          , Ww          , Ww          , Ww          , Ww          , Ww          , Ww          , Ww          , Ww          , Ww          , Ww          , Gg          
Gs          , Gs          , Gs          , Gs          , Gs          , Gs          , Gs          , Gs          , Gs          , Gs          , Ww          , Ww          , Ww          , Ww          , Ww          , Ww          , Ww          , Ww          , Ww          , Ww          , Ch          , Ww^Bsb|     , Ch          , Ww          , Ww          , Ww          , Ww          , Ww          , Ww          , Ww          , Ww          , Ww          , Ww          , Ww          , Ww          , Ww          , Ww          , Ww          , Ww          , Ww^Bsb|     , Ww          , Ww          , Gs          , Ww          , Gg          , Gg          , Gs          , Ww          , Ww          , Ww          , Ww          , Ww          , Ww          , Ww          
Gs          , Gs          , Gs          , Gs          , Gs          , Gs          , Gs          , Gs          , Ww          , Ww          , Ww          , Ww          , Ww          , Ww          , Ww          , Ww          , Gs          , Ww          , Gs          , Ww          , Rrc         , Rrc         , Gs          , Ww          , Ww          , Ww          , Gs          , Ww          , Ww          , Ww          , Ww          , Ww          , Gs          , Gs          , Gs          , Gs          , Gs          , Gs          , Ch          , Ww^Bsb|     , Ch          , Gs          , Gs          , Gs          , Gs          , Gs          , Gs          , Gs          , Gs          , Gg          , Gg          , Ww          , Ww          , Ww          
Gs          , Gs          , Gs          , Gs          , Gs          , Gs          , Ww          , Ww          , Ww          , Ww          , Ww          , Ww          , Gs          , Ww          , Gs          , Gs          , Gs          , Gs          , Rrc         , Rrc         , Gs          , Gs          , Gs          , Gs^Vh       , Gs          , Gs          , Gs          , Gs          , Gs          , Gs          , Gs          , Gs          , Gs          , Gs          , Gs          , Gs          , Gs          , Gs          , Gs          , Rrc         , Gs          , Gs          , Gs          , Gs          , Gs          , Gs          , Gs          , Gs          , Gs          , Gg          , Gs          , Gg          , Ww          , Ww          
Gs          , Gs          , Gs          , Gs          , Ww          , Ww          , Ww          , Ww          , Ww          , Ww          , Gs          , Gs          , Gs          , Gs          , Gs          , Gs          , Rrc         , Rrc         , Gs          , Gs          , Gs          , Gs          , Gs          , Gs          , Gs          , Gs          , Gs          , Gs          , Gs          , Gs          , Gs          , Gs          , Gs          , Gs^Edp      , Gs          , Gs          , Gs          , Gs^Vh       , Gs          , Rrc         , Gs          , Gs^Vh       , Gs          , Gs          , Gs          , Gs          , Gs          , Gs          , Gs^Edp      , Gs          , Gs          , Gs          , Ww          , Ww          
Gs          , Gs          , Gs          , Ww          , Ww          , Ww          , Ww          , Ww          , Gg          , Gs          , Gs          , Gs          , Gs          , Gs          , Rrc         , Rrc         , Gs          , Gs          , Gs          , Gs          , Gs          , Gs          , Gs          , Gs          , Gs          , Gs          , Gs          , Gs          , Gs          , Gs          , Gs          , Gs          , Gs          , Gs          , Gs          , Gs          , Gs          , Gs          , Gs          , Rrc         , Gs          , Gs          , Gs          , Gs          , Gs          , Gs          , Gs          , Gs          , Gs          , Gs          , Gs          , Gs          , Gs          , Ww          
Gs          , Gs          , Ww          , Ww          , Ww          , Ww          , Gg          , Gg          , Gs          , Gs          , Gs          , Gs          , Rrc         , Rrc         , Gs          , Gs          , Gs          , Gs          , Gs          , Gs          , Gs          , Gs          , Gs          , Gs          , Gs          , Gs          , Gs          , Gs          , Gs          , Gs          , Gs          , Gs          , Gs          , Gs          , Gs          , Gs          , Gs          , Gs          , Gs          , Rrc         , Gs          , Gs          , Gs          , Gs          , Gs          , Gs          , Gs          , Gs          , Gs          , Gs          , Gs          , Gs          , Gs          , Gs          
Ww          , Ww          , Ww          , Ww          , Gs          , Gg          , Gs          , Gg          , Gs          , Gs          , Gs          , Gs          , Rrc         , Gs          , Gs          , Gs          , Gs          , Gs          , Gs          , Gs          , Gs          , Gs          , Gs          , Gs          , Gs          , Gs          , Gs          , Gs          , Gs          , Gs          , Gs          , Gs          , Gs          , Gs          , Rr^Rhx      , Rr^Rhx      , Rr^Rhx      , Gs          , Gs          , Rrc         , Gs          , Gs          , Gs          , Gs          , Gs          , Gs          , Gs          , Gs          , Gs          , Gs          , Gs          , Gs          , Gs          , Gs          
Ww          , Ww          , Ww          , Ww          , Gs          , Gs          , Gs          , Gs          , Gs          , Gs          , Gs          , Gs          , Rrc         , Gs          , Gs          , Gs          , Gs          , Gs          , Gs          , Gs          , Gs          , Gs          , Gs          , Gs          , Rr^Rhx      , Rr^Rhx      , Rr^Rhx      , Gs          , Rr^Rhx      , Gs          , Rr^Rhx      , Gs          , Rr^Rhx      , Rr^Rhx      , Rr^Rhx      , Rr^Rhx      , Rr^Rhx      , Gs          , Rrc         , Rrc         , Gs          , Gs          , Gs          , Gs          , Gs          , Gs          , Gs          , Gs          , Gs          , Gs          , Gs          , Gs          , Gs          , Gs          
Ww          , Ww          , Gs          , Gs          , Gs          , Gs          , Gs          , Gs          , Gs          , Gs          , Gs^Vh       , Gs          , Rrc         , Gs          , Gs          , Gs^Vh       , Gs          , Gs          , Gs          , Gs          , Gs          , Gs          , Rr^Rhx      , Rr^Rhx      , Rr^Rhx      , Rr^Rhx      , Rr^Rhx      , Rr^Rhx      , Rr^Rhx      , Rr^Rhx      , Rr^Rhx      , Rr^Rhx      , Rr^Rhx      , Rr^Rhx      , Rr^Rhx      , Rr^Rhx      , Rrc         , Rrc         , Rr^Rhx      , Gs          , Gs          , Gs          , Gs          , Gs          , Gs          , Gs          , Gs          , Gs          , Gs          , Gs          , Gs          , Gs          , Gs          , Gs          
Ww          , Ww          , Gs          , Gs          , Gs          , Gs          , Gs          , Gs          , Gs          , Gs          , Gs          , Gs          , Rrc         , Gs          , Gs          , Gs          , Gs          , Gs          , Gs          , Gs          , Rr^Rhx      , Rr^Rhx      , Rr^Rhx      , Rr^Rhx      , Rr^Rhx      , Rr^Rhx      , Rr^Rhx      , Rr^Rhx      , Rr^Vhx      , Rr^Rhx      , Rr^Rhx      , Rr^Rhx      , Rr^Rhx      , Rr^Rhx      , Rrc         , Rrc         , Rr^Rhx      , Rr^Rhx      , Rr^Rhx      , Rr^Rhx      , Gs          , Gs          , Gs          , Gs          , Gs          , Gs          , Gs          , Gs          , Gs          , Gs          , Gs          , Gs          , Gs          , Gs          
Ww          , Ww          , Gs          , Gs          , Gs          , Gs          , Gs          , Gs          , Gs          , Gs          , Gs          , Gs          , Gs          , Rrc         , Rrc         , Gs          , Gs          , Gs          , Rr^Rhx      , Rr^Rhx      , Rr^Rhx      , Rr^Rhx      , Rr^Rhx      , Rr^Rhx      , Rrc         , Rr^Rhx      , Rr^Rhx      , Rr^Rhx      , Rr^Rhx      , Rr^Rhx      , Rr^Rhx      , Rr^Rhx      , Rrc         , Rrc         , Rr^Vhx      , Rr^Rhx      , Rr^Rhx      , Rr^Rhx      , Rr^Rhx      , Rr^Rhx      , Gs          , Gs          , Gs          , Gs          , Gs          , Gs          , Gs          , Gs          , Gd          , Gs          , Gs          , Gs          , Gs          , Gs          
Gs          , Gs          , Gs          , Gs          , Gs          , Gs          , Gs          , Gs          , Gs          , Gs          , Gs          , Gs          , Gs          , Gs          , Gs          , Rrc         , Rrc         , Gs          , Rr^Rhx      , Rr^Rhx      , Rr^Rhx      , Rr^Rhx      , Rrc         , Rrc         , Rr^Rhx      , Rrc         , Rrc         , Rr^Rhx      , Rr^Rhx      , Rr^Rhx      , Rr^Rhx      , Rrc         , Rr^Rhx      , Rr^Rhx      , Rr^Rhx      , Rr^Rhx      , Rr^Rhx      , Rr^Rhx      , Gs          , Gs          , Gs          , Gs          , Gs          , Gs          , Gs          , Gs          , Gd          , Gd          , Gd          , Gd          , Gd          , Gs          , Gs          , Gs          
Gs          , Gs          , Gs          , Gs          , Gs          , Gs          , Gs          , Gs          , Gs          , Gs          , Gd          , Gs          , Gs          , Gs          , Gs          , Gs          , Gs          , Rrc         , Rrc         , Rr^Rhx      , Rrc         , Rrc         , Rr^Rhx      , Rr^Rhx      , Rr^Rhx      , Rr^Rhx      , Rr^Rhx      , Rrc         , Rrc         , Rr^Rhx      , Rr^Rhx      , Rrc         , Ch          , Ch          , Ch          , Rr^Rhx      , Gs          , Gs          , Gs          , Gs          , Gs          , Gs          , Gs          , Gs          , Gd          , Gd          , Gd          , Gd          , Gd          , Gd          , Gs          , Gs          , Gs          , Gs          
Gs          , Gs          , Gs          , Gs          , Gs          , Gs          , Gs          , Gs          , Gd          , Gd          , Gd          , Gd          , Gd          , Gs          , Gs          , Gs          , Gs          , Gs          , Rr^Rhx      , Rrc         , Rr^Rhx      , Rr^Rhx      , Rr^Rhx      , Rr^Rhx      , Rr^Rhx      , Rr^Rhx      , Rr^Rhx      , Rr^Rhx      , Rr^Rhx      , Rrc         , Rrc         , Rrc         , Rrc         , 2 Kh        , Ch          , Gs          , Gs          , Gs          , Gs          , Gs          , Gs          , Gs          , Gs          , Gd          , Gd          , Gd          , Gd          , Gd          , Gs          , Gs          , Gd          , Gd          , Gd          , Gs          
Gs          , Gs          , Gs          , Gs          , Gs          , Gs          , Gd          , Gd          , Gd          , Gd          , Gd          , Gd          , Gs          , Gs          , Gs          , Gs          , Gs          , Rr^Rhx      , Rr^Rhx      , Rr^Rhx      , Rr^Rhx      , Rr^Rhx      , Rr^Rhx      , Rr^Rhx      , Rr^Rhx      , Rr^Rhx      , Rr^Rhx      , Rr^Rhx      , Rr^Vhx      , Rr^Rhx      , Rrc         , Rrc         , Rrc         , Ch          , Rr^Rhx      , Gs          , Gs          , Gs          , Gs          , Gs          , Gs          , Gs          , Gs          , Gs          , Gs          , Gd          , Gs          , Gs          , Gd          , Gd          , Gd          , Gd          , Gd          , Gd          
Gs          , Gs          , Gs          , Gs          , Gs          , Gs          , Gs          , Gd          , Gd          , Gd          , Gs          , Gs          , Gs          , Gs          , Gs          , Gs          , Rr^Rhx      , Rr^Rhx      , Rr^Rhx      , Rr^Rhx      , Rr^Rhx      , Rr^Rhx      , Rr^Rhx      , Rr^Rhx      , Rr^Rhx      , Rr^Rhx      , Rr^Rhx      , Rr^Rhx      , Rr^Rhx      , Rr^Rhx      , Rrc         , Rrc         , Rrc         , Rr^Rhx      , Rr^Rhx      , Rr^Rhx      , Rr^Rhx      , Gs          , Gs          , Gs          , Gs          , Gs          , Gs          , Gs          , Gs          , Gs          , Gd          , Gd          , Gd          , Gd          , Gd          , Gd          , Gs          , Gs          
Gs          , Gs          , Gs          , Gs          , Gs          , Gs          , Gs          , Gs          , Gs          , Gs          , Gs          , Gs          , Gs          , Gs          , Gs          , Gs          , Rr^Rhx      , Rr^Rhx      , Rr^Rhx      , Rr^Rhx      , Rr^Rhx      , Rr^Rhx      , Rrc         , Rr^Rhx      , Rr^Rhx      , Rr^Rhx      , Rr^Rhx      , Rr^Rhx      , Rrc         , Rrc         , Rr^Rhx      , Rr^Rhx      , Rr^Rhx      , Rrc         , Rrc         , Rr^Vhx      , Rr^Rhx      , Rr^Rhx      , Rr^Rhx      , Gs          , Gs          , Gs          , Gs          , Gs          , Gs          , Gs          , Gs          , Gd          , Gd          , Gd          , Gs          , Gs          , Gs          , Gs          
Gs          , Gs          , Gs          , Gs          , Gs          , Gs          , Gs          , Gs          , Gs          , Gs          , Gs          , Gs          , Gs          , Gs          , Gs          , Gs          , Rr^Rhx      , Rr^Rhx      , Rr^Rhx      , Rr^Rhx      , Rrc         , Rrc         , Rr^Rhx      , Rrc         , Rrc         , Rr^Rhx      , Rrc         , Rrc         , Rr^Rhx      , Rr^Rhx      , Rr^Rhx      , Rr^Rhx      , Rr^Rhx      , Rr^Rhx      , Rr^Rhx      , Rrc         , Rr^Rhx      , Rr^Rhx      , Rr^Rhx      , Gs          , Gs          , Gs          , Gs          , Gs          , Gs          , Gs          , Gs          , Gs          , Gs          , Gs          , Gs          , Gs          , Gs          , Gs          
Gs          , Gs          , Gs          , Gs          , Gs          , Gs          , Gs          , Gs          , Gs          , Gs          , Gs          , Gs          , Gs          , Gs^Vh       , Gs          , Gs          , Gs          , Rr^Rhx      , Rrc         , Rrc         , Gs          , Rr^Rhx      , Rr^Rhx      , Rr^Rhx      , Rr^Rhx      , Rrc         , Rr^Rhx      , Rr^Rhx      , Rr^Rhx      , Rr^Rhx      , Rr^Vhx      , Rr^Rhx      , Rr^Rhx      , Rr^Rhx      , Rr^Rhx      , Rrc         , Rr^Rhx      , Rr^Rhx      , Rr^Rhx      , Gs          , Gs          , Gs          , Gs          , Gs          , Gs          , Gs          , Gs          , Gs          , Gs          , Gs          , Gs          , Gs          , Gs          , Gs          
Gs          , Gs          , Gs          , Gs          , Gs          , Gs          , Gs          , Gs          , Gs          , Gs          , Gs          , Gs          , Gs          , Gs          , Gs          , Gs          , Rrc         , Rrc         , Gs          , Gs          , Gs^Vh       , Rr^Rhx      , Rr^Rhx      , Rr^Rhx      , Rr^Rhx      , Rr^Rhx      , Rr^Rhx      , Rr^Rhx      , Rr^Rhx      , Rr^Rhx      , Rr^Rhx      , Rr^Rhx      , Rr^Rhx      , Rr^Rhx      , Rr^Rhx      , Rrc         , Gs          , Rr^Rhx      , Gs          , Gs          , Gs          , Gs          , Gs          , Gs          , Gs          , Gs          , Gs          , Gs          , Gs          , Gs          , Gs          , Gs          , Gs          , Gs          
Gs          , Gs          , Gs          , Gs          , Gs          , Gs          , Gs          , Gs          , Gs          , Gs          , Gs          , Gs          , Gs          , Gs          , Rrc         , Rrc         , Gs          , Gs          , Gs          , Gs          , Gs          , Gs          , Gs          , Rr^Rhx      , Rr^Rhx      , Rr^Rhx      , Rr^Rhx      , Rr^Rhx      , Rr^Rhx      , Rr^Rhx      , Rr^Rhx      , Rr^Rhx      , Rr^Rhx      , Rr^Rhx      , Rr^Rhx      , Rrc         , Gs          , Gs          , Gs          , Gs          , Gs          , Gs          , Gs          , Gs          , Gs          , Gs          , Gs          , Gs          , Gs          , Gs          , Gs          , Gs          , Gs          , Gs          
Gs          , Gs          , Gs          , Gs          , Gs          , Gs          , Gs          , Gs          , Gs          , Gs          , Rrc         , Rrc         , Rrc         , Rrc         , Gs          , Gs          , Gs          , Gs          , Gs          , Gs          , Gs          , Gs          , Gs^Gvs      , Gs^Gvs      , Gs^Gvs      , Gs          , Gs          , Rr^Rhx      , Gs          , Gs          , Gs          , Rr^Rhx      , Gs          , Rr^Rhx      , Gs          , Rrc         , Gs          , Gs          , Gs          , Gs^Vh       , Gs          , Gs          , Gs          , Gs          , Gs          , Gs          , Gs          , Gs          , Gs          , Gs          , Gs          , Gs          , Gs          , Gs          
Gs          , Gs          , Gs          , Gs          , Gs          , Gs          , Gs          , Gs          , Gs          , Rrc         , Gs          , Gs          , Gs          , Gs          , Gs          , Gs          , Gs          , Gs          , Gs          , Gs          , Gs^Gvs      , Gs^Gvs      , Gs^Gvs      , Gs^Gvs      , Gs^Gvs      , Gs^Gvs      , Gs          , Gs          , Gs          , Gs          , Gs          , Gs          , Gs          , Gs          , Gs          , Rrc         , Gs          , Gs          , Gs          , Gs          , Gs          , Gs          , Gs          , Gs          , Gs          , Gs          , Gs          , Gs          , Gs          , Gs          , Gs          , Gs          , Gs          , Gs          
Gs          , Gs          , Gs          , Gs          , Gs          , Gs          , Gs          , Gs          , Gs          , Rrc         , Gs          , Gs          , Gs          , Gs          , Gs          , Gs          , Gs          , Gs          , Gs^Gvs      , Gs^Gvs      , Gs^Gvs      , Gs^Gvs      , Gs^Gvs      , Gs^Gvs      , Gs          , Gs          , Gs          , Gs          , Gg^Efm      , Gg^Efm      , Gg^Efm      , Gs          , Gs          , Gs          , Gs          , Rrc         , Rrc         , Gs          , Gs          , Gs          , Gs          , Gs          , Gs          , Gs          , Gs          , Gs          , Gs          , Gs          , Gs          , Gs          , Gs          , Gs          , Gs          , Gs          
Gs          , Gs          , Gs          , Gs          , Gs          , Gs          , Gs          , Gs^Vh       , Gs          , Rrc         , Gs          , Gs          , Gs          , Gs          , Gs          , Gs          , Gs          , Gs^Gvs      , Gs^Gvs      , Gs^Gvs      , Gs^Gvs      , Gs^Gvs      , Gs          , Gs          , Gs          , Gs          , Gs          , Gs          , Gg^Efm      , Gg^Fou      , Gg^Efm      , Gs          , Gs          , Gs          , Gs          , Gs          , Gs          , Rrc         , Rrc         , Gs          , Gs          , Gs          , Gs          , Gs          , Gs          , Gs          , Gs          , Gs^Vh       , Gs          , Gs          , Gs          , Gs          , Gs          , Gs          
Gs          , Gs          , Gs          , Gs          , Gs          , Gs          , Gs          , Gs          , Gs          , Rrc         , Gs          , Gs^Vh       , Gs          , Gs          , Gs          , Gs          , Gs          , Gs          , Gs          , Gs^Gvs      , Gs          , Gs          , Gs          , Gs          , Gs          , Gs          , Gs          , Gs          , Gs          , Gg^Efm      , Gs          , Gs          , Gs          , Gs          , Gs          , Gs          , Gs          , Gs          , Gs          , Rrc         , Rrc         , Gs          , Gs          , Gs          , Gs          , Gs          , Gs          , Gs          , Gs          , Gs          , Gs          , Gs          , Gs          , Gs          
Gs          , Gs          , Gs          , Gs          , Gs          , Gs          , Gs^Vh       , Gs          , Gs          , Rrc         , Gs          , Gs          , Gs          , Gs          , Gs          , Gs          , Gs          , Gs          , Gs          , Gs          , Gs          , Gs          , Gs          , Gs          , Gs          , Gs          , Gs          , Gs          , Gs          , Gs          , Gs          , Gs          , Gs          , Gs          , Gs          , Gs          , Gs^Vh       , Gs          , Gs          , Gs          , Rrc         , Gs          , Gs          , Gs          , Gs          , Gs          , Gs          , Gs          , Gs          , Gs          , Gs          , Gs          , Gs          , Gs          
Gs          , Gs          , Gs^Vh       , Gs          , Gs          , Gs          , Rrc         , Gs          , Rrc         , 1 Rrc       , Gs          , Gs          , Gs          , Gs          , Gs          , Gs          , Gs          , Gs          , Gs          , Gs          , Gs          , Gs          , Gs          , Gs^Wm       , Gs          , Gs          , Gs          , Gs          , Gs          , Gs          , Gs          , Gs          , Gs          , Gs          , Gs          , Gs          , Gs          , Gs          , Gs          , Gs          , Rrc         , Gs          , Gs          , Gs          , Gs          , Gs          , Gs          , Gs          , Gs^Vh       , Gs          , Gs          , Gs          , Gs          , Gs          
Gs          , Gs          , Gs          , Gs          , Rrc         , Rrc         , Gs          , Rrc         , Gs          , Gs          , Gs          , Gs          , Gs          , Gs          , Gs          , Gs          , Gs^Eff      , Gs^Eff      , Gs^Eff      , Gs          , Gs          , Gs          , Gs          , Gs          , Gs          , Gs          , Gs          , Gs          , Gs          , Gs          , Gs          , Gs          , Gs          , Gs          , Gs          , Gs          , Gs          , Gs          , Rrc         , Rrc         , Gs          , Rrc         , Rrc         , Gs          , Gs          , Gs          , Gs          , Gs          , Gs          , Gs          , Gs          , Gs          , Gs          , Gs          
Rrc         , Gs          , Rrc         , Rrc         , Gs^Vh       , Gs          , Gs          , Gs          , Gs          , Gs          , Gs          , Gs          , Gs          , Gs          , Gs^Eff      , Gs^Eff      , Gd^Gvs      , Gd^Gvs      , Gd^Gvs      , Gs^Eff      , Gs^Eff      , Gs          , Gs          , Gs          , Gs          , Gs          , Gs          , Gs          , Gs          , Gs          , Gs          , Gs          , Gs          , Gs          , Gs          , Gs          , Rrc         , Rrc         , Gs          , Gs          , Gs          , Gs          , Gs          , Rrc         , Rrc         , Gs          , Gs          , Gs          , Gs          , Gs          , Gs          , Gs          , Gs          , Gs          
Gs          , Rrc         , Gs          , Gs          , Gs          , Gs          , Gs          , Gs          , Gs          , Gs          , Gs          , Gs          , Gs^Eff      , Gs^Eff      , Gd^Gvs      , Gd^Gvs      , Gd^Gvs      , Gd^Gvs      , Gd^Gvs      , Gd^Gvs      , Gs^Eff      , Gs^Eff      , Gs^Eff      , Gs          , Gs          , Gs          , Gs          , Gs          , Gs^Vh       , Gs          , Gs          , Gs          , Gs          , Gs          , Rrc         , Rrc         , Gs          , Gs          , Gs          , Gs          , Gs          , Gs          , Gs          , Gs          , Gs          , Rrc         , Rrc         , Gs          , Gs          , Gs          , Gs          , Gs          , Rrc         , Gs          
Gs          , Gs          , Gs          , Gs          , Gs          , Gs          , Gs          , Gs          , Gs          , Gs          , Gs^Eff      , Gs^Eff      , Gd^Gvs      , Gd^Gvs      , Gd^Gvs      , Gd^Gvs      , Gd^Gvs      , Gd^Gvs      , Gs^Eff      , Gs^Eff      , Gd^Gvs      , Gd^Gvs      , Gd^Gvs      , Gs^Eff      , Gs^Eff      , Gs          , Gs          , Gs          , Gs          , Gs          , Gs          , Gs          , Rrc         , Rrc         , Gs          , Gs          , Gs          , Gs          , Gs          , Gs          , Gs^Vh       , Gs          , Gs          , Gs          , Gs          , Gs          , Gs          , Rrc         , Rrc         , Gs          , Rrc         , Rrc         , Gs          , Rrc         
Gs          , Gs          , Gs          , Gs          , Gs          , Gs          , Gs          , Gs          , Gs^Eff      , Gs^Eff      , Gd^Gvs      , Gd^Gvs      , Gd^Gvs      , Gd^Gvs      , Gd^Gvs      , Gd^Gvs      , Gs^Eff      , Gs^Eff      , Gd^Gvs      , Gd^Gvs      , Gd^Gvs      , Gd^Gvs      , Gd^Gvs      , Gd^Gvs      , Gs^Eff      , Gs^Eff      , Gs          , Gs          , Gs          , Gs          , Rrc         , Rrc         , Gs          , Gs          , Gs          , Gs          , Gs          , Gs          , Gs          , Gs          , Gs          , Gs          , Gs          , Gs          , Gs          , Gs          , Gs          , Gs          , Gs          , Rrc         , Gs          , Gs          , Gs^Vh       , Gs          
Gs          , Gs          , Gs          , Gs          , Gs          , Gs          , Gs          , Gs          , Gs          , Gs^Eff      , Gs^Eff      , Gd^Gvs      , Gd^Gvs      , Gd^Gvs      , Gs^Eff      , Gs^Eff      , Gd^Gvs      , Gd^Gvs      , Gd^Gvs      , Gd^Gvs      , Gd^Gvs      , Gd^Gvs      , Gs^Eff      , Gs^Eff      , Gs          , Gs          , Gs          , Gs          , Rrc         , Rrc         , Gs          , Gs          , Gs          , Gs          , Gs          , Gs          , Gs          , Gs          , Gs          , Gs          , Gs          , Gs          , Gs          , Gs          , Gs          , Gs          , Gs          , Gs          , Gs          , Gs          , Gs          , Gs          , Gs          , Gs          
Gs          , Gs          , Gs          , Gs          , Gs          , Gs          , Gs          , Gs          , Gs          , Gs          , Gs          , Gs^Eff      , Gs^Eff      , Gs^Eff      , Gd^Gvs      , Gd^Gvs      , Gd^Gvs      , Gd^Gvs      , Gd^Gvs      , Gd^Gvs      , Gs^Eff      , Gs^Eff      , Gs          , Gs          , Gs          , Gs          , Rrc         , Rrc         , Gs          , Gs          , Gs          , Gs^Vh       , Gs          , Gs          , Gs          , Gs          , Gs          , Gs          , Gs          , Gs          , Gs          , Gs          , Gs          , Gs          , Gs          , Gs          , Gs          , Gs          , Gs          , Gs          , Gs          , Gs          , Gs          , Gs          
Gs          , Gs          , Gs          , Gs          , Gs          , Gs          , Gs          , Gs          , Gs          , Gs          , Gs          , Gs          , Gs          , Gs^Eff      , Gs^Eff      , Gd^Gvs      , Gd^Gvs      , Gd^Gvs      , Gs^Eff      , Gs^Eff      , Gs          , Gs          , Gs          , Gs          , Gs          , Gs          , Rrc         , Gs          , Gs          , Gs          , Gs          , Gs          , Gs          , Gs          , Gs          , Gs          , Gs          , Gs          , Gs          , Gs          , Gs          , Gs          , Gs          , Gs          , Gs          , Gs          , Gs          , Gs          , Gs          , Gs          , Gs          , Gs          , Gs          , Gs          
Gs          , Gs          , Gs          , Gs          , Gs          , Gs          , Gs          , Gs          , Gs          , Gs          , Gs          , Gs          , Gs          , Gs          , Gs          , Gs^Eff      , Gs^Eff      , Gs^Eff      , Gs          , Gs          , Gs          , Gs          , Gs          , Gs          , Gs          , Gs          , Rrc         , Gs          , Gs          , Gs          , Gs          , Gs          , Gs          , Gs          , Gs          , Gs          , Gs          , Gs          , Gs          , Gs          , Gs          , Gs          , Gs          , Gs          , Gs          , Gs          , Gs          , Gs          , Gs          , Gs          , Gs          , Gs          , Gs          , Gs          
Gs          , Gs          , Gs          , Gs          , Gs          , Gs          , Gs          , Gs          , Gs          , Gs          , Gs          , Gs          , Gs          , Gs          , Gs          , Gs          , Gs          , Gs          , Gs          , Gs          , Gs          , Gs          , Gs          , Gs          , Gs          , Gs          , Rrc         , Gs          , Gs          , Gs          , Gs          , Gs          , Gs          , Gs          , Gs          , Gs          , Gs          , Gs          , Gs          , Gs          , Gs          , Gs          , Gs          , Gs          , Gs          , Gs          , Gs          , Gs          , Gs          , Gs          , Gs          , Gs          , Gs          , Gs          
Gs          , Gs          , Gs          , Gs          , Gs          , Gs          , Gs          , Gs          , Gs          , Gs          , Gs          , Gs          , Gs          , Gs          , Gs          , Gs          , Gs          , Gs          , Gs          , Gs          , Gs          , Gs          , Gs          , Gs          , Gs          , Gs          , Rrc         , Gs          , Gs          , Gs          , Gs          , Gs          , Gs          , Gs          , Gs          , Gs          , Gs          , Gs          , Gs          , Gs          , Gs          , Gs          , Gs          , Gs          , Gs          , Gs          , Gs          , Gs          , Gs          , Gs          , Gs          , Gs          , Gs          , Gs          
Gs          , Gs          , Gs          , Gs          , Gs          , Gs          , Gs          , Gs          , Gs          , Gs          , Gs          , Gs          , Gs          , Gs          , Gs          , Gs          , Gs          , Gs          , Gs          , Gs          , Gs          , Gs          , Gs          , Gs          , Gs          , Gs          , Rrc         , Gs          , Gs          , Gs          , Gs          , Gs          , Gs          , Gs          , Gs          , Gs          , Gs          , Gs          , Gs          , Gs          , Gs          , Gs          , Gs          , Gs          , Gs          , Gs          , Gs          , Gs          , Gs          , Gs          , Gs          , Gs          , Gs          , Gs          
