border_size=1
usage=map

Hhd         , Hhd         , Hhd         , Hhd         , Md          , Hd          , Dd          , Dd          , Hd          , Hd          , Md          , Md          , Dd          , Dd          , Dd          , Dd          , Dd          , Dd          , Dd          , Dd          , Dd          , Dd          , Dd          , Hhd         , Hhd         , Hhd         , Dd          , Dd          , Dd          , Dd          , Dd          , Dd          , Dd          , Dd          , Dd          , Dd          , Dd          , Dd          
Hhd         , Hhd         , Hhd         , Hhd         , Dd^Dc       , Hhd         , Dd          , Hd          , Dd          , Dd          , Dd          , Rd          , Dd          , Rd          , Rd          , 4 Rd        , Dd          , Dd          , Dd          , Dd          , Dd          , Dd          , Dd          , Hhd         , Md          , Md          , Hhd         , Hhd         , Dd          , Dd          , Dd          , Dd          , Dd          , Dd          , Dd          , Dd          , Dd          , Dd          
Hd          , Hd          , Hd          , Dd          , Dd          , Dd          , Dd          , Hd          , Mm          , Hhd         , Hhd         , Hhd         , Rd          , Hd          , Hhd         , Hd          , Rd          , Rd          , Dd          , Dd          , Dd          , Dd          , Hhd         , Md          , Md          , Md          , Md          , Hhd         , Dd          , Dd          , Dd          , Dd          , Dd^Esd      , Dd          , Dd          , Dd          , Dd          , Dd          
Hd          , Dd^Hd       , Hd          , Dd          , Dd          , Dd          , Dd          , Hd          , Hhd         , Hhd         , Md          , Md          , Hhd         , Md          , Md          , Md          , Hhd         , Rd          , Dd          , Dd          , Dd          , Hhd         , Hhd         , Md          , Md          , Hhd         , Md          , Hhd         , Dd          , Dd          , Dd          , Dd          , Dd          , Dd          , Dd          , Dd          , Dd          , Dd          
Dd          , Dd          , Dd          , Dd          , Md          , Dd          , Dd          , Dd          , Dd          , Dd          , Hhd         , Md          , Md^Xm       , Md          , Md          , Md          , Hhd         , Rd          , Dd          , Hd          , Hd          , Md          , Hhd         , Md          , Hhd         , Dd          , Hhd         , Dd          , Dd          , Dd          , Dd          , Dd          , Dd          , Dd          , Dd          , Dd          , Dd          , Dd          
Dd          , Dd          , Dd          , Md          , Md          , Md          , Dd          , Dd          , Dd          , Hd          , Hhd         , Md          , Md          , Md          , Md          , Md          , Hd          , Rd          , Dd^Dc       , Dd          , Hd          , Hhd         , Md          , Hhd         , Hhd         , Dd          , Dd          , Dd          , Dd          , Dd          , Dd^Hd       , Dd          , Dd          , Dd          , 3 Dd        , Dd          , Dd          , Dd          
Dd          , Dd          , Dd          , Dd          , Dd          , Dd          , Dd          , Dd          , Dd          , Dd          , Hhd         , Hhd         , Hhd         , Hhd         , Hhd         , Hhd         , Hd          , Dd          , Rd          , Rd          , Hd          , Hhd         , Hhd         , Dd          , Hhd         , Dd          , Hhd         , Dd          , Dd          , Dd^Hd       , Dd^Hd       , Dd          , Dd          , Dd          , Dd          , Dd          , Dd          , Dd          
Dd          , Dd          , Dd          , Dd          , Dd          , Dd          , Dd^Edpp     , Dd          , Dd          , Dd          , Hd          , Dd          , Hhd         , Dd          , Dd          , Dd          , Dd^Dc       , Dd          , Dd          , Dd          , Rd          , Hhd         , Hhd         , Hhd         , Hhd         , Hhd         , Hhd         , Dd          , Dd          , Dd          , Dd          , Dd          , Dd          , Dd          , Dd          , Dd^Esd      , Dd          , Dd          
Dd          , Dd          , Dd          , Dd          , Dd          , Dd          , Dd          , Dd          , Dd          , Dd          , Dd          , Dd          , Dd          , Dd          , Dd          , Dd          , Dd          , Dd          , Dd          , Dd          , Rd          , Dd          , Hhd         , Hhd         , Hhd         , Hhd         , Hhd         , Dd          , Dd          , Dd          , Dd          , Dd          , Dd^Edp      , Dd          , Dd          , Dd          , Dd          , Dd          
Dd          , Dd          , Dd          , Dd          , Dd          , Dd          , Dd          , Dd          , Dd          , Dd          , Dd          , Dd          , Dd          , Dd          , Dd          , Dd          , Dd          , Dd          , Dd          , Dd          , Rd          , Dd          , Dd          , Hhd         , Hhd         , Hhd         , Dd          , Hhd         , Dd          , Dd          , Dd          , Dd          , Dd          , Dd          , Dd^Edpp     , Dd          , Dd          , Dd          
Dd          , Dd          , Dd          , Dd^Edpp     , Dd          , Dd^Edpp     , Dd^Edpp     , Dd^Edpp     , Dd          , Dd          , Dd          , Dd          , Dd          , Dd          , Dd          , Dd          , Dd          , Dd          , Dd          , Dd          , Rd          , Dd          , Hd          , Hhd         , Hhd         , Hhd         , Hhd         , Dd          , Dd          , Dd          , Dd          , Dd          , Dd          , Dd          , Dd          , Dd          , Dd          , Dd          
Dd          , Dd          , Dd          , Dd          , Dd          , Dd          , Dd          , Dd^Edpp     , Dd          , Dd          , Dd          , Dd^Do       , Dd          , Dd          , Dd          , Dd          , Dd          , Dd          , Dd          , Rd          , Rd          , Rd          , Hd          , Hhd         , Hd          , Dd          , Dd          , Hhd         , Dd          , Dd          , Dd          , Dd          , Dd          , Dd          , Dd          , Dd          , Dd          , Dd          
Dd          , Dd          , Dd          , Dd          , Dd          , Dd          , Dd          , Dd          , Dd          , Dd          , Dd          , Dd          , Dd          , Dd          , Dd          , Dd          , Dd          , Rd          , Rd          , Dd          , Dd          , Dd          , Rd          , Hd          , Dd          , Dd          , Dd          , Dd          , Dd          , Dd          , Dd          , Dd          , Dd          , Dd          , Dd          , Dd          , Dd          , Dd          
Dd          , Dd          , Dd          , Dd          , Dd          , Ds          , Dd          , Dd          , Dd          , Dd          , Hd          , Dd          , Dd          , Rd          , Dd          , Dd          , Dd          , Rd          , Dd          , Hd          , Hd          , Dd          , Rd          , Dd          , Ds          , Ds          , Ds          , Dd          , Dd          , Dd          , Dd          , Dd          , Dd          , Dd^Edp      , Dd          , Dd          , Dd          , Dd          
Dd          , Dd          , Dd          , Dd          , Dd          , Ds          , Dd          , Dd          , Dd          , Dd          , Hd          , Dd          , Rd          , Rd          , Dd          , Rd          , Rd          , Dd          , Dd^Vdt      , Hd          , Hd          , Hd          , Rd          , Rd          , Dd          , Dd          , Ds          , Dd          , Dd          , Dd^Edpp     , Dd          , Dd          , Dd          , Dd          , Dd          , Dd          , Dd          , Dd          
Dd          , Dd          , Dd          , Dd          , Dd          , Dd          , Dd^Dc       , Dd          , Dd          , Hd          , Hd          , Hd          , Dd          , Dd          , Dd          , Rd          , Dd          , Dd          , Dd          , Hd          , Hd          , Dd          , Dd          , Dd          , Hd          , Hd          , Dd          , Dd          , Dd          , Dd          , Dd          , Dd          , 1 Dd        , Dd          , Dd          , Dd          , Dd          , Dd          
Dd          , Dd          , Dd          , Dd          , Dd^Edp      , Dd          , Dd          , Dd          , Dd          , Hd          , Hd          , Dd          , Ds          , Dd          , Dd          , Dd          , Dd          , Ds          , Dd          , Dd          , Dd^Vdt      , Dd          , Dd          , Rd          , Rd          , Hd          , Hd          , Dd          , Dd          , Dd          , Dd          , Dd          , Dd          , Dd          , Dd          , Dd          , Dd          , Dd          
Dd          , Dd          , Dd          , Dd          , Dd          , Dd          , Dd          , Dd          , Dd          , Dd          , Dd          , Dd          , Dd          , Ds          , Dd          , Dd^Dc       , Dd          , Dd          , Ds          , Dd          , Dd          , Rd          , Rd          , Dd          , Dd          , Md          , Hd          , Dd          , Dd          , Dd          , Dd          , Dd          , Dd          , Dd          , Dd          , Dd          , Dd          , Dd          
Dd          , Dd          , Dd          , Dd^Edp      , Dd          , Dd^Edp      , Dd          , Dd          , Dd          , Dd          , Dd          , Dd          , Dd          , Dd          , Dd          , Rd          , Dd          , Dd          , Dd          , Dd          , Dd          , Dd          , Dd          , Ds          , Dd          , Md          , Hd          , Dd          , Dd          , Dd          , Dd          , Dd          , Dd          , Dd          , Dd          , Dd          , Dd^Hd       , Dd          
Dd          , Dd          , Dd          , Dd          , Gd          , Dd          , Gll         , Dd          , Dd          , Dd          , Dd          , Dd          , Dd          , Dd          , Dd          , Rr          , Ce          , Rr          , Dd          , Dd          , Dd          , Ds          , Dd          , Dd          , Dd          , Hd          , Hd          , Dd          , Dd          , Dd          , Dd          , Dd          , Dd          , Dd          , Dd          , Dd          , Dd          , Dd          
Dd          , Dd          , Ds^Edp      , Gd          , Gs          , Gd          , Ww          , Gs^Edp      , Gd          , Dd          , Gd          , Dd          , Dd          , Dd          , Dd          , Rb          , Rb          , Dd          , Dd^Dc       , Dd          , Dd          , Dd          , Ds          , Ds          , Dd          , Dd          , Dd          , Dd          , Dd          , Dd          , Dd^Edpp     , Dd          , Dd          , Dd          , Dd^Edpp     , Dd          , Dd          , Dd          
Gs          , Gs          , Ww          , Ww          , Ww          , Ww          , Gd          , Ww          , Ww          , Gd          , Ww          , Rd          , Gd          , Rd          , Rb          , Rb          , Gs^Ft       , Gs^Ft       , Dd^Dr       , Dd          , Hd          , Ds          , Hd          , Dd          , Ds          , Ds          , Dd          , Dd          , Dd          , Dd          , Dd          , Dd          , Dd          , Dd          , Dd          , Dd          , Dd          , Dd          
Ww          , Ww          , Gs          , Gll         , Hhd         , Gs          , Gd          , Gd          , Ww          , Ww          , Ww          , Ww          , Rd          , Rd          , Dd^Edpp     , Rb          , Dd          , Dd^Vda      , Rd          , Hd          , Hd          , Hd          , Hd          , Hd          , Dd          , Ds          , Ds          , Ds          , Dd          , Ds          , Dd          , Ds          , Dd          , Dd          , Dd          , Dd          , Dd          , Dd          
Gs^Edp      , Gs^Edp      , Gs^Edp      , Hhd         , Hhd         , Hhd         , Dd          , Dd          , Gs^Edp      , Ww          , Gs^Edp      , Gs          , Gs          , Dd^Edpp     , Dd          , Rd          , Rd          , Rd          , Gll         , Hd          , Rd          , Rd^Dr       , Hd          , Hd          , Dd          , Ds          , Ds          , Ds          , Ds          , Ds          , Ds          , Ds          , Dd          , Dd          , Dd          , Dd          , Dd          , Dd          
Dd          , Gs          , Hd          , Hd          , Hd          , Hhd         , Ds          , Rd          , Dd          , Gd          , Dd^Vda      , Gs          , Dd^Dr       , Rd          , Gll         , Chr         , Dd          , Chr^Dr      , Rd          , Rd^Edpp     , Rd          , Md          , Md          , Hd          , Ds          , Dd          , Ds          , Ds          , Ds          , Ds          , Dd          , Dd          , Dd          , Dd          , Dd          , Dd          , Dd          , Dd          
Hd          , Hd          , Dd          , Hd          , Hd          , Hd          , Ds          , Dd^Vdt      , Dd          , Rd          , Gll         , Gll         , Rd          , Dd          , Dd^Vda      , Chr         , 2 Khr       , Dd          , Rd          , Rd          , Dd          , Hd          , Hd          , Ds          , Dd          , Dd          , Dd          , Dd          , Dd          , Dd          , Dd          , Dd          , Dd          , Dd          , Dd          , Dd          , Dd          , Dd          
Hd          , Hd          , Dd          , Hd          , Hd          , Hd          , Ds          , Rd          , Rd          , Dd          , Dd^Vdt      , Gll         , Dd^Dr       , Dd          , Gs^Edpp     , Gll         , Chr         , Dd          , Rd          , Dd          , Dd          , Gs          , Dd          , Dd          , Dd          , Dd          , Dd          , Dd          , Dd          , Dd          , Dd^Edpp     , Dd          , Dd          , Dd          , Dd          , Dd          , Dd          , Dd          
Dd          , Dd          , Dd          , Dd          , Dd          , Dd          , Dd          , Ds          , Dd          , Dd          , Dd          , Gs^Edpp     , Gd          , Gd          , Rd          , Dd          , Gll         , Gll         , Dd          , Dd          , Chr         , Dd          , Dd          , Dd          , Dd          , Dd          , Dd^Edpp     , Dd          , Dd          , Dd          , Dd          , Dd          , Dd          , Dd          , Dd^Edpp     , Dd          , Dd          , Dd          
Dd          , Dd          , Dd          , Dd^Edp      , Dd          , Dd          , Dd          , Rd          , Ds          , Dd          , Dd          , Dd          , Dd          , Gll         , Gd          , Dd^Vdt      , Gd          , Rd          , Rd          , Rd          , Rd          , Rd          , Dd          , Dd          , Dd          , Dd          , Dd          , Dd          , Dd          , Dd          , Dd          , Dd          , Dd          , Dd          , Dd          , Dd          , Dd          , Dd          
Dd          , Dd          , Dd          , Dd          , Dd          , Dd          , Dd          , Dd          , Dd          , Dd          , Ce          , Dd          , Dd          , Ds          , Dd          , Dd          , Rd          , Rd          , Dd^Vdt      , Dd          , Chr         , Dd          , Rd          , Rd          , Dd          , Dd          , Dd          , Dd          , Dd          , Dd          , Dd          , Dd          , Dd          , Dd          , Dd          , Dd          , Dd          , Dd          
Dd          , Dd          , Dd          , Dd          , Dd^Edp      , Dd^Edp      , Dd          , Dd          , Dd          , Dd          , Dd          , Dd          , Dd          , Ds          , Rd          , Dd          , Dd          , Rd          , Dd          , Dd          , Dd          , Dd          , Dd          , Dd          , Dd^Dc       , Dd          , Dd          , Dd          , Dd          , Dd^Edp      , Dd          , Dd          , Dd          , Dd          , Dd^Edpp     , Dd          , Dd          , Dd          
Dd          , Dd          , Dd          , Dd^Edp      , Dd^Edp      , Dd          , Dd          , Dd          , Dd          , Dd          , Dd          , Dd          , Dd          , Dd          , Dd          , Dd          , Dd^Dr       , Dd          , Ce          , Dd          , Dd          , Dd          , Dd          , Dd          , Dd          , Dd          , Dd          , Dd^Dc       , Dd          , Dd          , Dd          , Dd          , Dd          , Dd          , Dd          , Dd          , Dd          , Dd          
Dd          , Dd          , Dd          , Dd          , Dd          , Dd^Edp      , Dd          , Dd          , Dd          , Dd          , Dd          , Dd^Dc       , Dd          , Dd          , Hhd         , Dd          , Dd          , Dd          , Dd          , Dd          , Dd          , Dd          , Dd^Do       , Dd          , Dd          , Dd          , Dd          , Dd          , Dd^Dr       , Dd          , Dd          , Dd          , Dd          , Dd          , Dd          , Dd          , Dd          , Dd          
Dd          , Dd          , Dd          , Dd          , Dd          , Dd          , Dd          , Dd          , Dd^Hd       , Dd          , Dd          , Dd          , Dd          , Dd          , Md          , Hhd         , Hhd         , Rd          , Dd          , Dd          , Dd          , Dd^Dc       , Dd          , Dd          , Dd          , Dd          , Hd          , Hd^Dr       , Hd          , Hd^Dr       , Dd          , Dd          , Dd          , Dd          , Dd          , Dd          , Dd          , Dd          
Dd          , Dd          , Dd          , Dd          , Hd          , Dd          , Dd          , Dd^Hd       , Dd          , Dd          , Dd          , Dd          , Dd          , Dd          , Md          , Md          , Hhd         , Rd          , Dd          , Rd          , Rd          , Dd          , Dd          , Dd          , Dd^Dc       , Dd          , Hd          , Dd          , Dd          , Dd          , Dd          , Dd          , Dd          , Dd          , Dd          , Dd          , Dd          , Dd          
Dd          , Dd          , Dd          , Hd          , Dd          , Hd          , Hd          , Dd          , Dd          , Dd          , Dd^Edp      , Dd          , Dd          , Dd          , Dd          , Md^Xm       , Hhd         , Dd          , Dd          , Dd          , Dd          , Rd          , Rd          , Dd          , Dd          , Hd          , Hd          , Dd          , Dd          , Dd          , Dd^Edpp     , Dd          , Dd          , Dd          , Dd          , Dd          , Dd          , Dd          
Hd          , Dd          , Hd          , Hd          , Hd          , Dd          , Dd          , Dd          , Dd          , Dd          , Dd          , Dd          , Dd          , Dd          , Dd          , Dd          , Dd          , Hhd         , Hhd         , Dd          , Dd          , Dd          , Dd          , Rd          , Dd          , Hd          , Hd          , Hd          , Dd          , Dd          , Dd          , Dd          , Dd          , Dd^Esd      , Dd          , Dd          , Dd          , Dd          
Dd          , Hd          , Dd          , Hd          , Hd          , Dd          , Hhd         , Hhd         , Hhd         , Dd          , Dd          , Dd          , Dd          , Dd          , Dd          , Dd          , Dd          , Dd          , Hhd         , Dd          , Dd          , Dd^Dc       , Dd          , Dd          , Dd          , Hd          , Hd          , Hd          , Dd          , Dd          , Dd          , Dd          , Dd          , Dd          , Dd          , Dd          , Dd          , Dd          
Dd          , Dd          , Dd          , Dd          , Dd          , Hd          , Dd          , Md          , Hhd         , Dd          , Dd          , Dd          , Dd          , Dd          , Dd          , Dd          , Dd          , Dd          , Dd          , Dd          , Dd          , Dd          , Dd          , Rd          , Dd          , Dd          , Hd          , Hd          , Dd          , Dd          , Dd          , Dd          , Dd          , Dd          , Dd^Edpp     , Dd          , Dd          , Dd          
Dd          , Dd          , Dd          , Dd          , Dd          , Dd          , Dd          , Dd          , Hhd         , Hhd         , Dd          , Dd^Esd      , Dd          , Dd          , Dd          , Dd          , Dd          , Dd          , Dd          , Dd          , Dd          , Dd          , Dd          , Rd          , Dd          , Dd          , Dd          , Dd          , Dd          , Dd          , Dd          , Dd          , Dd          , Dd          , Dd          , Dd          , Dd          , Dd          
Dd          , Dd          , Dd          , Dd^Edp      , Dd          , Dd          , Dd          , Dd          , Dd          , Dd          , Dd          , Dd          , Dd          , Dd          , Dd          , Dd          , Dd          , Dd          , Dd          , Dd          , Dd          , Dd          , Dd          , Dd          , Rd          , Dd          , Dd          , Dd          , Dd          , Dd          , Dd          , Dd^Hd       , Dd^Hd       , Dd          , Dd          , Dd          , Dd          , Dd          
Dd          , Dd          , Dd          , Dd          , Dd          , Dd          , Dd^Esd      , Dd          , Dd          , Dd          , Dd          , Dd          , Dd          , Dd          , Dd^Edpp     , Dd          , Dd          , Dd^Esd      , Dd          , Dd          , Dd          , Dd          , Dd          , Dd          , Dd          , Dd          , Dd          , Dd          , Dd          , Dd          , Dd          , Dd^Hd       , Dd^Hd       , Dd          , Dd^Edp      , Dd          , Dd          , Dd          
Dd          , Dd          , Dd          , Dd          , Dd^Edpp     , Dd          , Dd          , Dd          , Dd          , Dd          , Dd          , Dd          , Dd^Edp      , Dd          , Dd          , Dd          , Dd          , Dd^Hd       , Dd          , Dd          , Dd          , Dd          , Dd          , Dd          , Dd          , Rd          , Dd          , Dd          , Dd          , Dd          , Dd          , Dd          , Dd          , Dd          , Dd          , Dd          , Dd          , Dd          
Dd          , Dd          , Dd          , Dd          , Dd          , Dd          , Dd          , Dd          , Dd          , Dd          , Dd          , Dd          , Dd          , Dd          , Dd          , Dd          , Dd          , Dd          , Dd          , Dd          , Hd          , Hd          , Hd          , Hd          , Hd          , Dd          , Rd          , Rd          , Dd          , Dd          , Dd          , Dd          , Dd          , Dd          , Dd          , Dd          , Dd          , Dd          
Dd          , Dd          , Dd          , Dd          , Dd^Edp      , Dd          , Dd          , Dd          , Dd^Edpp     , Dd          , Dd          , Dd          , Dd          , Dd          , Dd          , Dd          , Dd          , Dd          , Dd          , Dd          , Dd          , Hd          , Hd          , Hd          , Hd          , Dd          , Dd          , Dd          , Rd          , Rd          , Dd          , Dd          , Dd          , Dd          , Dd          , Dd          , Dd          , Dd          
Dd          , Dd          , Dd          , Dd          , Dd          , Dd          , Dd          , Dd          , Dd          , Dd          , Dd          , Dd          , Dd          , Dd          , Dd          , Dd          , Hd          , Dd          , Hd          , Dd          , Hd          , Dd          , Hd          , Hd          , Hd          , Dd          , Dd          , Dd          , Dd          , Dd          , Rd          , Rd          , Dd          , Dd          , Dd          , Dd          , Dd          , Dd          
Dd          , Dd          , Dd          , Dd          , Dd          , Dd          , Dd^Edp      , Dd          , Dd          , Dd          , Dd          , Dd          , Dd          , Dd          , Dd          , Dd          , Dd          , Hd          , Dd          , Hd          , Hd          , Hd          , Hd          , Hd          , Dd          , Dd          , Dd          , Dd          , Dd^Esd      , Dd          , Dd          , Rd          , Dd          , Dd          , Dd          , Dd          , Dd          , Dd          
Dd          , Dd          , Dd          , Dd          , Dd          , Dd          , Dd          , Dd          , Dd          , Dd          , Dd          , Dd^Edpp     , Dd          , Dd          , Dd          , Dd          , Dd          , Dd          , Dd          , Dd          , Dd          , Hd          , Dd          , Dd          , Dd          , Dd          , Dd          , Dd          , Dd          , Dd          , Dd          , Dd          , Rd          , Rd          , Dd          , Dd          , Dd          , Dd          
Dd          , Dd          , Dd          , Dd          , Dd          , Dd          , Dd          , Dd          , Dd          , Dd          , Dd          , Dd          , Dd          , Dd          , Dd          , Dd          , Dd          , Dd          , Dd          , Dd          , Dd          , Dd          , Dd          , Dd          , Dd          , Dd          , Dd          , Dd          , Dd          , Dd          , Dd          , Dd          , Dd          , Dd          , Rd          , Rd          , Dd          , Dd          
Dd          , Dd          , Dd          , Dd          , Dd          , Dd          , Dd          , Dd          , Dd          , Dd          , Dd          , Dd          , Dd          , Dd          , Dd          , Dd          , Dd          , Dd          , Dd          , Dd          , Dd          , Dd          , Dd          , Dd          , Dd          , Dd          , Dd          , Dd          , Dd          , Dd          , Dd          , Dd          , Dd          , Dd          , Dd          , Dd          , Rd          , Rd          
