border_size=1
usage=map

Md          , Md          , Md          , Md          , Md          , Md          , Md          , Md          , Md          , Md          , Md          , Md          , Md          , Md          , Md          , Md          , Md          , Md          , Md          , Md          , Md          , Md          , Md          , Md          , Md          , Md          , Md          , Md          , Dd          , Dd          , Dd          , Dd          , Dd          , Dd          , Dd^Dc       , Dd          , Dd          , Hd          
Md          , Md          , Md          , Md          , Md          , Md          , Md          , Md          , Md          , Md          , Md          , Md          , Md          , Md          , Md          , Md          , Md          , Md          , Md          , Md          , Md          , Md          , Md          , Md          , Md          , Md          , Md          , Hhd         , Dd          , Dd^Do       , Dd          , Dd          , Dd^Do       , Dd          , Dd          , Dd          , Dd          , Dd          
Md          , Md          , Md          , Md          , Md          , Md          , Md          , Md          , Md          , Md          , Md          , Md          , Md          , Md          , Md          , Md          , Md          , Md          , Md          , Md          , Md          , Md          , Md          , Md          , Hhd         , Hhd         , Hhd         , Hhd         , Hd          , Dd          , Dd          , Dd^Qc1      , Dd          , Dd          , Dd          , 3 Dd        , Dd          , Dd          
Md          , Md          , Md          , Md          , Md          , Md          , Md          , Md          , Mv          , Md          , Md          , Md          , Md          , Md          , Md          , Md          , Md          , Md          , Md          , Md          , Md          , Md          , Md          , Md          , Hhd         , Hhd         , Hhd         , Hd          , Hd          , Hd          , Hd          , Dd^Qc1      , Dd^Qc1      , Dd          , Dd          , Dd          , Dd          , Dd          
Md          , Md          , Md          , Md          , Md          , Md          , Md          , Md          , Md          , Md          , Md          , Md          , Md          , Md          , Md          , Md          , Md          , Md          , Md          , Md          , Md          , Md          , Md          , Hhd         , Hhd         , Hhd         , Hd          , Dd          , Hd          , Hd          , Hd          , Hd          , Hd          , Dd^Qc1      , Dd^Qc1      , Dd          , Dd          , Dd^Dc       
Md          , Md          , Md          , Md          , Md          , Md          , Md          , Md          , Md          , Md          , Md          , Md          , Md          , Md          , Md          , Md          , Md          , Md          , Md          , Md          , Md          , Md          , Md          , Hhd         , Hhd         , Hhd         , Wwt         , Wwt         , Hd          , Hd          , Hd          , Hd          , Hd          , Dd          , Dd          , Dd^Dc       , Dd          , Dd          
Md          , Md          , Md          , Md          , Md          , Md          , Md          , Md          , Md          , Md          , Md          , Md          , Md          , Md          , Md          , Md          , Wwt         , Md          , Md          , Md          , Md          , Md          , Md          , Hhd         , Wwt         , Wwt         , Wwt         , Wwt         , Wwt         , Hd          , Hd          , Hd          , Hhd         , Hd          , Dd          , Dd          , Dd          , Dd          
Md          , Md          , Md          , Md          , Md          , Md          , Md          , Md          , Md          , Md          , Md          , Md          , Wwt         , Wwt         , Wwt         , Wwt         , Wwt         , Wwt         , Wwt         , Md          , Md          , Md          , Wwt         , Md          , Wwt         , Wwt         , Wwt         , Wwt         , Wwt         , Wwt         , Hhd         , Hhd         , Hhd         , Hhd         , Hd^Dr       , Dd          , Dd          , Dd          
Md          , Md          , Md          , Md          , Md          , Md          , Md          , Md          , Md          , Md          , Md          , Md          , Wwt         , Wwt         , Wwt         , Wwt         , Wwt         , Wwt         , Wwt         , Wwt         , Wwt         , Wwt         , Wwt         , Wwt         , Wwt         , Wwt         , Wwt         , Wwt         , Wwt         , Wwt         , Hhd         , Hhd         , Hhd         , Hhd         , Md          , Dd^Dr       , Dd^Do       , Dd          
Md          , Md          , Md          , Md          , Md          , Md          , Md          , Md          , Md          , Md          , Md          , Md          , Wwt         , Wwt         , Wwt         , Wwt         , Wot         , Wwt         , Wot         , Wot         , Wot         , Wot         , Wot         , Wwt         , Wwt         , Wwt         , Wwt         , Wwt         , Md          , Hhd         , Md          , Hhd         , Md          , Md          , Md          , Md          , Md          , Md          
Md          , Md          , Md          , Md          , Md          , Md          , Md          , Md          , Md          , Md          , Wwt         , Wwt         , Wwt         , Wwt         , Wot         , Wot         , Wot         , Wot         , Wot         , Wot         , Wot         , Wot         , Wot         , Wwt         , Wot         , Wot         , Wot         , Wwt         , Md          , Md          , Md          , Md          , Md          , Md          , Md          , Md          , Md          , Md          
Md          , Md          , Md          , Md          , Md          , Md          , Md          , Md          , Wwt         , Wwt         , Wwt         , Wwt         , Wwt         , Wot         , Wot         , Wot         , Wot         , Wot         , Wot         , Wot         , Wot         , Wot         , Wot         , Wot         , Wot         , Wot         , Wot         , Wwt         , Wwt         , Md          , Wwt         , Md          , Wwt         , Md          , Md          , Md          , Md          , Md          
Md          , Md          , Md          , Md          , Md          , Md          , Md          , Md          , Wwt         , Wwt         , Wwt         , Wwt         , Wwt         , Wot         , Wot         , Wot         , Wot         , Wot         , Wot         , Wot         , Wot         , Wot         , Wot         , Wot         , Wot         , Wot         , Wwt         , Wwt         , Wwt         , Wwt         , Wwt         , Wwt         , Wwt         , Gg^Gvs      , Gg^Gvs      , Md          , Gs^Gvs      , Md          
Md          , Md          , Md          , Md          , Md          , Md          , Gs^Gvs      , Wwt         , Wwt         , Wwt         , Wwt         , Wwt         , Wwt         , Wot         , Wot         , Wot         , Wot         , Wot         , Wot         , Wot         , Wot         , Wot         , Wot         , Wot         , Wot         , Wot         , Wot         , Wwt         , Wwt         , Wwt         , Wwt         , Wwt         , Wwt         , Wwt         , Wwt         , Gs^Gvs      , Gs^Gvs      , Gd^Gvs      
Md          , Md          , Md          , Md          , Md          , Gs^Gvs      , Gs^Gvs      , Gg^Gvs      , Gg^Gvs      , Wwt         , Wwt         , Wwt         , Wwt         , Wwt         , Wwt         , Wwt         , Wot         , Wot         , Wot         , Wot         , Wot         , Wot         , Wot         , Wot         , Wot         , Wot         , Wot         , Wot         , Wwt         , Wwt         , Wwt         , Wwt         , Wwt         , Wwt         , Wwt         , Gg^Gvs      , Gd^Gvs      , Gd^Gvs      
Md          , Md          , Md          , Md          , Md          , Gd^Gvs      , Gd^Gvs      , Gs^Gvs      , Gs^Gvs      , Wwt         , Wwt         , Wwt         , Wwt         , Wwt         , Wwt         , Wwt         , Wwt         , Wot         , Wwt         , Wwt         , Wot         , Wot         , Wot         , Wot         , Wwt         , Wot         , Wot         , Wot         , Wwt         , Wwt         , Wwt         , Wwt         , Wwt         , Wwt         , Wwt         , Wwt         , Gd^Gvs      , Gd^Gvs      
Md          , Md          , Md          , Md          , Md          , Gd^Gvs      , Md          , Gs^Gvs      , Gs          , Wwt         , Gg          , Wwt         , Dd^Cd       , Dd^Cd       , Dd^Cd       , Wwt         , Wwt         , Wwt         , Wwt         , Wwt         , Wwt         , Wot         , Wwt         , Wwt         , Wwt         , Wwt         , Wwt         , Wwt         , Wwt         , Wwt         , Wwt         , Wwt         , Wwt         , Wwt         , Dd^Cd       , Gg^Gvs      , Gs^Gvs      , Gs^Gvs      
Md          , Md          , Md          , Md          , Md          , Md          , Md          , Md          , Gs          , Gs          , Gs          , Gs          , Md          , Gs          , Gs          , Dd^Cd       , Ww          , Wwt         , Wwt         , Wwt         , Wwt         , Wwt         , Wwt         , Wwt         , Wwt         , Wwt         , Wwt         , Wwt         , Wwt         , Wwt         , Ww          , Dd^Cd       , Dd^Cd       , Dd^Cd       , Md          , Gs          , Rr          , Md          
Md          , Md          , Hhd         , Hhd         , Hhd         , Hhd         , Hhd         , Md          , Md          , Gs          , Md          , Md          , Md          , Md          , Gll^Edpp    , Gll         , Ww          , Uu^Cd       , Uu^Cd       , Wwt         , Uu^Cd       , Wwt         , Uu^Cd       , Uu^Cd       , Uu^Cd       , Wwt         , Uu^Cd       , Wwt         , Uu^Cd       , Uu^Cd       , Ww          , Ww          , Md          , Md          , Rr          , Md          , Rr          , Md          
Hhd         , Hhd         , Hhd         , Hhd         , Hhd         , Hhd         , Md          , Md          , Md          , Md          , Md          , Md          , Dd          , Md          , Gd          , Gd          , Ww          , Gd          , Gll         , Uu^Cd       , Uu^Cd       , Uu^Cd       , Ww          , 2 Uu^Kd     , Ww          , Uu^Cd       , Uu^Cd       , Uu^Cd       , Gll^Gvs     , Gd^Gvs      , Gd^Gvs      , Ww          , Ww^Bsb/     , Rr          , Md          , Rr          , Rr          , Rr          
Hhd         , Md          , Zw          , Hhd         , Dd^Do       , Md          , Dd          , Dd          , Dd          , Zw          , Zw          , Md          , Dd          , Md          , Dd          , Gd^Edpp     , Gg          , Ww          , Gs          , Uu^Cd       , Uu^Cd       , Uu^Cd       , Ww          , Ww          , Ww          , Uu^Cd       , Uu^Cd       , Uu^Cd       , Gd^Gvs      , Gd^Gvs      , Gd          , Gs          , Ww          , Md          , Md          , Md          , Md          , Md          
Md          , Hhd         , Zw          , Dd          , Dd^Es       , Dd          , Md          , Zw          , Zw          , Zw^Es       , Zw          , Md          , Dd          , Md          , Dd          , Dd          , Gs^Efm      , Ww          , Gs          , Uu^Cd       , Uu^Cd       , Uu^Cd       , Uu^Cd       , Ww          , Uu^Cd       , Uu^Cd       , Uu^Cd       , Uu^Cd       , Gs^Edpp     , Gll         , Ww          , Ww          , Md          , Md          , Md          , Md          , Md          , Md          
Md          , Hhd         , Hhd         , Zw          , Md^Dr       , Dd          , Dd          , Zw          , Zw^Es       , Zw          , Dd          , Md          , Md^Xm       , Dd          , Dd          , Md          , Ww          , Ww          , Md          , Gs          , Gs          , Gs          , Gs          , Ww          , Gll^Gvs     , Gll^Gvs     , Gd          , Gd          , Gd          , Ww          , Md          , Md          , Md          , Md          , Hhd         , Md          , Hhd         , Hhd         
Md          , Hhd         , Hhd         , Dd          , Hhd         , Dd          , Dd          , Md          , Md          , Zw          , Dd          , Md          , Dd          , Dd          , Md          , Gd          , Ww          , Ww          , Gs^Efm      , Gs          , Gll         , Gs^Fou      , Gs          , Ww          , Ww          , Gd^Gvs      , Gd          , Gs          , Ww          , Ww          , Md          , Md          , Md          , Md          , Hhd         , Hhd         , Zw          , Hhd         
Md          , Md          , Hhd         , Hhd         , Hhd         , Md          , Dd          , Md          , Dd          , Md          , Dd^Do       , Dd          , Md          , Dd          , Gs          , Gd          , Gg^Edpp     , Ww          , Ww          , Ww          , Ww          , Gg^Efm      , Ww          , Ww          , Dd^Cd       , Ww          , Ww          , Ww          , Md          , Md          , Hhd         , Hhd         , Hhd         , Hhd         , Hhd         , Hhd         , Zw          , Hhd         
Md          , Md          , Hhd         , Hhd         , Hhd         , Dd^Dr       , Md          , Dd          , Md          , Dd^Fi       , Hhd         , Dd          , Dd          , Md          , Md          , Gs          , Gs          , Gd          , Gs          , Zw          , Zw          , Ww          , Md          , Dd^Cd       , Dd^Cd       , Dd^Kd       , Md          , Ww          , Ww          , Hd          , Gd          , Hhd         , Hd          , Hhd         , Hhd         , Zw          , Hhd         , Hhd         
Md          , Hhd         , Md          , Hhd         , Dd^Es       , Hhd         , Hhd         , Md          , Hhd         , Hhd         , Hhd         , Hhd         , Zw          , Dd^Qc1      , Dd^Qc1      , Hhd         , Hhd         , Gs          , Hhd         , Zw          , Zw          , Md          , Md          , Md          , Md          , Dd^Cd       , Md          , Gg          , Hd          , Ww          , Ww          , Gs          , Ww          , Gg          , Hhd         , Hhd         , Hhd         , Hhd         
Md          , Md          , Md          , Md          , Md          , Mv          , Md          , Zw          , Zw          , Md          , Rd          , Dd          , Dd^Es       , Dd^Dc       , Dd^Qc1      , Hhd         , Hhd         , Hhd         , Hhd         , Md          , Md          , Md          , Hhd         , Hhd         , Hhd         , Md          , Hhd         , Gs          , Rd          , Rd          , Hd          , Ww          , 1 Gs        , Ww          , Gs          , Hhd         , Dd          , Hhd         
Md          , Md          , Zw          , Zw          , Zw          , Md          , Zw          , Zw^Es       , Dd          , Rd          , Rd          , Dd          , Dd          , Dd^Qc1      , Rd          , Rd          , Rd          , Dd          , Hhd         , Md          , Md          , Hhd         , Md          , Hd^Dr       , Md          , Hhd         , Hhd         , Hhd         , Hd          , Hd          , Hhd         , Hd          , Hd          , Ww          , Gd          , Hhd         , Hhd         , Dd          
Md          , Zw          , Zw          , Zw^Es       , Hd          , Hd          , Hd          , Dd          , Dd          , Dd^Es       , Dd          , Md          , Dd          , Dd^Es       , Dd^Do       , Dd          , Dd          , Hd          , Dd          , Hhd         , Zw          , Md          , Zw          , Zw          , Hhd         , Hhd         , Hhd         , Hhd         , Hhd         , Hhd         , Hhd         , Hhd         , Hd          , Ww          , Ww          , Gd^Edp      , Gd          , Gd          
Md          , Md          , Zw          , Hd          , Hd          , Hd          , Hd          , Hd          , Zw          , Zw          , Zw          , Dd          , Md          , Dd          , Hhd         , Hhd         , Hhd         , Hhd         , Zw          , Dd          , Dd          , Dd          , Dd          , Zw          , Dd          , Hhd         , Zw          , Hd          , Zw          , Hd          , Zw          , Hd          , Zw          , Gs          , Gd          , Ww          , Ww          , Gd          
Md          , Md          , Md          , Hd          , Hd          , Md          , Md          , Dd          , Md          , Zw          , Md          , Zw          , Zw          , Hhd         , Hhd         , Hhd         , Hd          , Hhd         , Zw          , Zw          , Zw          , Zw          , Dd          , Dd          , Dd          , Dd          , Zw          , Zw          , Zw          , Zw          , Zw          , Zw          , Zw          , Zw          , Gd          , Gs          , Gs          , Ww          
