border_size=1
usage=map

Hhd         , Hhd         , Hhd         , Hhd         , Hhd         , Hhd         , Hhd         , Hhd         , Hhd         , Hhd         , Hhd         , Hhd         , Hhd         , Hhd         , Hhd         , Hhd         , Hhd         , Hhd         , Dd          , Hhd         , Dd          , Hhd         , Hhd         , Hhd         , Rb          , Rd          , Rd          , Rd          , Rd          , Rb          , Re          , Rb          , Re          , Re          , Re          , Hhd         , Md          , Md          , Hhd         , Hhd         , Hhd         , Hhd         , Dd          , Dd          , Dd          , Dd          , Md          , Md          , Hhd         , Hhd         
Hhd         , Hhd         , Hhd         , Hhd         , Hhd         , Hhd         , Hhd         , Hhd         , Md          , Md          , Md          , Hhd         , Hhd         , Hhd         , Hhd         , Hhd         , Hhd         , Hhd         , Hhd         , Hhd         , Hhd         , Hhd         , Hhd         , Hhd         , Rd          , Hd          , Hd          , Hd          , Hd          , Rd          , Re          , Re          , Re          , Rb          , Hd          , Md          , Md          , Md          , Md          , Hhd         , Dd          , Dd          , Dd          , Dd          , Dd          , Dd          , Hd          , Md          , Md          , Hhd         
Hhd         , Hhd         , Hhd         , Hhd         , Hhd         , Hhd         , Hhd         , Hhd         , Md          , Md          , Md          , Hhd         , Hhd         , Hhd         , Hhd         , Dd          , Dd          , Dd^Edp      , Dd          , Hhd         , Hhd         , Hhd         , Md          , Md          , Hhd         , Md          , Md          , Md          , Hhd         , Hd          , Dd          , Re          , Rb          , Hd          , Hd          , Md          , Md          , Hhd         , Md          , Hhd         , Dd          , Dd          , Dd          , Dd^Esd      , Dd^Edp      , Dd          , Dd          , Hd          , Dd          , Dd          
Hhd         , Hhd         , Hhd         , Hhd         , Hhd         , Md          , Md          , Hhd         , Md          , Md          , Md          , Hhd         , Hhd         , Hhd         , Dd          , Dd          , Md          , Dd          , Dd          , Dd          , Dd          , Dd          , Hhd         , Md          , Md          , Md          , Md          , Md          , Hhd         , Hhd         , Dd          , Hd          , Hd          , Md          , Hhd         , Md          , Hd          , Dd          , Hhd         , Dd          , Dd          , Dd          , Dd          , Dd          , Dd          , Dd          , Dd^Hd       , Dd          , Dd^Hd       , Dd          
Hhd         , Hhd         , Hhd         , Hhd         , Hhd         , Hhd         , Md          , Md          , Hhd         , Hhd         , Hhd         , Hhd         , Dd          , Dd          , Dd          , Md          , Md          , Md          , Dd          , Dd          , Dd          , Hhd         , Hhd         , Md          , Md          , Md          , Md          , Md          , Hhd         , Rd          , Dd^Dc       , Dd          , Hhd         , Hhd         , Md          , Hd          , Hd          , Dd          , Dd          , Dd          , Dd          , Dd          , Dd          , Dd          , Dd          , Dd          , Dd^Hd       , Dd^Hd       , Dd^Hd       , Dd^Hd       
Hhd         , Hhd         , Hhd         , Hhd         , Md          , Hhd         , Hhd         , Hhd         , Hhd         , Hhd         , Hhd         , Hhd         , Dd          , Dd          , Dd          , Dd          , Dd          , Dd          , Dd          , Dd          , Dd          , Dd          , Hhd         , Hhd         , Hhd         , Hhd         , Hhd         , Hhd         , Hd          , Dd          , Rd          , Rd          , Hhd         , Hhd         , Hhd         , Dd          , Hhd         , Dd          , Hd          , Dd          , Dd          , Dd          , Dd          , Dd          , Dd          , Dd^Hd       , Dd^Hd       , Dd^Hd       , Dd^Hd       , Dd^Hd       
Hhd         , Hhd         , Hhd         , Md          , Md          , Md          , Hhd         , Hhd         , Hhd         , Hhd         , Hhd         , Hhd         , Hhd         , Dd          , Dd^Edp      , Dd          , Dd          , Dd          , Dd^Edp      , Dd^Edp      , Dd          , Dd          , Hhd         , Dd          , Hhd         , Hhd         , Dd          , Dd          , Dd^Dc       , Dd          , Dd          , Dd          , Rd          , Hhd         , Hhd         , Hhd         , Hhd         , Hd          , Hd          , Dd          , Dd          , Dd          , Dd^Edp      , Dd          , Dd          , Dd          , Dd          , Dd^Hd       , Dd          , Dd          
Hhd         , Hhd         , Md          , Md          , Hhd         , Hhd         , Hhd         , Hhd         , Hhd         , Hhd         , Dd          , Dd          , Hhd         , Dd          , Dd          , Dd          , Dd          , Dd          , Dd          , Dd          , Dd          , Dd          , Dd          , Dd          , Dd          , Dd          , Dd          , Dd          , Dd          , Dd          , Dd          , Dd          , Rd          , Dd          , Hd          , Hhd         , Hhd         , Hhd         , Hd          , Dd          , Dd          , Dd          , Dd          , Dd          , Dd          , Dd          , Dd          , Dd^Edp      , Dd          , Dd          
Hhd         , Hhd         , Md          , Hhd         , Hhd         , Hhd         , Hhd         , Hhd         , Hhd         , Hhd         , Md          , Dd          , Dd          , Dd          , Dd          , Dd          , Dd          , Dd          , Dd          , Dd          , Dd          , Dd          , Dd          , Dd          , Dd^Edp      , Dd          , Dd          , Dd          , Dd          , Dd          , Dd          , Dd          , Rd          , Dd          , Dd          , Hhd         , Hhd         , Hhd         , Dd          , Hd          , Dd          , Dd          , Dd          , Dd          , Dd          , Dd          , Dd          , Dd          , Dd          , Dd          
Hhd         , Hhd         , Md          , Md          , Hhd         , Hhd         , Hhd         , Hhd         , Md          , Md          , Md          , Md          , Dd          , Dd          , Dd          , Dd          , Dd          , Dd          , Dd          , Dd          , Dd          , Dd          , Dd          , Dd          , Dd          , Dd          , Dd          , Dd          , Dd          , Dd^Esd      , Dd          , Dd          , Rd          , Dd          , Hd          , Hhd         , Hhd         , Hhd         , Hd          , Dd          , Dd          , Dd          , Dd          , Dd          , Dd          , Dd          , Dd          , Dd          , Dd          , Dd          
Hhd         , Hhd         , Md          , Md          , Md          , Hhd         , Hhd         , Dd          , Md          , Md          , Md          , Md          , Dd          , Dd          , Dd          , Dd          , Dd          , Dd          , Hd          , Hd          , Dd          , Dd          , Dd          , Dd^Do       , Dd          , Dd          , Dd          , Dd          , Dd          , Dd          , Dd          , Rd          , Rd          , Rd          , Hd          , Hhd         , Hd          , Dd          , Dd          , Hd          , Dd          , Dd          , Dd          , Dd^Esd      , Dd          , Dd          , Dd          , Dd          , Dd          , Dd          
Hhd         , Hhd         , Md          , Md          , Md          , Hhd         , Hhd         , Dd          , Dd          , Md          , Dd          , Dd          , Dd          , Dd          , Dd          , Dd          , Hd          , Hd          , Hd          , Dd          , Dd          , Dd          , Dd          , Dd          , Dd          , Dd          , Dd          , Dd          , Dd          , Rd          , Rd          , Dd          , Dd          , Dd          , Rd          , Hd          , Dd          , Dd          , Dd          , Dd          , Dd          , Dd          , Dd          , Dd          , Dd          , Dd          , Dd          , Dd          , Dd          , Dd          
Hhd         , Hhd         , Md          , Md          , Hhd         , Hhd         , Hhd         , Dd          , Dd          , Dd          , Dd          , Dd          , Dd          , Dd^Esd      , Dd          , Dd          , Dd          , Hd          , Dd          , Hd          , Dd          , Dd          , Hd          , Dd          , Dd          , Rd          , Dd          , Dd          , Dd          , Rd          , Dd          , Hd          , Hd          , Dd          , Rd          , Dd          , Ds          , Ds          , Ds          , Dd          , Dd          , Dd          , Dd          , Dd          , Dd          , Dd          , Dd          , Dd          , Dd          , Dd          
Hhd         , Hhd         , Hhd         , Md          , Md          , Hhd         , Md          , Hhd         , Hhd         , Dd          , Dd          , Dd          , Dd          , Dd          , Dd          , Dd          , Dd^Edp      , Ds          , Dd          , Dd          , Dd          , Dd          , Hd          , Dd          , Rd          , Rd          , Dd          , Rd          , Rd          , Dd          , Dd^Vdt      , Hd          , Hd          , Hd          , Rd          , Rd          , Dd          , Dd          , Ds          , Dd          , Dd          , Dd          , Dd          , Dd          , Dd          , Dd          , Dd          , Dd          , Dd          , Dd          
Md          , Hhd         , Md          , Md          , Md          , Md          , Hhd         , Hhd         , Hhd         , Hhd         , Hhd         , Hhd         , Hhd         , Dd          , Dd          , Dd          , Dd          , Dd          , Dd^Dc       , Dd          , Dd          , Hd          , Hd          , Hd          , Gd          , Dd          , Gd          , Rd          , Gs          , Gll         , Gs          , Hd          , Hd          , Dd          , Dd          , Dd          , Hd          , Hd          , Dd          , Dd          , Dd          , Dd          , Dd          , Dd          , Dd          , Dd          , Dd          , Dd          , Dd          , Dd          
Md          , Md          , Md          , Md          , Md          , Hhd         , Hhd         , Hhd         , Hhd         , Hhd         , Hhd         , Hhd         , Hhd         , Hhd         , Dd          , Dd          , Dd          , Dd          , Dd^Vdt      , Dd          , Dd          , Hd          , Hd          , Gd          , Gd          , Gd          , Gg          , Gs          , Ww          , Gs          , Gs          , Gd          , Gd          , Gd          , Gll         , Rd          , Rd          , Hd          , Hd          , Dd          , Dd          , Dd^Edpp     , Dd          , Dd          , Dd          , Dd          , Dd          , Dd          , Dd          , Dd          
Md          , Md          , Md          , Md          , Md          , Md          , Md          , Hhd         , Hhd         , Hhd         , Hhd         , Hhd         , Dd          , Dd          , Dd^Vdt      , Dd          , Dd          , Dd          , Dd          , Dd          , Dd^Edp      , Dd          , Gd          , Gs          , Gs          , Gs          , Ww          , Ww^Bsb|     , Ww          , Ww^Bsb|     , Ww          , Gs          , Ww          , Gs^Efm      , Gs          , Gs          , Gd          , Md          , Hhd         , Dd          , Dd          , Dd          , Dd          , Dd          , Dd          , Dd          , Dd          , Dd          , Dd          , Dd          
Md          , Md          , Md          , Md          , Md          , Md          , Md          , Md          , Hhd         , Hhd         , Hhd         , Hhd         , Hhd         , Dd          , Dd          , Dd          , Gd          , Dd          , Dd          , Dd          , Gd          , Gd          , Gs          , Gg          , Ww          , Ww          , Ww          , Ww^Bsb|     , Ww          , Ww^Bsb|     , Ww          , Ww          , Ww          , Ww          , Hhd         , Hhd         , Hhd         , Md          , Hhd         , Dd          , Dd          , Dd          , Dd          , Dd          , Dd^Edpp     , Dd^Es       , Dd          , Dd          , Dd          , Dd          
Md          , Md          , Md          , Md          , Md          , Md          , Md          , Md          , Md          , Hhd         , Hhd         , Hhd         , Hhd         , Dd          , Gd          , Gd          , Gd          , Gd          , Rd          , Dd          , Gs          , Gs          , Gd          , Gs          , Ww          , Ww          , Dd^Vda      , Rp          , Ch          , Rp          , Gs          , Ww          , Ww          , Ww          , Hhd         , Hhd         , Hhd         , Hhd         , Hhd         , Hhd         , Dd          , Dd          , Dd          , Dd          , Dd          , Dd          , Dd          , Dd          , Dd          , Dd          
Hhd         , Hhd         , Hhd         , Hhd         , Hhd         , Hhd         , Hhd         , Hhd         , Hhd         , Md          , Hhd         , Hhd         , Gs          , Gg          , Ww          , Gs          , Ww          , Gs          , Ww          , Gs          , Gs          , Gs          , Ww          , Ww          , Ww          , Ww          , Gs          , Rp          , Rp          , Rp          , Gs          , Gs          , Gd^Efm      , Gd          , Hhd         , Hhd         , Hhd         , Hhd         , Hhd         , Hhd         , Dd          , Dd^Edpp     , Dd          , Dd          , Dd          , Dd          , Dd          , Dd          , Dd          , Dd          
Ww          , Ww          , Ww          , Hhd         , Ww          , Hhd         , Ww          , Hhd         , Hhd         , Hhd         , Hhd         , Hhd         , Ww          , Ww          , Ww          , Ww          , Ww          , Ww          , Ww          , Ww          , Ww          , Gg          , Ww          , Gg^Edpp     , Ww          , Ww          , Gd^Gvs      , Rp          , Gll         , Gll         , Rp          , Gs          , Md          , Gd          , Hhd         , Hhd         , Hhd         , Hhd         , Hhd         , Dd          , Dd          , Dd          , Dd^Es       , Dd          , Dd          , Dd          , Dd          , Dd^Edp      , Dd          , Dd          
Ww          , Ww          , Ww          , Ww          , Ww          , Ww          , Ww          , Ww          , Ww          , Ww          , Ww          , Ww          , Ww          , Ww          , Hh          , Hhd         , Hhd         , Ww          , Gs^Efm      , Ww          , Ww          , Ww          , Ww          , Ww          , Gd^Gvs      , Gd^Gvs      , Gd^Gvs      , Rp          , Gs^Edpp     , Dd^Vda      , Rp          , Hhd         , Hhd         , Hhd         , Md          , Hhd         , Hhd         , Hhd         , Hhd         , Ds          , Dd          , Ds          , Dd          , Ds          , Dd          , Dd          , Dd          , Dd          , Dd          , Dd          
Hhd         , Hhd         , Hhd         , Ww          , Hhd         , Ww          , Ww          , Ww          , Ww          , Ww          , Sm          , Ww          , 1 Gs        , Gg          , Gs          , Hhd         , Hhd         , Hd          , Ww          , Ww          , Ww          , Ww          , Gd          , Gll         , Gs^Edpp     , Gd^Gvs      , Gs          , Rp          , Rp          , Rp          , Gs          , Hhd         , Rp          , Dd^Vda      , Md          , Hhd         , Hhd         , Hhd         , Hhd         , Ds          , Ds          , Ds^Es       , Ds          , Ds          , Dd          , Dd          , Dd^Es       , Dd          , Dd          , Dd          
Md          , Md          , Md          , Hhd         , Hhd         , Sm          , Sm          , Sm          , Sm          , Sm          , Md          , Md          , Hhd         , Gs          , Hhd         , Hhd         , Hhd         , Ww          , Ww          , Ww          , Gd          , Gd          , Dd^Vda      , Gs          , Ce          , Rp          , Gs          , Ch          , Ch          , Ch          , Rp          , Rp          , Rp          , Md          , Md          , Hhd         , Hhd         , Hhd         , Hhd         , Ds          , Ds          , Ds          , Dd          , Dd          , Dd          , Dd          , Dd          , Dd          , Dd          , Dd          
Md          , Md          , Md          , Hhd         , Md          , Md          , Md          , Sm          , Sm          , Md          , Md          , Mm          , Mm          , Hhd         , Hhd         , Hhd         , Hd          , Ww          , Ww          , Dd^Vda      , Gll         , Rp^Edpp     , Rp          , Rp          , Rp          , Rp          , Dd^Vda      , Ch          , Kh          , Dd          , Rp          , Rp          , Gs          , Hhd         , Hhd         , Hhd         , Hhd         , Hhd         , Hhd         , Dd          , Dd          , Dd^Es       , Dd          , Dd          , Dd          , Dd          , Dd          , Dd          , Dd          , Dd          
Md          , Md          , Md          , Md          , Md          , Md          , Md          , Md          , Md          , Md          , Mm          , Mm          , Mm          , Mm          , Hhd         , Hd          , Hd          , Ww          , Ww          , Ww          , Ww          , Gll         , Dd^Vda      , Rp          , Ce          , Rp          , Gs          , Gs          , Ch          , Dd          , Gd^Gvs      , Gd^Gvs      , Dd^Vda      , Gs          , Gs          , Dd^Vda      , Ww          , Hhd         , Gd          , Dd          , Dd          , Dd          , Dd          , Dd          , Dd          , Dd          , Dd          , Dd          , Dd          , Dd          
Md          , Md          , Md          , Md          , Md          , Md          , Md          , Md          , Md          , Md          , Mm          , Mm          , Hhd         , Hhd         , Hhd         , Dd          , Gll         , Gll         , Gs          , Ww          , Ww          , Ww          , Gd          , Gs          , Gll         , Gs^Fou      , Rr          , Gd          , Gs          , Gd          , Gd          , Gd^Edpp     , Ch          , Gs          , Ww          , Ww          , Ww          , Gs          , Gd          , Dd          , Dd          , Dd          , Dd          , Dd          , Dd          , Dd          , Dd          , Dd          , Dd          , Dd          
Md          , Md          , Md          , Md          , Md          , Md          , Md          , Md          , Md          , Mm          , Hhd         , Hhd         , Hhd         , Hhd         , Hhd         , Dd          , Gd          , Gll         , Gg          , Ww          , Ww          , Ww          , Gd^Gvs      , Gll         , Gd^Edpp     , Gd          , Dd^Vda      , Gd          , Gd^Edpp     , Rr          , Rp          , Rp          , Rp          , Ww          , Ww          , Ww          , Gs          , Gs          , Gd          , Dd          , Dd          , Dd          , Dd          , Dd^Edp      , Dd          , Dd          , Dd          , Dd          , Dd          , Dd          
Md          , Md          , Md          , Md          , Md          , Md          , Md          , Md          , Md          , Md          , Hhd         , Hhd         , Hhd         , Hhd         , Dd          , Dd          , Gll         , Gll^Edpp    , Gd          , Ww          , Ww          , Ww          , Gll^Gvs     , Gd^Gvs      , Gd^Gvs      , Gd          , Gd          , Gd          , Rr          , Rp          , Gd          , Gd          , Ch          , Ww^Bsb\     , Ww^Bsb\     , Ww          , Gs          , Dd^Vda      , Dd          , Dd          , Dd          , Dd          , Dd          , Dd          , Dd          , Dd          , Dd          , Dd          , Dd          , Dd          
Md          , Md          , Md          , Md          , Md          , Md          , Md          , Md          , Md          , Md          , Hhd         , Hhd         , Dd          , Hhd         , Hhd         , Dd          , Gd          , Gll         , Gs          , Ww          , Ww          , Ww          , Ww          , Gll^Gvs     , Gll^Gvs     , Gd          , Rr          , Gd          , Gd          , Rp          , Gd          , Gd^Edpp     , Gs          , Ww          , Ww          , Gs          , Gs          , Dd          , Dd          , Dd          , Dd          , Dd          , Dd          , Dd          , Dd          , Dd          , Dd^Edp      , Dd          , Dd          , Dd          
Md          , Md          , Md          , Md          , Md          , Md          , Md          , Md          , Md          , Md          , Hhd         , Hhd         , Dd          , Dd          , Dd          , Dd          , Dd          , Gd          , Gd          , Gs          , Gs          , Ww          , Ww          , Ww          , Ww          , Gll         , Gd          , Gs^Edpp     , Gs          , Rp          , Ch          , Gs          , Ww          , Ww          , Gs          , Gs          , Gd          , Dd          , Dd          , Dd^Dc       , Dd          , Dd          , Dd          , Dd          , Dd          , Dd          , Dd          , Dd          , Dd          , Dd          
Md          , Md          , Md          , Md          , Md          , Md          , Md          , Md          , Hhd         , Hhd         , Hhd         , Hhd         , Dd          , Dd          , Dd          , Hhd         , Dd          , Gd          , Gd          , Gd          , Gd          , Gg          , Gs          , Ww          , Ww          , Ww          , Ww          , Gd          , Ch          , Re          , Ww          , Ww          , Ww          , Ww          , Gs          , Gd          , Dd          , Dd          , Dd          , Dd          , Dd^Dr       , Dd          , Dd          , Dd          , Dd          , Dd          , Dd          , Dd          , Dd^Edp      , Dd          
Md          , Md          , Hhd         , Md          , Hhd         , Md          , Hhd         , Hhd         , Hhd         , Hhd         , Hhd         , Dd          , Dd          , Dd          , Dd          , Hhd         , Hhd         , Dd          , Dd          , Gd          , Gd          , Gs          , Gd          , Gs          , Gs          , Ww          , Ww          , Ww          , Ww          , Ww^Bsb|     , Ww          , Ww          , Ww          , Ww          , Gs          , Dd          , Dd          , Dd          , Hd          , Hd^Dr       , Hd          , Hd^Dr       , Dd          , Dd          , Dd          , Dd          , Dd          , Dd          , Dd          , Dd          
Hhd         , Hhd         , Hhd         , Hhd         , Hhd         , Hhd         , Dd          , Hhd         , Dd          , Hhd         , Hhd         , Hhd         , Dd          , Dd          , Dd          , Hhd         , Hhd         , Dd          , Dd          , Dd          , Dd          , Gd          , Gd          , Gs          , Gs^Edpp     , Gd          , Gs          , Ww          , Ww          , Ww^Bsb|     , Gd          , Gs^Edpp     , Gll         , Gll         , Gs          , Dd          , Dd^Dc       , Dd          , Hd          , Dd          , Dd          , Dd          , Dd          , Dd          , Dd^Hd       , Dd          , Dd          , Dd          , Dd          , Dd          
Hhd         , Hhd         , Hhd         , Hhd         , Dd          , Dd          , Dd          , Dd          , Dd          , Dd          , Hhd         , Hhd         , Hhd         , Dd          , Dd          , Hhd         , Dd          , Hhd         , Hd          , Dd          , Dd          , Dd          , Dd          , Gd          , Gd          , Gd          , Gs          , Gd          , Gd          , Gd          , Gd          , Gd          , Gs          , Gll         , Dd          , Dd          , Dd          , Hd          , Hd          , Dd          , Dd          , Dd          , Dd^Esd      , Dd          , Dd^Hd       , Dd          , Dd          , Dd          , Dd          , Dd          
Hhd         , Hhd         , Dd          , Dd          , Dd          , Dd          , Hhd         , Hhd         , Hhd         , Dd          , Dd          , Dd          , Hd          , Dd          , Hd          , Hd          , Hd          , Dd          , Dd          , Dd          , Dd          , Dd          , Dd          , Dd          , Dd          , Gd          , Gd          , Gd          , Gd          , Rd          , Rd          , Gd          , Dd          , Dd          , Dd          , Dd          , Dd          , Hd          , Hd          , Hd          , Dd          , Dd          , Dd          , Dd          , Dd          , Dd          , Dd          , Dd          , Dd          , Dd          
Hhd         , Hhd         , Dd          , Dd          , Dd          , Hhd         , Hhd         , Hhd         , Hhd         , Dd          , Dd          , Dd          , Dd          , Hd          , Dd          , Hd          , Hd          , Dd          , Hd          , Hd          , Hd          , Dd          , Dd          , Dd          , Dd          , Dd          , Dd          , Dd          , Dd          , Dd          , Hd          , Rd          , Rd          , Dd^Dc       , Dd          , Dd          , Dd          , Hd          , Hd          , Hd          , Dd          , Dd          , Dd          , Dd          , Dd          , Dd          , Dd^Edp      , Dd          , Dd          , Dd          
Hhd         , Dd          , Dd          , Dd          , Dd          , Hhd         , Hhd         , Dd          , Dd          , Dd          , Dd          , Dd          , Dd          , Dd          , Dd          , Dd          , Dd          , Hd          , Dd          , Md          , Hd          , Dd          , Dd          , Dd          , Dd          , Dd          , Dd          , Dd          , Dd          , Dd          , Dd          , Dd          , Dd          , Dd          , Rd          , Dd          , Dd          , Dd          , Hd          , Hd          , Dd          , Dd          , Dd          , Dd          , Dd          , Dd          , Dd          , Dd          , Dd          , Dd          
Dd          , Hhd         , Dd          , Dd          , Dd          , Dd          , Dd          , Dd          , Dd          , Dd          , Dd          , Dd          , Dd          , Dd          , Dd          , Dd          , Dd          , Dd          , Dd          , Dd          , Hd          , Hd          , Dd          , Dd          , Dd          , Dd          , Dd          , Dd          , Dd          , Dd          , Dd          , Dd          , Dd          , Dd          , Dd          , Rd          , Dd          , Dd          , Dd          , Dd          , Dd          , Dd^Esd      , Dd          , Dd          , Dd          , Dd          , Dd          , Dd          , Dd          , Dd          
Dd          , Dd          , Dd          , Dd          , Dd          , Dd          , Dd          , Dd          , Dd          , Dd          , Dd          , Dd          , Dd          , Dd          , Dd          , Dd          , Dd          , Dd          , Dd          , Dd          , Dd          , Dd          , Dd          , Dd          , Dd          , Dd          , Dd          , Dd          , Dd          , Dd          , Dd          , Dd          , Dd          , Dd          , Dd          , Dd          , Rd          , Dd          , Dd          , Dd          , Dd          , Dd          , Dd          , Dd          , Dd          , Dd          , Dd          , Dd          , Dd          , Dd          
Dd          , Dd          , Dd          , Dd          , Dd          , Dd          , Dd          , Dd          , Dd          , Dd          , Dd          , Dd          , Dd          , Dd          , Dd          , Dd          , Dd          , Dd^Esd      , Dd          , Dd          , Dd          , Dd          , Dd          , Dd          , Dd^Edp      , Dd          , Dd          , Dd          , Dd^Esd      , Dd          , Dd          , Dd          , Dd          , Dd          , Dd          , Dd          , Dd          , Dd          , Dd          , Dd          , Dd          , Dd          , Dd          , Dd          , Dd          , Dd          , Dd          , Dd          , Dd          , Dd          
Dd          , Dd          , Dd          , Dd          , Dd          , Dd          , Dd          , Dd          , Dd          , Dd          , Dd          , Dd          , Dd          , Dd          , Dd          , Dd          , Dd          , Dd          , Dd          , Dd          , Dd          , Dd          , Dd          , Dd          , Dd          , Dd          , Dd          , Dd          , Dd          , Dd          , Dd          , Dd          , Dd          , Dd          , Dd          , Dd          , Dd          , Rd          , Dd          , Dd          , Dd          , Dd^Edp      , Dd          , Dd          , Dd          , Dd          , Dd          , Dd          , Hd          , Dd          
Dd          , Dd          , Dd          , Dd          , Dd          , Dd          , Dd          , Dd          , Dd          , Dd          , Dd          , Dd          , Dd          , Dd          , Dd          , Dd          , Dd          , Dd          , Dd          , Dd          , Dd          , Dd          , Dd          , Dd          , Dd          , Dd          , Dd          , Dd          , Dd          , Dd          , Dd          , Dd          , Hd          , Hd          , Hd          , Hd          , Hd          , Dd          , Rd          , Rd          , Dd          , Dd          , Dd          , Dd          , Dd          , Dd          , Dd          , Hd          , Md          , Hd          
Dd          , Dd          , Dd          , Dd          , Dd          , Dd          , Dd          , Dd          , Dd          , Dd          , Dd          , Dd^Hd       , Dd^Hd       , Dd          , Dd          , Dd^Edp      , Dd          , Dd          , Dd          , Dd          , Dd          , Dd          , Dd          , Dd          , Dd          , Dd          , Dd          , Dd          , Dd          , Dd          , Dd          , Dd          , Dd          , Hd          , Hd          , Hd          , Hd          , Dd          , Dd          , Dd          , Re          , Rd          , Dd          , Dd          , Dd          , Dd          , Dd          , Dd          , Md          , Md          
Dd          , Dd          , Dd          , Dd          , Dd          , Dd          , Dd          , Dd          , Dd          , Dd          , Dd          , Dd^Hd       , Dd^Hd       , Dd          , Dd          , Dd          , Dd          , Dd          , Dd          , Dd          , Dd          , Dd          , Dd          , Dd          , Dd^Edp      , Dd          , Dd          , Dd          , Hd          , Dd          , Hd          , Dd          , Hd          , Dd          , Hd          , Hd          , Hd          , Dd          , Dd          , Dd          , Dd          , Dd          , Rd          , Re          , Dd          , Dd          , Dd          , Dd          , Hd          , Md          
Dd          , Dd          , Dd          , Dd          , Dd          , Dd          , Dd          , Dd          , Dd          , Dd          , Dd          , Dd          , Dd          , Dd          , Dd          , Dd          , Dd          , Dd          , Dd          , Dd          , Dd          , Dd          , Dd          , Dd          , Dd          , Dd          , Dd          , Dd          , Dd          , Hd          , Dd          , Hd          , Hd          , Hd          , Hd          , Hd          , Dd          , Dd          , Dd          , Dd          , Dd          , Dd          , Dd          , Rd          , Dd          , Dd          , Dd          , Dd          , Dd          , Dd          
Dd          , Dd          , Dd          , Dd          , Dd          , Dd          , Dd          , Dd          , Dd          , Dd          , Dd          , Dd          , Dd          , Dd          , Dd          , Dd          , Dd          , Dd          , Dd          , Dd          , Dd          , Dd          , Dd          , Dd          , Dd          , Dd          , Dd          , Dd          , Dd          , Dd          , Dd          , Dd          , Dd          , Hd          , Dd          , Dd          , Dd          , Dd          , Dd          , Dd          , Dd          , Dd          , Dd          , Dd          , Rd          , Rd          , Dd          , Dd          , Dd          , Dd          
Dd          , Dd          , Dd          , Dd          , Dd          , Dd          , Dd          , Dd          , Dd          , Dd          , Dd          , Dd          , Dd          , Dd          , Dd          , Dd          , Dd          , Dd          , Dd          , Dd          , Dd          , Dd          , Dd          , Dd          , Dd          , Dd          , Dd          , Dd          , Dd          , Dd          , Dd          , Dd          , Dd          , Dd          , Dd          , Dd          , Dd          , Dd          , Dd          , Dd          , Dd          , Dd          , Dd          , Dd          , Dd          , Dd          , Re          , Rd          , Dd          , Dd          
Dd          , Dd          , Dd          , Dd          , Dd          , Dd          , Dd          , Dd          , Dd          , Dd          , Dd          , Dd          , Dd          , Dd          , Dd          , Dd          , Dd          , Dd          , Dd          , Dd          , Dd          , Dd          , Dd          , Dd          , Dd          , Dd          , Dd          , Dd          , Dd          , Dd          , Dd          , Dd          , Dd          , Dd          , Dd          , Dd          , Dd          , Dd          , Dd          , Dd          , Dd          , Dd          , Dd          , Dd          , Dd          , Dd          , Dd          , Dd          , Rd          , Rd          
