border_size=1
usage=map

Xuce        , Xuce        , Xuce        , Xuce        , Xuce        , Xuce        , Xuce        , Xuce        , Xuce        , Xuce        , Xuce        , Xuce        , Xuce        , Xuce        , Xuce        , Xuce        , Xuce        , Xuce        , Xuce        , Xuce        , Xuce        , Xuce        , Xuce        , Xuce        , Xuce        , Xuce        , Xuce        , Xuce        , Xuce        , Xuce        , Xuce        , Dd          , Dd          , Dd          , Dd^Edpp     , Dd          , Dd          , Dd          , Dd          , Dd          , Dd          , Dd          , Dd          , Dd          , Dd          , Ww          , Dd          , Dd          , Dd          , Dd          , Dd          , Dd          , Dd          , Dd          , Dd          , Dd          , Dd          , Dd          , Dd          , Dd          , Dd          , Dd          , Dd          , Dd          , Dd          , Dd          , Dd          
Xuce        , Xuce        , Xuce        , Xuce        , Xuce        , Xuce        , Xuce        , Xuce        , Xuce        , Xuce        , Xuce        , Xuce        , Xuce        , Xuce        , Xuce        , Xuce        , Xuce        , Xuce        , Xuce        , Xuce        , Xuce        , Xuce        , Xuce        , Xuce        , Xuce        , Xuce        , Xuce        , Xuce        , Xuce        , Xuce        , Xuce        , Xuce        , Xuce        , Dd          , Dd          , Dd          , Dd          , Dd          , Dd          , Dd^Dc       , Dd^Edpp     , Dd          , Dd          , Dd          , Dd          , Wwt         , Dd          , Dd          , Dd^Dc       , Dd          , Dd          , Dd          , Dd^Edpp     , Dd          , Dd          , Dd          , Dd^Es       , Dd          , Dd          , Dd          , Dd          , Dd          , Dd          , Dd          , Dd^Es       , Dd          , Dd          
Xuce        , Xuce        , Xuce        , Xuce        , Xuce        , Xuce        , Xuce        , Xuce        , Xuce        , Xuce        , Xuce        , Xuce        , Xuce        , Xuce        , Xuce        , Xuce        , Xuce        , Xuce        , Xuce        , Xuce        , Xuce        , Xuce        , Xuce        , Xuce        , Xuce        , Xuce        , Xuce        , Xuce        , Xuce        , Xuce        , Xuce        , Xuce        , Xuce        , Xuce        , Xuce        , Xuce        , Xuce        , Xuce        , Dd          , Dd          , Dd          , Dd          , Dd          , Dd          , Wwt         , Wwt         , Dd          , Dd          , Dd          , Dd          , Dd          , Dd          , Dd          , Dd          , Dd          , Dd          , Dd          , Dd          , Hd          , Dd          , Hd          , Dd          , Dd          , Dd^Edpp     , Dd          , Dd          , Dd          
Xuce        , Xuce        , Xuce        , Xuce        , Xuce        , Xuce        , Xuce        , Xuce        , Xuce        , Xuce        , Xol         , Xol         , Xol         , Xuce        , Qxu         , Xuce        , Uh          , Xuce        , Xuce        , Xuce        , Xuce        , Xuce        , Xuce        , Xuce        , Xuce        , Xuce        , Xuce        , Xuce        , Xuce        , Xuce        , Xuce        , Xuce        , Xuce        , Xuce        , Xuce        , Xuce        , Xuce        , Xuce        , Xuce        , Dd^Edpp     , Dd          , Dd          , Dd          , Wwt         , Wwt         , Wwt         , Dd          , Dd^Edpp     , Dd          , Dd^Vdt      , Dd          , Dd          , Dd          , Dd          , Dd          , Dd          , Dd          , Hd          , Hhd         , Hd          , Hd          , Hd          , Dd          , Dd          , Dd          , Dd          , Dd          
Xuce        , Xuce        , Xuce        , Xuce        , Xuce        , Xuce        , Xuce        , Xuce        , Xol         , Xol         , Urb         , Urb         , Urb         , Xol         , Uh^Es       , Qxu         , Zw^Es       , Xuce        , Xuce        , Xuce        , Xuce        , Xuce        , Xuce        , Xuce        , Xuce        , Xuce        , Xuce        , Xuce        , Xuce        , Xuce        , Xuce        , Xuce        , Xuce        , Xuce        , Xuce        , Xuce        , Xuce        , Xuce        , Xuce        , Dd          , Dd          , Dd          , Wwt^Bw\     , Wwt         , Dd          , Dd          , Dd          , Dd          , Dd          , Dd          , Dd          , Dd^Edpp     , Dd          , Dd          , Dd          , Dd          , Dd          , Hd          , Hd          , Hhd         , Hd          , Hd          , Dd          , Dd          , Dd          , Dd          , Dd          
Xuce        , Xuce        , Xuce        , Xuce        , Xuce        , Xuce        , Xuce        , Xol         , Urb         , Urb         , 2 Urb       , Urb         , Urb         , Urb         , Urb^Br/     , Qxu         , Qxu         , Xuce        , Xuce        , Xuce        , Xuce        , Xuce        , Xuce        , Xuce        , Xuce        , Xuce        , Xuce        , Xuce        , Xuce        , Xuce        , Xuce        , Xuce        , Xuce        , Xuce        , Xuce        , Xuce        , Xuce        , Xuce        , Xuce        , Dd          , Dd          , Wwt         , Dd          , Dd          , Dd          , Dd          , Ce          , Ce          , Ce          , Dd          , Dd          , Dd          , Dd          , Dd          , Dd^Es       , Dd          , Dd          , Hd          , Hd          , Hd          , Hd          , Dd          , Dd          , Dd          , Dd^Edpp     , Dd          , Dd          
Xuce        , Xuce        , Xuce        , Xuce        , Xuce        , Xuce        , Xuce        , Xol         , Urb         , Urb         , Urb         , Urb         , Urb^Br/     , Urb^Br/     , Urb         , Xol         , Qxu         , Xuce        , Xuce        , Xuce        , Xuce        , Xuce        , Xuce        , Xuce        , Xuce        , Xuce        , Xuce        , Xuce        , Xuce        , Xuce        , Xuce        , Xuce        , Xuce        , Xuce        , Xuce        , Xuce        , Xuce        , Xuce        , Xuce        , Xuce        , Wo          , Wwt         , Dd          , Dd          , Dd^Vdt      , Dd          , Ce          , 6 Ket       , Ce          , Dd          , Dd          , Dd          , Dd^Dc       , Dd          , Dd          , Dd          , Dd          , Dd          , Dd          , Dd          , Dd          , Dd          , Dd          , Dd          , Xuce        , Dd          , Xuce        
Xuce        , Xuce        , Xuce        , Xuce        , Xuce        , Xuce        , Xuce        , Xol         , Urb         , Urb         , Urb         , Urb         , Urb^Br|     , Urb         , Xol         , Xol         , Xuce        , Xuce        , Xuce        , Xuce        , Xuce        , Xuce        , Xuce        , Xuce        , Xuce        , Xuce        , Xuce        , Xuce        , Xuce        , Xuce        , Xuce        , Xuce        , Xuce        , Xuce        , Xuce        , Xuce        , Xuce        , Xuce        , Wo          , Wo          , Xuce        , Xuce        , Xuce        , Dd          , Dd          , Dd          , Dd          , Dd          , Dd          , Dd          , Dd          , Dd^Vdt      , Dd          , Dd          , Dd          , Dd          , Dd          , Dd^Do       , Dd          , Dd          , Dd          , Dd          , Xuce        , Xuce        , Xuce        , Xuce        , Xuce        
Xuce        , Xuce        , Xuce        , Xuce        , Xuce        , Xuce        , Xuce        , Xol         , Xol         , Urb         , Urb         , Urb         , Urb^Br|     , Urb         , Xol         , Xuce        , Xuce        , Xuce        , Xuce        , Xuce        , Xuce        , Xuce        , Xuce        , Xuce        , Xuce        , Xuce        , Xuce        , Xuce        , Xuce        , Xuce        , Xuce        , Xuce        , Xuce        , Xuce        , Xuce        , Xuce        , Wo          , Wo          , Xuce        , Xuce        , Xuce        , Xuce        , Xuce        , Xuce        , Xuce        , Dd          , Dd          , Dd          , Dd          , Dd^Fi       , Dd          , Dd          , Dd          , Dd          , Dd          , Dd          , Dd          , Dd          , Dd          , Dd          , Xuce        , Xuce        , Xuce        , Xuce        , Xuce        , Xuce        , Xuce        
Xuce        , Xuce        , Xuce        , Xuce        , Xuce        , Xuce        , Xuce        , Xuce        , Xuce        , Xol         , Xol         , Urb         , Urb^Br|     , Xol         , Xol         , Xuce        , Xuce        , Xuce        , Xuce        , Xuce        , Xuce        , Xuce        , Xuce        , Xuce        , Xuce        , Xuce        , Xuce        , Xuce        , Xuce        , Xuce        , Xuce        , Xuce        , Xuce        , Xuce        , Ww          , Ww          , Xuce        , Xuce        , Xuce        , Xuce        , Xuce        , Xuce        , Xuce        , Xuce        , Xuce        , Xuce        , Xuce        , Dd          , Dd          , Dd          , Dd          , Dd          , Dd          , Dd          , Dd          , Dd          , Dd          , Dd          , Xuce        , Xuce        , Xuce        , Xuce        , Xuce        , Xuce        , Xuce        , Xuce        , Xuce        
Xuce        , Xuce        , Xuce        , Xuce        , Xuce        , Xuce        , Xuce        , Xuce        , Xuce        , Xuce        , Xuce        , Xos         , Urb^Br|     , Xol         , Xol         , Xuce        , Xuce        , Xuce        , Xuce        , Xuce        , Xuce        , Xuce        , Xuce        , Xuce        , Xuce        , Xuce        , Xuce        , Xuce        , Xuce        , Xuce        , Wwt         , Xuce        , Wwt         , Wwt         , Xuce        , Xuce        , Xuce        , Xuce        , Xuce        , Xuce        , Xuce        , Xuce        , Xuce        , Xuce        , Xuce        , Xuce        , Xuce        , Xuce        , Dd          , Dd          , Uh^Ii       , Dd          , Dd          , Dd          , Xuce        , Dd          , Xuce        , Xuce        , Xuce        , Xuce        , Xuce        , Xuce        , Xuce        , Xuce        , Xuce        , Xuce        , Xuce        
Xuce        , Xuce        , Xuce        , Xuce        , Xuce        , Xuce        , Xuce        , Xuce        , Xuce        , Xuce        , Xuce        , Xos         , Urb^Br|     , Urb         , Xos         , Xuce        , Xuce        , Xuce        , Xuce        , Xuce        , Xuce        , Xuce        , Xuce        , Xuce        , Xuce        , Xuce        , Xuce        , Xuce        , Wwt         , Wwt         , Xuce        , Wwt         , Xuce        , Xuce        , Xuce        , Xuce        , Xuce        , Xuce        , Xuce        , Xuce        , Xuce        , Xuce        , Xuce        , Xuce        , Xuce        , Xuce        , Xuce        , Xuce        , Xuce        , Uh^Ii       , Uh^Ii       , Uh^Ii       , Xuce        , Xuce        , Xuce        , Xuce        , Xuce        , Xuce        , Xuce        , Xuce        , Xuce        , Xuce        , Xuce        , Xuce        , Xuce        , Xuce        , Xuce        
Xuce        , Xuce        , Xuce        , Xuce        , Xuce        , Xuce        , Xuce        , Xuce        , Xuce        , Xuce        , Xuce        , Xos         , Xos         , Urb^Br\     , Urb         , Xos         , Xos         , Xuce        , Xuce        , Xuce        , Xuce        , Xuce        , Xuce        , Xuce        , Xuce        , Xuce        , Xuce        , Xuce        , Wwt         , Xuce        , Xuce        , Xuce        , Xuc         , Xuce        , Xuc         , Xuc         , Xuc         , Xuce        , Xuce        , Xuce        , Xuce        , Xuce        , Xuce        , Xuce        , Xuce        , Xuce        , Xuce        , Xuce        , Xuce        , Uh          , Uh          , Uh          , Xuce        , Xuce        , Xuce        , Xuce        , Xuce        , Xuce        , Xuce        , Xuce        , Xuce        , Xuce        , Xuce        , Xuce        , Xuce        , Xuce        , Xuce        
Xuce        , Xuce        , Xuce        , Xuce        , Xuce        , Xuce        , Xuce        , Xuce        , Xuce        , Xuce        , Xuce        , Xuce        , Xos         , Urb^Br|     , Urb         , Urb         , Xos         , Xuce        , Xuce        , Xuce        , Xuce        , Xuce        , Xuce        , Xuce        , Xuce        , Xuce        , Xuce        , Xuce        , Wwt         , Xuce        , Xuce        , Xuce        , Xuc         , Xuc         , Qxua        , Qxua        , Qxua        , Xuc         , Xuc         , Xuce        , Xuce        , Xuce        , Xuce        , Xuce        , Xuce        , Xuce        , Xuce        , Xuce        , Uu          , Uu          , Uu          , Uu^Emf      , Xuce        , Xuce        , Xuce        , Xuce        , Xuce        , Xuce        , Xuce        , Xuce        , Xuce        , Xuce        , Xuce        , Xuce        , Xuce        , Xuce        , Xuce        
Xuce        , Xuce        , Xuce        , Xuce        , Xuce        , Xuce        , Xuce        , Xuce        , Xuce        , Xuce        , Xuce        , Xuce        , Xos         , Urb^Br|     , Urb         , Xos         , Xuce        , Xuce        , Xuce        , Xuce        , Xuce        , Xuce        , Xuce        , Xuce        , Xuce        , Xuce        , Xuce        , Xuce        , Wwt         , Xuce        , Xuce        , Xuce        , Xuc         , Qxua        , Md          , Mv          , Md          , Qxua        , Xuc         , Xuce        , Xuce        , Xuce        , Xuce        , Xuce        , Xuce        , Xuce        , 5 Uu^Kd     , Uu^Cd       , Ur          , Ur          , Uu^Emf      , Uu^Emf      , Xuce        , Xuce        , Xuce        , Xuce        , Xuce        , Xuce        , Xuce        , Xuce        , Xuce        , Xuce        , Xuce        , Xuce        , Xuce        , Xuce        , Xuce        
Xuce        , Xuce        , Xue         , Xue         , Xue         , Xuce        , Xuce        , Xuce        , Xuce        , Xuce        , Xuce        , Xuce        , Xos         , Urb^Br|     , Urb         , Xos         , Xuce        , Xuce        , Xuce        , Xuce        , Xuce        , Xuce        , Xuce        , Xuce        , Xuce        , Xuce        , Xuce        , Xuce        , Wwt         , Xuce        , Xuce        , Xuc         , Qxua        , Qxua        , Qxua        , Md          , Qxua        , Qxua        , Qxua        , Xuc         , Xuce        , Xuce        , Xuce        , Xuce        , Xuce        , Xuce        , Uu^Cd       , Uu^Cd       , Uu          , Ur^Es       , Xuce        , Xuce        , Xuce        , Xuce        , Xuce        , Xuce        , Xuce        , Xuce        , Xuce        , Xuce        , Xuce        , Xuce        , Xuce        , Xuce        , Xuce        , Xuce        , Xuce        
Xuce        , Xuce        , Uue         , Uue^Br|     , Uue         , Xuce        , Uue         , Xuce        , Xuce        , Xuce        , Xuce        , Xuce        , Xos         , Urb^Br|     , Urb         , Xos         , Xos         , Xuce        , Xuce        , Xuce        , Xuce        , Xuce        , Xuce        , Xuce        , Xuce        , Xuce        , Xuce        , Xuce        , Wwt         , Xuce        , Xuce        , Xuc         , Qxua        , Qxua        , Urb^Efm     , Urb         , Urb^Efm     , Qxua        , Qxua        , Xuc         , Xuce        , Xuce        , Xuce        , Xuce        , Xuce        , Xuce        , Uu          , Uu          , Ur^Es       , Uu          , Xuce        , Xuce        , Xuce        , Xuce        , Xuce        , Xuce        , Xuce        , Xuce        , Xuce        , Xuce        , Xuce        , Xuce        , Xuce        , Xuce        , Xuce        , Xuce        , Xuce        
Xuce        , Xuce        , Uue^Es      , Uue^Br|     , Uue^Br\     , Uu^Vud      , Uue^Br/     , Xue         , Xuce        , Xuce        , Uh          , Uh          , Uh^Br/      , Urb^Br/     , Urb         , Xol         , Xol         , Xos         , Xos         , Xuce        , Xuce        , Xuce        , Xuce        , Xuce        , Xuce        , Xuce        , Xuce        , Xuce        , Wwt         , Xuce        , Xuce        , Xuc         , Xuc         , Qxua        , Urb^Efm     , Qxua        , Urb^Efm     , Qxua        , Xuc         , Xuc         , Xuce        , Xuce        , Xuce        , Xuce        , Zw          , Zw          , Uu^Es       , Uu          , Uu          , Uu          , Xuce        , Xuce        , Xuce        , Xuce        , Xuce        , Xuce        , Xuce        , Xuce        , Xuce        , Xuce        , Xuce        , Xuce        , Xuce        , Xuce        , Xuce        , Xuce        , Xuce        
Xuce        , Xuce        , Uue         , Uue         , Co          , Uue^Br\     , Xue         , Xuce        , Zw          , Zw          , Uh^Br/      , Uh^Br/      , Xos         , Urb         , Urb         , Urb         , Urb         , Xol         , Xol         , Xos         , Xue         , Xue         , Xue         , Xuce        , Xuce        , Xuce        , Xuce        , Xuce        , Wwt         , Xuce        , Xuce        , Xuce        , Xuc         , Qxua        , Urb         , Urb         , Urb         , Qxua        , Xuc         , Xuce        , Xuce        , Xuce        , Xuce        , Xuce        , Uu          , Uu          , Ur^Es       , Uu          , Uu^Es       , Uu          , Xuce        , Xuce        , Xuce        , Xuce        , Xuce        , Xuce        , Xuce        , Xuce        , Xuce        , Xuce        , Xuce        , Xuce        , Xuce        , Xuce        , Xuce        , Xuce        , Xuce        
Xuce        , Xuce        , Co          , 3 Ko        , Co          , Uue^Br|     , Xue         , Xue         , Uue^Br|     , Uue^Br/     , Xuce        , Xuce        , Xos         , Urb         , Urb         , Urb         , Urb         , Urb         , Urb         , Xos         , Xos         , Qxe         , Xue         , Xuce        , Xuce        , Xuce        , Xuce        , Xuce        , Wwt         , Xuce        , Xuce        , Xuce        , Xuce        , Xuc         , Xol         , Zw          , Xol         , Xuc         , Xuce        , Xuce        , Xos         , Xos         , Xos         , Xuce        , Uh^Dr       , Ur^Es       , Uu^Es       , Uu          , Xuce        , Xuce        , Xuce        , Xuce        , Xuce        , Xuce        , Xuce        , Xuce        , Xuce        , Xuce        , Xuce        , Xuce        , Xuce        , Xuce        , Xuce        , Xuce        , Xuce        , Xuce        , Xuce        
Xuce        , Xuce        , Uue         , Co          , Uue^Es      , Uue^Br|     , Uue^Br\     , Xue         , Uue^Br/     , Uue^Es      , Xuce        , Xuce        , Xuce        , Xos         , Xos         , Urb         , Urb         , Urb         , Urb         , Xos         , Xos         , Qxe         , Xue         , Xuce        , Xuce        , Xuce        , Xuce        , Xuce        , Wwt         , Xuce        , Xuce        , Xuce        , Xuce        , Xuce        , Xol         , Zw          , Zw          , Xol         , Xol         , Xos         , Urb         , Urb         , Urb         , Xos         , Xu          , Uh^Dr       , Xuce        , Xuce        , Xuce        , Xuce        , Xuc         , Xuc         , Xuc         , Xuc         , Xuc         , Xuc         , Xuc         , Xuc         , Xuc         , Xuce        , Xuce        , Xuce        , Xuce        , Xuce        , Xuce        , Xuce        , Xuce        
Xuce        , Xuce        , Uu^Vud      , Uue         , Zw          , Uue^Br|     , Xue         , Uue^Br\     , Xue         , Xue         , Xuce        , Xuce        , Xuce        , Xuce        , Xuce        , Xos         , Urb         , Urb         , Urb         , Xos         , Xos         , Qxe         , Xue         , Xuce        , Xuce        , Xuce        , Xuce        , Xuce        , Wwt         , Xuce        , Xuce        , Xuce        , Xuce        , Xuce        , Xuce        , Xol         , Xol         , Zw          , Zw          , Urb         , Urb         , Urb         , Urb         , Urb         , Urb         , Xos         , Xuce        , Xuce        , Xuce        , Xuce        , Xuc         , Xuc         , Qlf         , Xuc         , Qlf         , Qlf         , Qlf         , Qlf         , Xuc         , Xuce        , Xuce        , Xuce        , Xuce        , Xuce        , Xuce        , Xuce        , Xuce        
Xuce        , Xuce        , Xuce        , Uue         , Xue         , Zw^Br|      , Xue         , Xue         , Xuce        , Xue         , Xuce        , Xuce        , Xuce        , Xuce        , Xuce        , Xos         , Urb         , Urb         , Urb         , Xos         , Xos         , Qxe         , Xue         , Xuc         , Xuce        , Xuce        , Xuce        , Xuce        , Wwt         , Xuce        , Xuce        , Xuce        , Xuce        , Xuce        , Xuce        , Xuce        , Xuce        , Xos         , Urb         , Urb         , Urb         , Urb         , Urb         , Urb         , Urb         , Xos         , Xuce        , Xuce        , Xuce        , Xuce        , Xuc         , Qlf         , Qlf         , Qlf         , Zw          , Qlf         , Ql          , Xuc         , Xuce        , Xuce        , Xuce        , Xuce        , Xuce        , Xuce        , Xuce        , Xuce        , Xuce        
Xuce        , Xuce        , Xuce        , Xuce        , Xuce        , Xue         , Xuce        , Xuce        , Xuce        , Xuce        , Xue         , Xuce        , Xue         , Xue         , Xue         , Xos         , Zw          , Urb         , Urb         , Urb         , Qxe         , Qxe         , Xue         , Xuc         , Xuce        , Xuce        , Wo          , Wwt         , Xuce        , Xuce        , Xuce        , Xuce        , Xuce        , Xuce        , Xuce        , Xuce        , Xuce        , Xos         , Urb         , Urb         , Urb         , Urb         , Urb         , Urb         , Urb         , Xos         , Xuc         , Xuce        , Xuc         , Xuce        , Xuc         , Zw          , Md          , Mv          , Md          , Rb^Em       , Ql          , Xuc         , Xuce        , Xuce        , Xuce        , Xuce        , Xuce        , Xuce        , Xuce        , Xuce        , Xuce        
Xuce        , Xuce        , Xuce        , Xuce        , Xuce        , Xuce        , Xuce        , Xuce        , Xuce        , Xuce        , Xue         , Xue         , Qxe         , Qxe         , Qxe         , Qxe         , Qxe         , Urb         , Qxu^Bs\     , Qxe^Bs|     , Xue         , Xue         , Xuc         , Xuce        , Xuce        , Wo          , Xuce        , Xuce        , Xuce        , Xuce        , Xuce        , Xuce        , Xuce        , Xuce        , Xuce        , Xuce        , Xuce        , Xos         , Xos         , Urb         , Urb         , Urb         , Urb         , Urb         , Xos         , Zw          , Zw^Es       , Xuc         , Qxe         , Xuc         , Xuc         , Zw^Em       , Zw          , Md          , Zw^Es       , Rb          , Ql          , Xuc         , Xuc         , Xuc         , Xuce        , Xuce        , Xuce        , Xuce        , Xuce        , Xuce        , Xuce        
Xuce        , Xuce        , Xuce        , Xuce        , Xuce        , Xuce        , Xuce        , Xuce        , Xuce        , Xue         , Xue         , Qxe         , Xuce        , Xuce        , Xuce        , Xue         , Xue         , Qxe         , Xue         , Urb         , Xue         , Xuc         , Xuce        , Xuce        , Xuce        , Wo          , Xuce        , Xuce        , Xuce        , Xuce        , Xuce        , Xuce        , Xuce        , Xuce        , Xuce        , Xuce        , Xuce        , Xuce        , Xuce        , Xos         , Ur          , Uu^Cd       , Ur          , Xos         , Xuce        , Xuc         , Xuc         , Zw          , Qxu^Bs\     , Qxe         , Xuc         , Xuc         , Zw^Es       , Qlf         , Qlf         , Qlf         , Rb^Es       , Ql          , Ql          , Xuc         , Xuce        , Xuce        , Xuce        , Xuce        , Xuce        , Xuce        , Xuce        
Xuce        , Xuce        , Xuce        , Xuce        , Xuce        , Xuce        , Xuce        , Xuce        , Xuce        , Xuce        , Xuce        , Xuce        , Xuce        , Zw          , Zw          , Xuce        , Xuce        , Xue         , Xue         , Urb         , Urb         , Xue         , Xuce        , Zw          , Zw          , Wo          , Wo          , Xuce        , Xuce        , Xuce        , Xuce        , Xuce        , Xuce        , Xuce        , Xuce        , Xuce        , Xuce        , Xuce        , Uue^Em      , Uue         , Ur          , Ur          , Ur          , Xuce        , Xuce        , Xuce        , Xuce        , Xuc         , Qxe         , Qxu^Bs\     , Zw          , Zw          , Md          , Mv          , Md          , Qlf         , Ql          , Ql          , Xuc         , Xuc         , Xuce        , Xuce        , Xuce        , Xuce        , Xuce        , Xuce        , Xuce        
Xuce        , Xuce        , Xuce        , Xuce        , Xuce        , Xuce        , Uu          , Xuce        , Uu          , Xuce        , Uue         , Uue         , Uue         , Zw          , Rb          , Rb          , Rb          , Xuce        , Xuce        , Xue         , Urb         , Xue         , Xuce        , Zw          , Wot         , Wo          , Wot         , Xuce        , Xuce        , Xuce        , Xuce        , Xuce        , Xuce        , Xuce        , Xuce        , Xuce        , Xuce        , Uue         , Ur          , Ur          , Ur          , Ur^Em       , Xuce        , Xuce        , Xuce        , Xuce        , Xuce        , Xuc         , Xuc         , Xuc         , Xuc         , Qlf         , Qlf         , Md          , Qlf         , Qlf         , Xuc         , Xuc         , Xuce        , Xuce        , Xuce        , Xuce        , Xuce        , Xuce        , Xuce        , Xuce        , Xuce        
Uh^Ii       , Uh          , Uu          , Uu          , Uu          , Uu          , Ur          , Uu          , Ur          , Uue         , Ur          , Ur          , Ur          , Rb          , Ur          , Rb          , Rb          , Rb          , Xuce        , Sm          , Urb         , Xue         , Xuce        , Zw          , Xuce        , Wo          , Wo          , Xuce        , Uue         , Xuce        , Xuce        , Xuce        , Xuce        , Xuce        , Xuce        , Xuce        , Xuce        , Uue         , Ur          , Zw          , Xuce        , Xuce        , Xuce        , Xuce        , Xuce        , Xuce        , Xuce        , Xuce        , Xuce        , Xuc         , Xuc         , Qlf         , Qlf         , Qlf         , Qlf         , Qlf         , Xuc         , Xuc         , Xuce        , Xuce        , Xuce        , Xuce        , Xuce        , Xuce        , Xuce        , Xuce        , Xuce        
Uh^Ii       , Uh          , Ur          , Ur^Em       , Ur          , 1 Ur        , Ur          , Ur^Em       , Ur          , Ur          , Ur          , Ur^Em       , Uue         , Ur          , Ur^Em       , Ur          , Ur          , Rb          , Xuce        , Xue         , Xue         , Urb         , Xue         , Xuce        , Uue^Emf     , Wo          , Wo          , Ur          , Ur          , Uue         , Uue         , Xuce        , Uu^Cd       , 4 Uu^Kd     , Uu^Cd       , Uue         , Uue         , Ur^Em       , Ur          , Ur          , Xuce        , Xuce        , Xuce        , Xuce        , Xuce        , Xuce        , Xuce        , Xuce        , Xuce        , Xuc         , Xuc         , Qlf         , Qlf         , Qlf         , Xuc         , Xuc         , Xuce        , Xuce        , Xuce        , Xuce        , Xuce        , Xuce        , Xuce        , Xuce        , Xuce        , Xuce        , Xuce        
Uh^Ii       , Uh          , Uh          , Ur          , Uu          , Uu          , Uu          , Uu          , Uu          , Uu          , Uu          , Uue         , Uue         , Uue         , Zw          , Zw          , Rb          , Ur          , Ur          , Uue         , Uue         , Urb         , Uue         , Uue^Em      , Ur          , Ur          , Wo          , Uu^Cd       , Ur          , Ur          , Ur          , Uue         , Ur          , Ur          , Ur          , Ur          , Ur          , Ur          , Uue         , Uue         , Xuce        , Xuce        , Xuce        , Xuce        , Xuce        , Xuce        , Xuce        , Xuce        , Xuce        , Xuce        , Xuce        , Xuc         , Xuc         , Xuc         , Xuce        , Xuce        , Xuce        , Xuce        , Xuce        , Xuce        , Xuce        , Xuce        , Xuce        , Xuce        , Xuce        , Xuce        , Xuce        
Uh^Ii       , Uh          , Xuce        , Xuce        , Xuce        , Xuce        , Xuce        , Xuce        , Xuce        , Xuce        , Xuce        , Xuce        , Xuce        , Xuce        , Xuce        , Zw          , Xuce        , Ur          , Uue         , Ur          , Ur          , Ur^Em       , Uue         , Ur          , Ur          , Sm          , Sm          , Wo          , Ur          , Ur          , Uue         , Ur          , Ur          , Ur^Es       , Ur^Es       , Ur          , Zw          , Zw          , Uue         , Uue         , Xuce        , Xuce        , Xuce        , Xuce        , Xuce        , Xuce        , Xuce        , Xuce        , Xuce        , Xuce        , Xuce        , Xuce        , Xuce        , Xuce        , Xuce        , Xuce        , Xuce        , Xuce        , Xuce        , Xuce        , Xuce        , Xuce        , Xuce        , Xuce        , Xuce        , Xuce        , Xuce        
Xuce        , Xuce        , Xuce        , Xuce        , Xuce        , Xuce        , Xuce        , Xuce        , Xuce        , Xuce        , Xuce        , Xuce        , Xuce        , Xuce        , Xuce        , Xuce        , Xuce        , Xuce        , Xuce        , Uue         , Uue^Emf     , Uue         , Uue         , Ur          , Ur^Em       , Sm          , Wo          , Wo          , Uu          , Uue         , Uue         , Ur^Em       , Uue         , Ur^Es       , Ur^Es       , Ur          , Xuce        , Xuce        , Xuce        , Xuce        , Xuce        , Xuce        , Xuce        , Xuce        , Xuce        , Xuce        , Xuce        , Xuce        , Xuce        , Xuce        , Xuce        , Xuce        , Xuce        , Xuce        , Xuce        , Xuce        , Xuce        , Xuce        , Xuce        , Xuce        , Xuce        , Xuce        , Xuce        , Xuce        , Xuce        , Xuce        , Xuce        
Xuce        , Xuce        , Xuce        , Xuce        , Xuce        , Xuce        , Xuce        , Xuce        , Xuce        , Xuce        , Xuce        , Xuce        , Xuce        , Xuce        , Xuce        , Xuce        , Xuce        , Xuce        , Xuce        , Xuce        , Xuce        , Xuce        , Xuce        , Xuce        , Xuce        , Ur          , Wo          , Wo          , Zw          , Zw          , Xuce        , Uue         , Xuce        , Ur^Es       , Xuce        , Xuce        , Xuce        , Xuce        , Xuce        , Xuce        , Xuce        , Xuce        , Xuce        , Xuce        , Xuce        , Xuce        , Xuce        , Xuce        , Xuce        , Xuce        , Xuce        , Xuce        , Xuce        , Xuce        , Xuce        , Xuce        , Xuce        , Xuce        , Xuce        , Xuce        , Xuce        , Xuce        , Xuce        , Xuce        , Xuce        , Xuce        , Xuce        
Xuce        , Xuce        , Xuce        , Xuce        , Xuce        , Xuce        , Xuce        , Xuce        , Xuce        , Xuce        , Xuce        , Xuce        , Xuce        , Xuce        , Xuce        , Xuce        , Xuce        , Xuce        , Xuce        , Xuce        , Xuce        , Xuce        , Xuce        , Xuce        , Xuce        , Wo          , Wo          , Wo          , Wot         , Zw          , Xuce        , Xuce        , Xuce        , Xuce        , Xuce        , Xuce        , Xuce        , Xuce        , Xuce        , Xuce        , Xuce        , Xuce        , Xuce        , Xuce        , Xuce        , Xuce        , Xuce        , Xuce        , Xuce        , Xuce        , Xuce        , Xuce        , Xuce        , Xuce        , Xuce        , Xuce        , Xuce        , Xuce        , Xuce        , Xuce        , Xuce        , Xuce        , Xuce        , Xuce        , Xuce        , Xuce        , Xuce        
Xuce        , Xuce        , Xuce        , Xuce        , Xuce        , Xuce        , Xuce        , Xuce        , Xuce        , Xuce        , Xuce        , Xuce        , Xuce        , Xuce        , Xuce        , Xuce        , Xuce        , Xuce        , Xuce        , Xuce        , Xuce        , Xuce        , Xuce        , Xuce        , Xuce        , Wo          , Wo          , Wo          , Wo          , Xuce        , Xuce        , Xuce        , Xuce        , Xuce        , Xuce        , Xuce        , Xuce        , Xuce        , Xuce        , Xuce        , Xuce        , Xuce        , Xuce        , Xuce        , Xuce        , Xuce        , Xuce        , Xuce        , Xuce        , Xuce        , Xuce        , Xuce        , Xuce        , Xuce        , Xuce        , Xuce        , Xuce        , Xuce        , Xuce        , Xuce        , Xuce        , Xuce        , Xuce        , Xuce        , Xuce        , Xuce        , Xuce        
Xuce        , Xuce        , Xuce        , Xuce        , Xuce        , Xuce        , Xuce        , Xuce        , Xuce        , Xuce        , Xuce        , Xuce        , Xuce        , Xuce        , Xuce        , Xuce        , Xuce        , Xuce        , Xuce        , Xuce        , Xuce        , Xuce        , Xuce        , Xuce        , Xuce        , Wo          , Wo          , Wo          , Xuce        , Xuce        , Xuce        , Xuce        , Xuce        , Xuce        , Xuce        , Xuce        , Xuce        , Xuce        , Xuce        , Xuce        , Xuce        , Xuce        , Xuce        , Xuce        , Xuce        , Xuce        , Xuce        , Xuce        , Xuce        , Xuce        , Xuce        , Xuce        , Xuce        , Xuce        , Xuce        , Xuce        , Xuce        , Xuce        , Xuce        , Xuce        , Xuce        , Xuce        , Xuce        , Xuce        , Xuce        , Xuce        , Xuce        
