border_size=1
usage=map

Dd          , Dd          , Dd          , Dd          , Dd          , Dd          , Dd          , Dd          , Dd          , Dd          , Dd          , Dd          , Dd          , Dd          , Dd          , Dd          , Dd          , Dd          , Dd          , Dd          , Dd          , Dd          , Dd          , Dd          , Dd          , Dd          , Dd          , Dd          , Dd          , Dd          , Dd          , Dd          , Dd          , Dd          , Dd          , Dd          , Dd          , Dd          , Dd          , Dd          , Zw          , Zw          , Zw          , Zw          , Zw          , Zw          , Zw          , Zw          , Zw          
Dd          , Dd          , Dd          , Dd          , Dd          , Dd          , Dd          , Dd          , Dd          , Dd          , Dd          , Dd          , Dd          , Dd          , Dd          , Dd          , Dd          , Dd          , Dd          , Dd          , Dd          , Dd          , Dd          , Dd          , Dd          , Dd          , Dd          , Dd          , Dd          , Dd          , Dd          , Dd          , Dd          , Dd          , Dd          , Dd          , Dd          , Dd          , Dd          , Dd          , Dd          , Zw          , Zw          , Zw          , Zw          , Zw          , Zw          , Zw          , Zw          
Dd          , Dd          , Dd          , Dd          , Dd          , Dd          , Ce          , Dd          , Dd          , Dd          , Dd          , Dd          , Dd          , Dd          , Dd          , Dd          , Dd          , Dd          , Dd          , Dd          , Dd          , Dd          , Dd          , Dd          , Dd          , Dd          , Dd          , Dd          , Dd          , Dd          , Dd          , Dd          , Dd          , Dd          , Dd          , Dd          , Dd          , Dd          , Dd          , Dd^Fi       , Dd          , Dd          , Dd          , Zw          , Zw          , Zw          , Zw          , Zw          , Zw          
Dd          , Dd          , Dd          , Dd          , Dd          , Ce          , Ce          , Ce          , Dd          , Dd          , Dd          , Dd          , Dd          , Dd          , Dd          , Dd          , Dd          , Dd          , Dd          , Dd          , Dd          , Dd          , Dd          , Dd          , Dd          , Dd          , Dd          , Dd          , Dd          , Dd          , Dd          , Dd          , Dd          , Dd          , Dd          , Dd          , Dd          , Dd          , Dd          , Dd          , Dd          , Dd          , Dd          , Zw          , Dd          , Zw          , Zw          , Zw          , Zw          
Dd          , Dd          , Dd          , Dd          , Dd          , Ce          , Ce          , Ce          , Dd          , Dd          , Dd          , Dd          , Dd          , Dd          , Dd          , Dd          , Dd          , Dd          , Dd          , Dd          , Dd          , Dd          , Dd          , Dd          , Dd          , Dd          , Dd          , Dd          , Dd          , Dd          , Dd          , Dd          , Dd          , Dd          , Dd          , Dd          , Dd          , Dd          , Dd          , Dd          , Dd          , Dd          , Dd          , Dd          , Dd          , Dd          , Dd          , Zw          , Rb          
Dd          , Dd          , Dd          , Dd          , Dd          , Dd          , Dd          , Dd          , Dd          , Dd          , Dd          , Dd          , Dd          , Dd          , Dd          , Dd          , Dd          , Dd          , Dd          , Dd          , Dd          , Dd          , Dd          , Dd          , Dd          , Dd          , Dd          , Dd          , Dd          , Dd          , Dd          , Dd          , Dd          , Dd          , Dd          , Dd          , Dd          , Dd          , Dd          , Dd          , Dd          , Dd          , Dd          , Dd          , Dd          , Dd          , Dd          , Rb          , Rb          
Dd          , Dd          , Dd          , Dd          , Dd          , Dd          , Dd          , Dd          , Dd          , Dd          , Dd          , Dd          , Dd          , Dd          , Dd          , Dd          , Dd          , Dd          , Dd          , Dd          , Dd          , Dd          , Dd          , Dd          , Dd          , Dd          , Dd          , Dd          , Dd          , Dd          , Dd          , Dd          , Dd          , Dd          , Dd          , Dd          , Dd          , Dd          , Dd          , Dd          , Dd          , Dd          , Dd          , Dd          , Dd          , Dd          , Dd          , Dd          , Dd          
Dd          , Dd          , Dd          , Dd          , Dd          , Dd          , Dd          , Dd          , Dd          , Dd          , Dd          , Dd          , Dd          , Dd          , Dd          , Dd          , Dd          , Dd          , Dd          , Dd          , Dd          , Dd          , Dd          , Dd          , Dd          , Dd          , Dd          , Dd          , Dd          , Dd          , Dd          , Dd          , Dd          , Dd          , Dd          , Dd          , Dd          , Dd          , Dd          , Dd          , Dd^Cd       , Dd^Cd       , Dd^Cd       , Dd          , Dd          , Dd^Fi       , Dd          , Dd          , Dd          
Dd          , Dd          , Dd          , Dd          , Dd          , Dd          , Dd          , Dd          , Dd          , Dd          , Dd          , Dd          , Dd          , Dd          , Dd          , Dd          , Dd          , Dd          , Dd          , Dd          , Dd          , Dd          , Dd          , Dd          , Dd          , Dd          , Dd          , Dd          , Dd          , Dd          , Dd          , Dd          , Dd          , Dd          , Dd          , Dd          , Dd          , Dd          , Dd          , Dd          , Dd^Cd       , 5 Dd^Kd     , Dd^Cd       , Dd          , Dd          , Dd          , Dd          , Dd          , Dd          
Dd          , Dd          , Dd          , Dd          , Dd          , Dd          , Dd          , Dd          , Dd          , Dd          , Dd          , Dd          , Dd          , Dd          , Dd          , Dd          , Dd          , Dd          , Dd          , Dd          , Dd          , Dd          , Dd          , Dd          , Dd          , Dd          , Dd          , Dd          , Dd          , Dd          , Dd          , Dd          , Dd          , Dd          , Dd          , Dd          , Dd          , Dd          , Dd          , Dd          , Dd          , Dd^Cd       , Dd          , Dd          , Dd          , Dd          , Dd          , Dd          , Dd          
Dd          , Dd          , Dd          , Dd          , Dd          , Dd          , Dd          , Dd          , Dd          , Dd          , Dd          , Dd          , Dd          , Dd          , Dd          , Dd          , Dd          , Dd          , Dd          , Dd          , Dd          , Dd          , Dd          , Dd          , Dd          , Dd          , Dd          , Dd          , Dd          , Dd          , Dd          , Dd          , Dd          , Dd          , Dd          , Dd          , Dd          , Dd          , Dd          , Dd          , Dd          , Dd          , Dd          , Dd          , Dd          , Dd          , Dd          , Dd          , Dd          
Dd          , Dd          , Dd          , Dd          , Dd          , Dd          , Dd          , Dd          , Dd          , Dd          , Dd          , Dd          , Dd          , Dd          , Dd          , Dd          , Dd          , Dd          , Dd          , Dd          , Dd          , Dd          , Dd          , Dd          , Dd          , Dd          , Dd          , Dd          , Dd          , Dd          , Dd          , Dd          , Dd          , Dd          , Dd          , Dd          , Dd          , Dd          , Dd          , Dd          , Dd          , Dd          , Dd          , Dd          , Dd          , Dd          , Dd          , Dd          , Dd          
Dd          , Dd          , Dd          , Dd          , Dd          , Dd          , Dd          , Dd          , Dd          , Dd          , Dd          , Dd          , Dd          , Dd          , Dd          , Dd          , Dd          , Dd          , Dd          , Dd          , Dd          , Dd          , Dd          , Dd          , Dd          , Dd          , Dd          , Dd          , Dd          , Dd          , Dd          , Dd          , Dd          , Dd          , Dd          , Dd          , Dd          , Dd          , Dd          , Dd          , Dd          , Dd          , Dd          , Dd          , Dd          , Dd          , Dd          , Dd          , Dd          
Dd          , Dd          , Dd          , Dd          , Dd          , Dd          , Dd          , Dd          , Dd          , Dd          , Dd          , Dd          , Dd          , Dd          , Dd          , Dd          , Dd          , Dd          , Dd          , Dd          , Dd          , Dd          , Dd          , Dd          , Dd          , Dd          , Dd          , Dd          , Dd          , Dd          , Dd          , Dd          , Dd          , Dd          , Dd          , Dd          , Dd          , Dd          , Dd          , Dd          , Dd          , Dd          , Dd          , Dd          , Dd          , Dd          , Dd          , Dd          , Dd          
Dd          , Dd          , Dd          , Dd          , Dd          , Dd          , Dd          , Dd          , Dd          , Dd          , Dd          , Dd          , Dd          , Dd          , Dd          , Dd          , Dd          , Dd          , Dd          , Dd          , Dd          , Dd          , Dd          , Dd          , Dd          , Dd          , Dd          , Dd          , Dd          , Dd          , Gs^Fds      , Dd          , Dd          , Dd          , Dd          , Dd          , Dd          , Dd          , Dd          , Dd          , Dd          , Dd          , Dd          , Gs^Ft       , Dd          , Dd          , Dd          , Dd          , Dd          
Dd          , Dd          , Dd          , Dd          , Dd          , Dd          , Dd          , Dd          , Dd          , Dd          , Dd          , Dd          , Dd          , Dd          , Dd          , Dd          , Dd          , Dd          , Dd          , Dd          , Dd          , Dd          , Dd          , Dd          , Dd          , Dd          , Dd          , Dd          , Dd          , Gs^Ft       , Gs^Ft       , Gs^Fds      , Dd          , Dd          , Dd          , Dd          , Dd          , Dd          , Dd          , Dd          , Gs^Fds      , Gs^Fds      , Dd          , Dd          , Dd          , Dd          , Dd          , Dd          , Dd          
Dd          , Dd          , Dd          , Dd          , Dd          , Dd          , Dd          , Dd          , Dd          , Dd          , Dd          , Dd          , Dd          , Dd          , Dd          , Dd          , Dd          , Dd          , Dd          , Dd          , Gs^Ft       , Dd          , Gs^Ft       , Dd          , Dd          , Dd          , Dd          , Dd          , Dd          , Dd          , Gs^Ft       , Gs^Fds      , Gs^Fds      , Dd          , Gs^Fds      , Gs^Fds      , Gs^Fds      , Dd          , Gs^Fds      , Dd          , Dd          , Gs^Fds      , Gs^Fds      , Dd          , Dd          , Dd          , Dd          , Dd          , Dd          
Dd          , Dd          , Dd          , Dd          , Dd          , Dd          , Dd          , Dd          , Dd          , Dd          , Dd          , Gs^Ft       , Dd          , Dd          , Gs^Ft       , Dd          , Dd          , Dd          , Dd          , Dd          , Dd          , Gs^Ft       , Dd          , Dd          , Dd          , Dd          , Dd          , Dd          , Dd          , Dd          , Gs^Fds      , Gs^Fds      , Gs^Fds      , Gs^Fds      , Gs^Fds      , Gs^Fds      , Gs^Fds      , Gs^Fds      , Gs^Fds      , Gs^Fds      , Gs^Fds      , Gs^Fds      , Gs^Fds      , Dd          , Gs^Fds      , Gs^Fds      , Gs^Fds      , Dd          , Dd          
Dd          , Dd          , Dd          , Dd          , Dd          , Dd          , Dd          , Dd          , Dd          , Dd          , Dd          , Dd          , Gs^Fds      , Gs^Fds      , Gs^Ft       , Dd          , Dd          , Dd          , Dd          , Dd          , Dd          , Dd          , Gs^Fds      , Gs^Fds      , Gs^Fds      , Dd          , Gs^Fds      , Gs^Fds      , Gs^Fds      , Gs^Fds      , Gs^Fds      , Gs^Fds      , Gs^Fds      , Gs^Fds      , Ww^Ewf      , Gs^Fds      , Ww^Ewf      , Gs^Fds      , Gs^Fds      , Gs^Fds      , Gs^Fds      , Gs^Fds      , Gs          , Gs^Fds      , Gs^Fds      , Gs^Fds      , Gs^Ft       , Gs^Fds      , Gs^Fds      
Dd          , Dd          , Dd          , Dd          , Dd          , Dd          , Dd          , Dd          , Gs^Fds      , Dd          , Dd          , Dd          , Gs^Fds      , Gs^Fds      , Gs^Fds      , Dd          , Dd          , Dd          , Gs^Fds      , Dd          , Gs^Fds      , Dd          , Gs^Fds      , Gs^Fds      , Gs^Ft       , Gs^Fds      , Gd^Fdf      , Gs^Fds      , Gs^Fds      , Gs^Fds      , Cv          , Gd^Fdf      , Gs^Fds      , Wwt         , Gg^Fet      , Ww^Ewf      , Gs^Fds      , Gs^Fds      , Gs^Ft       , Gg^Ve       , Gs^Fds      , Gs^Fds      , Gs          , Gs^Fds      , Cv          , Gs^Fds      , Gs^Fds      , Gs^Fds      , Gs^Fds      
Dd          , Dd          , Dd          , Dd          , Dd          , Dd          , Dd          , Dd          , Dd          , Dd          , Dd          , Dd          , Dd          , Gs^Fds      , Gs^Fds      , Gs^Fds      , Gs^Fds      , Gs^Fds      , Gs^Fds      , Gs^Fds      , Gs^Fds      , Gs^Fds      , Gs^Ft       , Gs^Ft       , Gs^Fds      , Gs^Fds      , Gs^Fds      , Gs^Fds      , Gs^Fds      , Gs^Fds      , Gs^Fds      , Gs^Fds      , Gs^Fds      , Wwt         , Gs^Fds      , Gs^Fds      , Gs^Fds      , Gs^Fds      , Gs^Fds      , Gs^Fds      , Gs^Fds      , Gs          , Gs          , Gs^Fds      , Gs^Fds      , Gd^Fdf      , Gs^Fds      , Gs^Fds      , Gs^Fds      
Dd          , Dd          , Dd          , Dd          , Dd          , Dd          , Dd          , Dd          , Dd          , Dd          , Dd          , Dd          , Dd          , Gs^Fds      , Gg^Ve       , Gs^Fds      , Gd^Fdf      , Gs^Fds      , Gg^Ve       , Gs^Fds      , Gs^Fds      , Gd^Fdf      , Gs^Fds      , Gs^Fds      , Gs^Fds      , Gs^Fds      , Gs          , Gs          , Gs^Fds      , Gs^Fds      , Gs^Fds      , Gs^Fds      , Gs          , Wwt         , Gs^Fds      , Gs^Fds      , Gs^Fds      , Gs^Fds      , Gs^Fds      , Gs^Fds      , Gs^Fds      , Gs^Fds      , Gs^Fds      , Gs          , Gs^Fds      , Gs^Fds      , Gs^Fds      , Gs^Fds      , Gs^Fds      
Dd          , Dd          , Dd          , Dd          , Dd          , Dd          , Dd          , Dd          , Dd          , Dd          , Dd          , Dd          , Dd          , Gs^Fds      , Gs^Fds      , Gs^Fds      , Gs^Fds      , Gs^Fds      , Wwt         , Gs^Fds      , Gs^Fds      , Gs^Fds      , Gs^Fds      , Gs^Fds      , Gs^Fds      , Gs^Ft       , Gs^Fds      , Gs^Fds      , Gs^Fds      , Gs^Fds      , Gs^Fds      , Gs          , Gs          , Wwt         , Gs^Fds      , Gs^Fds      , Gs^Fds      , Gs^Fds      , Gs^Fds      , Gs^Fds      , Gs^Fds      , Gs^Fds      , Gs^Fds      , Gs^Fds      , Gs^Fds      , Gs^Fds      , Gs^Fds      , Gs^Fds      , Gs^Fds      
Dd          , Dd          , Dd          , Dd          , Dd          , Dd          , Dd          , Dd          , Gs^Fds      , Gs^Ft       , Dd          , Dd          , Dd          , Gs^Fds      , Gs^Ft       , Gs^Ft       , Gd^Fdf      , Gs^Fds      , Wwt         , Gd          , Gd          , Gs^Fds      , Gs^Fds      , Gg^Ve       , Gs^Fds      , Gs^Fds      , Gs^Ft       , Gg          , Wwt         , Gg          , Wwt         , Gs          , Gs          , Wwt^Bsb\    , Gs^Fds      , Gs^Fds      , Gd^Fdf      , Gg^Ve       , Gs^Fds      , Gs^Fds      , Gs^Ft       , Gs^Fds      , Gs^Fds      , Gs^Fds      , Gs^Fds      , Gs^Fds      , Gs^Ft       , Gs^Fds      , Gs^Fds      
Dd          , Dd          , Dd          , Dd          , Dd          , Dd          , Dd          , Gs^Ft       , Gs^Ft       , Dd          , Dd          , Dd          , Gs^Fds      , Gs^Fds      , Gs^Fds      , Gs^Ft       , Cv          , Gs^Fds      , Wwt         , Gs^Fds      , Gs^Fds      , Gs^Fds      , Gs^Ft       , Gs^Fds      , Gs^Ft       , Gs^Ft       , Wwt         , Wwt         , Wwt         , Wwt         , Wwt         , Wwt         , Wwt         , Wwt         , Gs^Fds      , Gs^Fds      , Gd^Fdf      , Gd^Fdf      , Gs^Fds      , Gs^Ft       , Gs^Ft       , Gs^Fds      , Gd^Fdf      , Gd^Fdf      , Gs^Fds      , Gs^Fds      , Gs^Fds      , Gs^Fds      , Gs^Fds      
Dd          , Dd          , Dd          , Dd          , Dd          , Dd          , Dd          , Dd          , Dd          , Dd          , Gs^Fds      , Gs^Fds      , Gs^Fds      , Gs^Fds      , Gs^Ft       , Gs^Ft       , Gs^Fds      , Gs^Fds      , Wwt         , Gs^Fds      , Wwt         , Gs^Fds      , Gs^Ft       , Gs^Ft       , Wwt         , Wwt^Bsb|    , Wwt         , Wwt         , Wwt         , Wwt         , Wot         , Wwt         , Wwt         , Wwt         , Wwt         , Gs          , Gs^Fds      , Gs^Fds      , Gs^Fds      , Gs^Fds      , Gs^Fds      , Gs^Fds      , Gs^Fds      , Gd^Fdf      , Gs^Fds      , Gg^Ve       , Gs^Fds      , Gs^Fds      , Gs^Fds      
Dd          , Dd          , Dd          , Dd          , Dd          , Dd          , Dd          , Dd          , Dd          , Gs^Fds      , Dd          , Gs^Fds      , Gs^Fds      , Gs^Fds      , Gs^Fds      , Gs^Fds      , Wwt         , Wwt         , Gs^Fds      , Wwt         , Gs^Fds      , Wwt         , Wwt         , Wwt         , Gs^Fds      , Gs^Fds      , Gs^Fds      , Wwt         , Wwt         , Wot         , Wot         , Wot         , Wot         , Wwt         , Wwt         , Gs          , Gs          , Gs^Fds      , Gs^Fds      , Gs^Fds      , Gs^Fds      , Gs^Fds      , Gs^Fds      , Gs^Fds      , Gd          , Gs^Fds      , Gs^Ft       , Gs^Fds      , Gs^Fds      
Dd          , Dd          , Dd          , Dd          , Dd          , Dd          , Dd          , Dd          , Gs^Ft       , Dd          , Dd          , Gs^Fds      , Gs^Fds      , Gs^Fds      , Gs^Fds      , Wwt         , Gs^Fds      , Gs^Fds      , Gs          , Gs^Fds      , Gs^Fds      , Gs^Fds      , Gs          , Gs^Fds      , Gs^Fds      , Gg^Ve       , Gs^Fds      , Gs^Fds      , Wwt         , Wot         , Wot         , Wot         , Wot         , Wwt         , Wwt         , Gs^Fds      , Gs^Fds      , Gs^Ft       , Gs^Ft       , Gs^Fds      , Gs^Fds      , Gs^Fds      , Gd          , Gd          , Gd          , Gs^Fds      , Gs^Fds      , Gs^Fds      , Gs^Fds      
Dd          , Dd          , Dd          , Dd          , Dd          , Dd          , Dd          , Dd          , Dd          , Dd          , Dd          , Gs^Fds      , Gs^Fds      , Gs^Fds      , Gs^Ft       , Wwt         , Gs^Fds      , Gs          , Gs          , Gd^Fdf      , Gd^Fdf      , Gs^Fds      , Gs          , Gs^Fds      , Wwt         , Wwt         , Wwt         , Wwt         , Gs          , Wot         , Wot         , Wot         , Wwt         , Wwt         , Wwt         , Wwt         , Wwt         , Gs^Fds      , Gs^Ft       , Gs^Fds      , Gs^Fds      , Gs^Fds      , Gs^Fds      , Gs^Fds      , Gs^Fds      , Gs^Fds      , Gs^Fds      , Gs^Fds      , Gs^Fds      
Dd          , Dd          , Dd          , Dd          , Dd          , Dd          , Dd          , Dd          , Dd          , Dd          , Dd          , Gs^Fds      , Gs^Fds      , Gs^Fds      , Gs^Ft       , Gs^Ft       , Gs^Fds      , Gs          , Gs^Fds      , Gd^Fdf      , Gs          , Gs          , Wwt         , Wwt         , Gs^Fds      , Gs^Fds      , Gs^Fds      , Gs^Fds      , Wwt         , Wwt         , Wwt         , Wwt         , Wwt         , Wwt         , Wwt         , Wwt         , Wwt         , Wwt         , Wwt         , Gs^Fds      , Gs^Fds      , Gs^Fds      , Gs^Fds      , Gs^Fds      , Gd^Fdf      , Gd^Fdf      , Gd^Fdf      , Gs^Fds      , Gs^Fds      
Dd          , Dd          , Dd          , Dd          , Dd          , Dd          , Dd          , Gs^Ft       , Dd          , Dd          , Dd          , Gs^Fds      , Gs^Fds      , Gs^Fds      , Gs^Ft       , Gs^Ft       , Gs^Ft       , Gs^Ft       , Gs^Ft       , Gg^Ve       , Wwt         , Wwt         , Gg          , Gs^Fds      , Gs^Fds      , Gs^Fds      , Gs^Fds      , Cv          , Rp          , Wwt         , Cv          , Wwt         , Cv          , Rp          , Rp          , Wwt         , Wwt         , Wwt         , Wwt         , Wwt         , Wwt^Bsb/    , Gs^Fds      , Gs^Fds      , Gd^Fdf      , Gs^Fds      , Gs^Fds      , Gs^Fds      , Gs^Fds      , Gs^Fds      
Dd          , Dd          , Dd          , Dd          , Dd          , Dd          , Dd          , Dd          , Dd          , Dd          , Gs^Fds      , Gs^Fds      , Gs^Fds      , Gs^Fds      , Gs^Fds      , Gd^Fdf      , Gd^Fdf      , Gs^Ft       , Gs^Fds      , Gs^Fds      , Gs^Ft       , Gs^Fds      , Gs^Ft       , Gg          , Gd^Fdf      , Gd^Fdf      , Gs^Fds      , Cv          , Rp          , Rp          , Rp          , 1 Kv        , Rp          , Rp          , Rp          , Cv          , Gd          , Wwt         , Wwt^Bsb/    , Wwt^Bsb/    , Wwt         , Wwt         , Wwt         , Gs^Fds      , Gs^Fds      , Gs^Fds      , Gs^Fds      , Gs^Fds      , Gs^Fds      
Dd          , Dd          , Dd          , Dd          , Dd          , Dd          , Dd          , Dd          , Dd          , Dd          , Gs^Fds      , Gs^Fds      , Gs^Fds      , Gs^Fds      , Gs^Fds      , Gd^Fdf      , Gs^Fds      , Gs^Fds      , Cv          , Gs^Fds      , Gs^Ft       , Gs^Ft       , Gs^Fds      , Gs^Fds      , Gs^Fds      , Gd^Fdf      , Gs^Fds      , Cv          , Rp          , Cv          , Rp          , Rp          , Rp          , Cv          , Rp          , Cv          , Gd          , Gd          , Gd          , Wwt         , Wwt         , Wwt         , Wwt         , Ww^Ewf      , Gs^Fds      , Gs^Fds      , Gs^Fds      , Gs^Fds      , Gs^Fds      
Dd          , Dd          , Dd          , Dd          , Dd          , Dd          , Dd          , Dd          , Dd          , Dd          , Gll         , Gs^Fds      , Gs^Fds      , Gs^Fds      , Gs^Fds      , Gs^Fds      , Gs^Fds      , Gs^Fds      , Gs^Fds      , Gs^Ft       , Gs^Ft       , Gs^Ft       , Gs^Ft       , Gs^Ft       , Gs^Ft       , Gd^Fdf      , Gs^Fds      , Cv          , Rp          , 4 Kv        , Cv          , Rp          , Cv          , 3 Kv        , Rp          , Cv          , Gs^Fds      , Gd          , Gg^Ve       , Gs^Fds      , Gs^Fds      , Wwt         , Wwt         , Wwt         , Wot         , Gs^Fds      , Gs          , Gs          , Gs          
Dd          , Dd          , Dd          , Dd          , Dd^Fi       , Ce          , Ce          , Dd          , Dd          , Dd          , Gll         , Gll         , Gll         , Gs^Fds      , Gll         , Gll         , Gll         , Gs^Fds      , Gs^Fds      , Gs^Ft       , Gg^Ve       , Gs^Ft       , Gs          , Gs^Ft       , Gs^Fds      , Gs^Fds      , Gs^Fds      , Cv          , Cv          , Rp          , Rp          , Rp          , Rp          , Rp          , Cv          , Cv          , Gs^Fds      , Gs^Fds      , Gs^Fds      , Gs^Fds      , Gd^Fdf      , Gs^Fds      , Gs^Fds      , Wwt         , Wwt         , Wot         , Wwt         , Gd          , Gd          
Dd          , Dd          , Dd          , Dd          , Dd          , 6 Ke        , Ce          , Dd          , Dd          , Dd          , Gll         , Gll         , Gll         , Gll         , Gll         , Gll         , Gs^Fds      , Gs^Fds      , Gs^Fds      , Gs^Fds      , Gs^Fds      , Gs^Fds      , Gs          , Gs          , Gs^Fds      , Gg^Ve       , Gs^Fds      , Gs^Fds      , Gs^Fds      , Cv          , Cv          , 2 Kv        , Cv          , Cv          , Gs^Fds      , Gs^Fds      , Gs          , Gs^Fds      , Gs          , Gd^Fdf      , Gd^Fdf      , Gs^Fds      , Gs^Fds      , Gs^Fds      , Gd          , Wot         , Wwt         , Gd          , Gd          
Dd          , Dd          , Dd          , Dd          , Dd          , Ce          , Dd          , Dd          , Dd          , Gll         , Gll         , Gll         , Gll         , Gll         , Gll         , Gll         , Gll         , Gs^Fds      , Gs^Fds      , Gs^Fds      , Gs^Fds      , Gs^Fds      , Gs^Fds      , Gs^Fds      , Gs^Fds      , Gs^Fds      , Gs^Fds      , Gs^Fds      , Gs^Fds      , Gs^Fds      , Gs^Fds      , Cv          , Gs^Fds      , Gs^Fds      , Gs^Fds      , Gs^Fds      , Gs^Fds      , Gs          , Gs^Fds      , Gs^Fds      , Gs^Fds      , Gs^Fds      , Gs^Fds      , Gd          , Gd          , Gd          , Wot         , Wwt         , Wwt         
Dd          , Dd          , Dd          , Dd          , Dd          , Dd          , Dd          , Dd          , Dd          , Dd          , Dd          , Gll         , Gll         , Gll         , Gll         , Gll         , Gs^Fds      , Gs^Fds      , Gs^Fds      , Gs^Fds      , Gs^Fds      , Gs^Fds      , Gs^Fds      , Gs^Fds      , Gs^Fds      , Gs^Fds      , Gs^Fds      , Gs^Fds      , Gs^Fds      , Gs^Fds      , Gs^Fds      , Gs^Fds      , Gs^Fds      , Gs^Fds      , Gs^Fds      , Gs^Fds      , Gs^Fds      , Gs^Fds      , Gs^Fds      , Gs^Fds      , Gs^Fds      , Gs^Fds      , Gs^Fds      , Gd          , Gd          , Gd          , Wwt         , Wot         , Wot         
