border_size=1
usage=map

Hhd         , Hhd         , Hhd         , Hhd         , Hhd         , Dd          , Hhd         , Dd          , Dd          , Dd          , Dd          , Dd          , Dd          , Hhd         , Hhd         , Hhd         , Hhd         , Hhd         , Hhd         , Hhd         , Hhd         , Hhd         
Hhd         , Hhd         , Hhd         , Hhd         , Hhd         , Hhd         , Hhd         , Hhd         , Dd          , Dd          , Dd          , Dd          , Dd          , Hhd         , Hhd         , Hhd         , Hhd         , Hhd         , Hhd         , Hhd         , Hhd         , Hhd         
Hhd         , Hhd         , Hhd         , Hhd         , Hhd         , Hhd         , Hhd         , Hhd         , Dd          , Dd          , Rd          , Dd          , Dd          , Hhd         , Hhd         , Hhd         , Dd          , Dd^Edp      , Hhd         , Hhd         , Hhd         , Hhd         
Hhd         , Hhd         , Hhd         , Hhd         , Hhd         , Hhd         , Hhd         , Dd          , Dd          , Dd          , Rd          , Dd          , Dd          , Dd          , Dd          , Dd          , Dd          , Dd          , Dd          , Hhd         , Hhd         , Hhd         
Hhd         , Hhd         , 2 Hhd       , Hhd         , Hhd         , Hhd         , Dd          , Dd          , Dd          , Cd          , Rd          , Dd          , Dd          , Dd          , Dd          , Dd          , Dd          , Dd          , Dd          , Hhd         , 1 Hhd       , Hhd         
Hhd         , Hhd         , 4 Dd        , Hhd         , Dd          , Dd          , Dd          , Dd          , Dd          , Dd          , Dd          , Dd          , Dd          , Dd          , Dd          , Dd          , Dd          , Dd          , Dd^Edp      , Hhd         , 3 Hhd       , Hhd         
Hhd         , Hhd         , 6 Hhd       , Dd^Edp      , Dd          , Dd          , Wwt         , Gd          , Gs^Ft       , Dd          , Dd          , Rd          , Rd          , Gd          , Rd          , Dd          , Gs^Ft       , Dd          , Wwt         , Dd          , 5 Dd        , Dd          
Dd          , Hhd         , 8 Hhd       , Hhd         , Hhd         , Dd          , Rd          , Wwt         , Rd          , Rd          , Rd          , Cd          , Rd          , Dd^Vda      , Rd          , Rd          , Rd          , Wwt         , Wwt         , Dd          , 7 Dd        , Dd          
Dd          , Dd          , Dd          , Hhd         , Dd          , Rd          , Rd          , Rd          , Dd^Vda      , Rd          , Rd          , Rd          , Rd          , Rd          , Rd          , Dd^Vda      , Rd          , Rd          , Dd          , Sm          , Sm          , Dd          
Dd          , Dd          , Dd          , Dd          , Wwt         , Dd^Vda      , Rd          , Rd          , Rd          , Rd          , Rd          , Rd          , Rd          , Dd^Vda      , Rd          , Rd          , Rd          , Rd          , Dd^Edp      , Sm          , Sm          , Sm          
Dd          , Dd          , Dd          , Dd          , Gs^Ft       , Rd          , Rd          , Rd          , Rd          , Rd          , Rd          , Cd          , Rd          , Rd          , Rd          , Hhd         , Dd          , Dd          , Dd          , Dd          , Dd          , Dd          
Dd          , Dd          , Dd          , Dd          , Dd          , Rd          , Rd          , Dd^Vda      , Rd          , Rd          , Rd          , Wwt         , Rd          , Rd          , Rd          , Dd^Edp      , Dd          , Dd          , Dd          , Dd          , Dd          , Dd          
Dd          , Dd          , Dd          , Dd          , Dd          , Dd          , Md          , Dd          , Dd          , Wwt         , Rd          , Wwt         , Dd          , Rd          , Dd          , Dd          , Dd          , Dd          , Dd          , Dd          , Dd          , Dd          
Dd          , Dd          , Dd          , Dd          , Dd          , Dd          , Dd          , Dd          , Gs^Ft       , Wwt         , Rd          , Dd          , Dd          , Md          , Dd          , Dd          , Dd          , Dd          , Dd          , Dd          , Dd          , Dd          
Dd          , Dd          , Dd          , Dd          , Dd          , Dd          , Dd          , Dd          , Dd          , Wwt         , Dd          , Rd          , Rd          , Dd          , Dd          , Dd          , Dd          , Dd          , Dd          , Dd          , Dd          , Dd          
Dd          , Dd          , Dd          , Dd          , Dd          , Dd          , Dd          , Dd          , Gs^Ft       , Wwt         , Dd^Dr       , Dd          , Dd          , Rd          , Rd          , Dd          , Dd          , Dd          , Dd          , Dd          , Dd^Do       , Dd          
Dd          , Dd          , Dd          , Dd          , Dd^Edp      , Dd          , Dd^Dc       , Dd          , Wwt         , Wwt         , Dd          , Dd          , Dd          , Dd          , Rd          , Dd          , Dd          , Dd          , Dd          , Dd          , Dd          , Dd          
Dd          , Dd          , Dd          , Dd          , Dd          , Dd          , Dd          , Dd          , Wwt         , Gs^Ft       , Dd          , Dd          , Qxe         , Qxe         , Rd          , Qxe         , Qxe         , Dd^Edp      , Dd          , Dd          , Dd          , Dd          
Dd          , Dd          , Dd          , Dd          , Dd          , Dd          , Dd          , Gs^Ft       , Wwt         , Dd          , Dd          , Dd          , Dd          , Dd          , Rd          , Dd          , Qxe         , Qxe         , Dd          , Dd          , Dd          , Dd          
Dd          , Dd          , Dd          , Dd          , Dd          , Dd          , Dd          , Dd          , Wwt         , Dd          , Gs^Ft       , Dd          , Dd          , Dd^Dr       , Rd          , Dd          , Dd          , Qxe         , Dd          , Dd          , Dd          , Dd          
Dd          , Dd          , Dd          , Dd          , Dd          , Dd          , Dd          , Dd^Dc       , Gs^Ft       , Wwt         , Dd          , Dd          , Dd          , Dd          , Rd          , Dd          , Dd          , Qxe         , Dd          , Dd          , Dd          , Dd          
Dd          , Dd          , Dd          , Dd          , Dd          , Dd          , Dd          , Dd          , Dd          , Wwt         , Dd          , Dd          , Dd          , Dd          , Rd          , Dd          , Dd          , Qxe         , Dd          , Dd          , Dd          , Dd          
